******************************************************************************
        TMS320C2000 COFF Linker PC v4.1.3                      
******************************************************************************
>> Linked Wed Nov 02 22:26:42 2016

OUTPUT FILE NAME:   <./Release/AD.out>
ENTRY POINT SYMBOL: "_c_int00"  address: 003e9654


MEMORY CONFIGURATION

                  name            origin    length      used    attr    fill
         ----------------------  --------  ---------  --------  ----  --------
PAGE  0: OTP                     003d7800   00000800  00000000  RWIX
         FLASHJ                  003d8000   00002000  00000000  RWIX
         FLASHI                  003da000   00002000  00000000  RWIX
         FLASHH                  003dc000   00004000  00000000  RWIX
         FLASHG                  003e0000   00004000  00000000  RWIX
         FLASHF                  003e4000   00004000  00000000  RWIX
         BEGIN                   003e8000   00000002  00000002  RWIX
         FLASHE                  003e8002   00003ffe  00003c1a  RWIX
         FLASHD                  003ec000   00004000  00000000  RWIX
         FLASHC                  003f0000   00004000  00000000  RWIX
         FLASHB                  003f4000   00002000  00000000  RWIX
         FLASHA                  003f6000   00001ff6  00000000  RWIX
         PASSWDS                 003f7ff8   00000008  00000000  RWIX
         ROM                     003ff000   00000fc0  00000000  RWIX
         VECTORS                 003fffc2   0000003e  00000000  RWIX

PAGE  1: RAMM0M1                 00000000   00000800  00000502  RWIX
         DEV_EMU                 00000880   00000180  000000d6  RWIX
         FLASH_REGS              00000a80   00000060  00000008  RWIX
         CSM                     00000ae0   00000010  00000010  RWIX
         XINTF                   00000b20   00000020  00000020  RWIX
         CPU_TIMER0              00000c00   00000008  00000008  RWIX
         CPU_TIMER1              00000c08   00000008  00000008  RWIX
         CPU_TIMER2              00000c10   00000008  00000008  RWIX
         PIE_CTRL                00000ce0   00000020  0000001a  RWIX
         PIE_VECT                00000d00   00000100  00000100  RWIX
         ECAN_A                  00006000   00000100  00000034  RWIX
         ECAN_AMBOX              00006100   00000100  00000100  RWIX
         SYSTEM                  00007010   00000020  00000020  RWIX
         SPI_A                   00007040   00000010  00000010  RWIX
         SCI_A                   00007050   00000010  00000010  RWIX
         XINTRUPT                00007070   00000010  00000010  RWIX
         GPIOMUX                 000070c0   00000020  00000020  RWIX
         GPIODAT                 000070e0   00000020  00000020  RWIX
         ADC                     00007100   00000020  0000001a  RWIX
         EV_A                    00007400   00000040  00000032  RWIX
         EV_B                    00007500   00000040  00000032  RWIX
         SPI_B                   00007740   00000010  00000000  RWIX
         SCI_B                   00007750   00000010  00000010  RWIX
         MCBSP_A                 00007800   00000040  00000025  RWIX
         RAMH0                   00008000   00002000  000015e1  RWIX
         CSM_PWL                 003f7ff8   00000008  00000008  RWIX
         RAML0L1                 003f8000   00002000  00001abd  RWIX


SECTION ALLOCATION MAP

 output                                  attributes/
section   page    origin      length       input sections
--------  ----  ----------  ----------   ----------------
.reset     0    003e8000    00000002     
                  003e8000    00000002     rts2800n.lib : boot.obj (.reset)

.text      0    003e8002    0000190d     
                  003e8002    00000035     fir16.obj (.text)
                  003e8037    00000d36     main.obj (.text)
                  003e8d6d    000004b5     DSP28_DefaultIsr.obj (.text)
                  003e9222    00000108     fft.lib : cfft32c.obj (.text)
                  003e932a    000000f1     rts2800n.lib : atan2.obj (.text)
                  003e941b    0000008c                  : fs_add.obj (.text)
                  003e94a7    00000083                  : fs_div.obj (.text)
                  003e952a    0000006c     DSP28_Gpio.obj (.text)
                  003e9596    00000064     fft.lib : rfft32s.obj (.text)
                  003e95fa    0000005a     rts2800n.lib : fs_mpy.obj (.text)
                  003e9654    0000004b                  : boot.obj (.text)
                  003e969f    00000040                  : memcpy.obj (.text)
                  003e96df    0000003e                  : exit.obj (.text)
                  003e971d    00000035     DSP28_SysCtrl.obj (.text)
                  003e9752    00000034     DSP28_Sci.obj (.text)
                  003e9786    0000002a     rts2800n.lib : l_div.obj (.text)
                  003e97b0    00000024     fft.lib : rfft32w.obj (.text)
                  003e97d4    00000024     rts2800n.lib : fs_toi.obj (.text)
                  003e97f8    00000022     fft.lib : rfft32br.obj (.text)
                  003e981a    00000022     DSP28_PieCtrl.obj (.text)
                  003e983c    00000022     fft.lib : rfft32m.obj (.text)
                  003e985e    00000020     DSP28_PieVect.obj (.text)
                  003e987e    0000001d     DSP28_Ev.obj (.text)
                  003e989b    0000001a     rts2800n.lib : i_tofs.obj (.text)
                  003e98b5    0000001a                  : l_tofs.obj (.text)
                  003e98cf    00000017                  : fs_cmp.obj (.text)
                  003e98e6    00000010                  : u_tofs.obj (.text)
                  003e98f6    00000009                  : fs_sub.obj (.text)
                  003e98ff    00000007                  : _lock.obj (.text)
                  003e9906    00000005                  : fs_neg.obj (.text)
                  003e990b    00000004     fft.lib : cfft32i.obj (.text)

AbsTimeFuncs 
*          0    003e990f    0000157c     RUN ADDR = 003f8000
                  003e990f    0000157c     main.obj (AbsTimeFuncs)

FFTtf      0    003eae8c    00000600     
                  003eae8c    00000600     fft.lib : cfft32i.obj (FFTtf)

Flash28_API 
*          0    003eb48c    00000522     RUN ADDR = 003f957c
                  003eb48c    00000032     Flash2811_API_V210.lib : Flash28_Erase.obj (.econst)
                  003eb4be    00000091                            : Flash28_Erase.obj (.text)
                  003eb54f    00000060                            : Flash28_EraseSector.obj (.text)
                  003eb5af    00000047                            : Flash28_Init.obj (.text)
                  003eb5f6    0000008d                            : Flash28_Internals.obj (.text)
                  003eb683    000000a4                            : Flash28_Prog.obj (.text)
                  003eb727    0000007f                            : Flash28_Prog_Pulse.obj (.text)
                  003eb7a6    00000005                            : Flash28_Version.obj (.text)
                  003eb7ab    0000003b                            : Flash28_ClearSector.obj (.text)
                  003eb7e6    00000059                            : Flash28_CompactSector.obj (.text)
                  003eb83f    0000000d                            : Flash28_Delay.obj (.text)
                  003eb84c    00000007                            : Flash28_DisInt.obj (.text)
                  003eb853    0000009a                            : Flash28_Erase_Pulse.obj (.text)
                  003eb8ed    00000044                            : Flash28_ClearLoop.obj (.text)
                  003eb931    0000007d                            : Flash28_Compact_Pulse.obj (.text)

.econst    0    003eb9ae    00000200     
                  003eb9ae    00000100     main.obj (.econst)
                  003ebaae    00000100     DSP28_PieVect.obj (.econst)

.cinit     0    003ebbae    00000048     
                  003ebbae    0000000c     DSP28_DefaultIsr.obj (.cinit)
                  003ebbba    0000001b     main.obj (.cinit)
                  003ebbd5    0000000a     Flash2811_API_V210.lib : Flash28_Globals.obj (.cinit)
                  003ebbdf    00000003     rts2800n.lib : errno.obj (.cinit)
                  003ebbe2    0000000b                  : exit.obj (.cinit)
                  003ebbed    00000008                  : _lock.obj (.cinit)
                  003ebbf5    00000001     --HOLE-- [fill = 0]

secureRamFuncs 
*          0    003ebbf6    0000001f     RUN ADDR = 003f9a9e
                  003ebbf6    0000001f     main.obj (secureRamFuncs)

.const     0    003ebc16    00000008     
                  003ebc16    00000008     rts2800n.lib : atan2.obj (.const)

.vectors   0    003fffc2    00000000     UNINITIALIZED

.sysstack 
*          1    00000000    00000000     UNINITIALIZED

.data      1    00000000    00000000     UNINITIALIZED

.stack     1    00000000    00000400     UNINITIALIZED

FFTmag     1    00000400    00000102     UNINITIALIZED
                  00000400    00000102     main.obj (FFTmag)

DevEmuRegsFile 
*          1    00000880    000000d6     UNINITIALIZED
                  00000880    000000d6     DSP28_GlobalVariableDefs.obj (DevEmuRegsFile)

FlashRegsFile 
*          1    00000a80    00000008     UNINITIALIZED
                  00000a80    00000008     DSP28_GlobalVariableDefs.obj (FlashRegsFile)

CsmRegsFile 
*          1    00000ae0    00000010     UNINITIALIZED
                  00000ae0    00000010     DSP28_GlobalVariableDefs.obj (CsmRegsFile)

XintfRegsFile 
*          1    00000b20    00000020     UNINITIALIZED
                  00000b20    00000020     DSP28_GlobalVariableDefs.obj (XintfRegsFile)

CpuTimer0RegsFile 
*          1    00000c00    00000008     UNINITIALIZED
                  00000c00    00000008     DSP28_GlobalVariableDefs.obj (CpuTimer0RegsFile)

CpuTimer1RegsFile 
*          1    00000c08    00000008     UNINITIALIZED
                  00000c08    00000008     DSP28_GlobalVariableDefs.obj (CpuTimer1RegsFile)

CpuTimer2RegsFile 
*          1    00000c10    00000008     UNINITIALIZED
                  00000c10    00000008     DSP28_GlobalVariableDefs.obj (CpuTimer2RegsFile)

PieCtrlRegsFile 
*          1    00000ce0    0000001a     UNINITIALIZED
                  00000ce0    0000001a     DSP28_GlobalVariableDefs.obj (PieCtrlRegsFile)

PieVectTable 
*          1    00000d00    00000100     UNINITIALIZED
                  00000d00    00000100     DSP28_GlobalVariableDefs.obj (PieVectTable)

ECanaRegsFile 
*          1    00006000    00000034     UNINITIALIZED
                  00006000    00000034     DSP28_GlobalVariableDefs.obj (ECanaRegsFile)

ECanaMboxesFile 
*          1    00006100    00000100     UNINITIALIZED
                  00006100    00000100     DSP28_GlobalVariableDefs.obj (ECanaMboxesFile)

SysCtrlRegsFile 
*          1    00007010    00000020     UNINITIALIZED
                  00007010    00000020     DSP28_GlobalVariableDefs.obj (SysCtrlRegsFile)

SpiaRegsFile 
*          1    00007040    00000010     UNINITIALIZED
                  00007040    00000010     DSP28_GlobalVariableDefs.obj (SpiaRegsFile)

SciaRegsFile 
*          1    00007050    00000010     UNINITIALIZED
                  00007050    00000010     DSP28_GlobalVariableDefs.obj (SciaRegsFile)

XIntruptRegsFile 
*          1    00007070    00000010     UNINITIALIZED
                  00007070    00000010     DSP28_GlobalVariableDefs.obj (XIntruptRegsFile)

GpioMuxRegsFile 
*          1    000070c0    00000020     UNINITIALIZED
                  000070c0    00000020     DSP28_GlobalVariableDefs.obj (GpioMuxRegsFile)

GpioDataRegsFile 
*          1    000070e0    00000020     UNINITIALIZED
                  000070e0    00000020     DSP28_GlobalVariableDefs.obj (GpioDataRegsFile)

AdcRegsFile 
*          1    00007100    0000001a     UNINITIALIZED
                  00007100    0000001a     DSP28_GlobalVariableDefs.obj (AdcRegsFile)

EvaRegsFile 
*          1    00007400    00000032     UNINITIALIZED
                  00007400    00000032     DSP28_GlobalVariableDefs.obj (EvaRegsFile)

EvbRegsFile 
*          1    00007500    00000032     UNINITIALIZED
                  00007500    00000032     DSP28_GlobalVariableDefs.obj (EvbRegsFile)

ScibRegsFile 
*          1    00007750    00000010     UNINITIALIZED
                  00007750    00000010     DSP28_GlobalVariableDefs.obj (ScibRegsFile)

McbspaRegsFile 
*          1    00007800    00000025     UNINITIALIZED
                  00007800    00000025     DSP28_GlobalVariableDefs.obj (McbspaRegsFile)

.esysmem   1    00008000    00000000     UNINITIALIZED

.sysmem    1    00008000    00000000     UNINITIALIZED

.ebss      1    00008000    00001358     UNINITIALIZED
                  00008000    00001348     main.obj (.ebss)
                  00009348    0000000c     DSP28_DefaultIsr.obj (.ebss)
                  00009354    00000004     Flash2811_API_V210.lib : Flash28_Globals.obj (.ebss)

FFTipcb    1    00009400    00000204     UNINITIALIZED
                  00009400    00000204     main.obj (FFTipcb)

.bss       1    00009640    00000085     UNINITIALIZED
                  00009640    00000080     rts2800n.lib : exit.obj (.bss)
                  000096c0    00000004                  : _lock.obj (.bss)
                  000096c4    00000001                  : errno.obj (.bss)

CsmPwlFile 
*          1    003f7ff8    00000008     UNINITIALIZED
                  003f7ff8    00000008     DSP28_GlobalVariableDefs.obj (CsmPwlFile)


GLOBAL SYMBOLS: SORTED ALPHABETICALLY BY Name 

address    name
--------   ----
00009640   .bss
00000000   .data
003e8002   .text
003e96fe   C$$EXIT
003e941b   FS$$ADD
003e98cf   FS$$CMP
003e94a7   FS$$DIV
003e95fa   FS$$MPY
003e9906   FS$$NEG
003e98f6   FS$$SUB
003e97d4   FS$$TOI
003e989b   I$$TOFS
003e9786   L$$DIV
003e9795   L$$MOD
003e98b5   L$$TOFS
003e98e6   U$$TOFS
003e97a3   UL$$DIV
003e97aa   UL$$MOD
00008050   _ADBuffer
00008c40   _ADC
003e8dd6   _ADCINT_ISR
003e8859   _ADS1222_INIT
003e88a3   _ADS1222_sample
00008052   _ADSData
000080aa   _AT
00008780   _AbsT
003f8000   _AbsTime
003eae8b   _AbsTimeFuncs_loadend
003e990f   _AbsTimeFuncs_loadstart
003f8000   _AbsTimeFuncs_runstart
00007100   _AdcRegs
0000803c   _ApiVersion
003e8e21   _CAPINT1_ISR
003e8e26   _CAPINT2_ISR
003e8e2b   _CAPINT3_ISR
003e8e6c   _CAPINT4_ISR
003e8e71   _CAPINT5_ISR
003e8e76   _CAPINT6_ISR
003e9222   _CFFT32_calc
003e990b   _CFFT32_init
003e8dea   _CMP1INT_ISR
003e8def   _CMP2INT_ISR
003e8df4   _CMP3INT_ISR
003e8e35   _CMP4INT_ISR
003e8e3a   _CMP5INT_ISR
003e8e3f   _CMP6INT_ISR
00008012   _CalBegin
00008027   _CalFlag
003e86fc   _CalP
003e8c07   _CalThr
00009349   _Col
00009348   _Col2
0000934d   _ColBegin
0000934a   _Colt
00000c00   _CpuTimer0Regs
00000c08   _CpuTimer1Regs
00000c10   _CpuTimer2Regs
003f7ff8   _CsmPwl
00000ae0   _CsmRegs
003e8d86   _DATALOG_ISR
00008440   _DT
0000808c   _DTC
00008036   _DT_Max
0000803a   _DT_Min
003e84b5   _DataCheck
0000800c   _DataReqCount
0000800b   _DataReqFlag
003e8825   _DelaymS
0000805a   _Delv
00008010   _Delv1
00008015   _Delv2
0000801b   _Delv3
00008013   _Delv4
00000880   _DevEmuRegs
003e920e   _ECAN0INTA_ISR
003e9213   _ECAN1INTA_ISR
00006100   _ECanaMboxes
00006000   _ECanaRegs
003e8d90   _EMUINT_ISR
00008090   _EraseStatus
00007400   _EvaRegs
00007500   _EvbRegs
00008006   _F
003e8016   _FIR16_calc
003e8002   _FIR16_init
00008019   _Firstplace
003f989b   _Fl2811_ClearSector
003f98d6   _Fl2811_CompactSector
003f963f   _Fl2811_EraseSector
003f969f   _Fl2811_Init
003f99dd   _Fl28x_ClearLoop
003f9751   _Fl28x_ClosePulse
003f9a5b   _Fl28x_CompactPulse
003f9a21   _Fl28x_CompactVerify
003f992f   _Fl28x_Delay
003f993c   _Fl28x_DisableInt
003f96dd   _Fl28x_DisableNMI
003f96f3   _Fl28x_EnterCmdMode
003f998b   _Fl28x_ErasePulse
003f9943   _Fl28x_EraseVerify
003f9721   _Fl28x_FlashRegSleep
003f96e6   _Fl28x_LeaveCmdMode
003f9768   _Fl28x_MaskAll
003f9740   _Fl28x_OpenPulse
003f9854   _Fl28x_ProgPulse
003f9817   _Fl28x_ProgVerify
003f9940   _Fl28x_RestoreInt
003f96d5   _Fl28x_WatchDogDisable
003f9896   _Flash2811_APIVersion
003f95ae   _Flash2811_Erase
003f9773   _Flash2811_Program
003eb9ae   _Flash28_API_LoadEnd
003eb48c   _Flash28_API_LoadStart
003f957c   _Flash28_API_RunStart
00000a80   _FlashRegs
00009356   _Flash_CPUScaleFactor
00009354   _Flash_CallbackPtr
0000804a   _Flash_Ptr
00008000   _FlowBegin
0000800e   _FlowReq
00008014   _Fpar
000070e0   _GpioDataRegs
000070c0   _GpioMuxRegs
00008009   _HaltFlag
003e8d95   _ILLEGAL_ISR
003e8d6d   _INT13_ISR
003e8d72   _INT14_ISR
003e8ad7   _ISRSciCom05
003e8b39   _ISRSciCom06
003e8b9b   _ISRSciCom0A
003e8bd1   _ISRSciCom0B
003e87f7   _InitAdc
003e987e   _InitEv
003f9a9e   _InitFlash
003e952a   _InitGpio
003e981a   _InitPieCtrl
003e985e   _InitPieVectTable
003e9752   _InitSci
003e971d   _InitSysCtrl
003e9748   _KickDog
000080b0   _LDT
0000804c   _Length
003e8e7b   _MRINTA_ISR
003e8e80   _MXINTA_ISR
0000802e   _Max
0000802c   _Max1
00008032   _Max2
00008018   _Maxcomper
000080a0   _Maxcount
0000806a   _Maxcount1
00008062   _Maxcount2
00008066   _Maxcount3
00008084   _Maxcount4
00008016   _Maxplace
000080a5   _Maxtemp
0000802a   _Maxx
00007800   _McbspaRegs
00008030   _Min
00008034   _Min1
00008028   _Min2
00008017   _Minplace
003e8d77   _NMI_ISR
003e8de5   _PDPINTA_ISR
003e8e30   _PDPINTB_ISR
003e9218   _PIE_RESERVED
00000ce0   _PieCtrl
00000d00   _PieVectTable
003ebaae   _PieVectTableInit
00008098   _ProgStatus
000080c8   _RD
00008094   _RDD
00008088   _RDDa
000080c0   _RDa
003e97f8   _RFFT32_brev
003e983c   _RFFT32_mag
003e9596   _RFFT32_split
003e97b0   _RFFT32_win
003e8d8b   _RTOSINT_ISR
00008002   _RanReqFlag
00008021   _ResetReqFlag
00008080   _SC
003e8e8f   _SCIRXINTA_ISR
003e8e99   _SCIRXINTB_ISR
003e8e94   _SCITXINTA_ISR
003e9209   _SCITXINTB_ISR
003e8e85   _SPIRXINTA_ISR
003e8e8a   _SPITXINTA_ISR
00008005   _SciCom
00007050   _SciaRegs
00007750   _ScibRegs
003e9777   _ScibRx_Ready
003e9768   _ScibTx_Ready
00007040   _SpiaRegs
00008001   _Status
00008008   _StopFlag
00007010   _SysCtrlRegs
003e8dfe   _T1CINT_ISR
003e8e08   _T1OFINT_ISR
003e8df9   _T1PINT_ISR
003e8e03   _T1UFINT_ISR
003e8e12   _T2CINT_ISR
003e8e1c   _T2OFINT_ISR
003e8e0d   _T2PINT_ISR
003e8e17   _T2UFINT_ISR
003e8e49   _T3CINT_ISR
003e8e53   _T3OFINT_ISR
003e8e44   _T3PINT_ISR
003e8e4e   _T3UFINT_ISR
003e8e5d   _T4CINT_ISR
003e8e67   _T4OFINT_ISR
003e8e58   _T4PINT_ISR
003e8e62   _T4UFINT_ISR
003e8ddb   _TINT0_ISR
003e8841   _UARTPutByte
003e8d9a   _USER0_ISR
003e8dcc   _USER10_ISR
003e8dd1   _USER11_ISR
003e8d9f   _USER1_ISR
003e8da4   _USER2_ISR
003e8da9   _USER3_ISR
003e8dae   _USER4_ISR
003e8db3   _USER5_ISR
003e8db8   _USER6_ISR
003e8dbd   _USER7_ISR
003e8dc2   _USER8_ISR
003e8dc7   _USER9_ISR
00008022   _VerFlag
003e8de0   _WAKEINT_ISR
003e8d7c   _XINT1_ISR
003e8d81   _XINT2_ISR
00007070   _XIntruptRegs
00000b20   _XintfRegs
00000400   __STACK_SIZE
ffffffff   ___binit__
00009640   ___bss__
ffffffff   ___c_args__
003ebbae   ___cinit__
00000000   ___data__
00000000   ___edata__
000096c5   ___end__
003e990f   ___etext__
003e96a2   ___memcpy
003e96c0   ___memcpy_ff
003e96b6   ___memcpy_fn
003e96ac   ___memcpy_nf
ffffffff   ___pinit__
003e8002   ___text__
00009644   __cleanup_ptr
00009642   __dtors_ptr
000096c2   __lock
003e98ff   __nop
003e9900   __register_lock
003e9903   __register_unlock
000096c0   __unlock
003e971c   _abort
00008054   _add
00008046   _addpt
00008060   _angle
003e932a   _atan2
003e9700   _atexit
00008058   _avr1024
003e9654   _c_int00
00009350   _cl
0000934b   _cn
0000934c   _ct
0000809c   _dd
00008140   _df
000096c4   _errno
003e96df   _exit
00008100   _fft
00008011   _i
00009400   _ipcb
00008025   _j
0000801a   _k
0000805c   _ln
00008056   _lx
0000801c   _m
00000400   _mag
003e8037   _main
003e969f   _memcpy
00008004   _n
00008007   _pd
000080e4   _pdd
00008044   _pdo
0000804e   _pdv
00008026   _q1
00008024   _q2
00008023   _q3
003e921d   _rsvd_ISR
003ebc15   _secureRamFuncs_loadend
003ebbf6   _secureRamFuncs_loadstart
003f9a9e   _secureRamFuncs_runstart
0000800f   _start
0000801d   _start_sn
0000801e   _start_ss
0000801f   _start_xn
00008020   _start_xs
000081c0   _std
00008040   _t
00008038   _t1
00008042   _t2
0000805e   _t3
0000803e   _t4
0000800d   _td
000080d0   _tdd
00008048   _tdv
00008003   _tf
00009352   _tl
000080b6   _tp
0000807a   _tp1
00008076   _tp2
0000806e   _tp3
00008072   _tp4
0000934e   _tpbuf
0000800a   _wd
003eb9ae   _win
ffffffff   binit
003ebbae   cinit
00000000   edata
000096c5   end
003e990f   etext
ffffffff   pinit


GLOBAL SYMBOLS: SORTED BY Symbol Address 

address    name
--------   ----
00000000   ___data__
00000000   ___edata__
00000000   edata
00000000   .data
00000400   _mag
00000400   __STACK_SIZE
00000880   _DevEmuRegs
00000a80   _FlashRegs
00000ae0   _CsmRegs
00000b20   _XintfRegs
00000c00   _CpuTimer0Regs
00000c08   _CpuTimer1Regs
00000c10   _CpuTimer2Regs
00000ce0   _PieCtrl
00000d00   _PieVectTable
00006000   _ECanaRegs
00006100   _ECanaMboxes
00007010   _SysCtrlRegs
00007040   _SpiaRegs
00007050   _SciaRegs
00007070   _XIntruptRegs
000070c0   _GpioMuxRegs
000070e0   _GpioDataRegs
00007100   _AdcRegs
00007400   _EvaRegs
00007500   _EvbRegs
00007750   _ScibRegs
00007800   _McbspaRegs
00008000   _FlowBegin
00008001   _Status
00008002   _RanReqFlag
00008003   _tf
00008004   _n
00008005   _SciCom
00008006   _F
00008007   _pd
00008008   _StopFlag
00008009   _HaltFlag
0000800a   _wd
0000800b   _DataReqFlag
0000800c   _DataReqCount
0000800d   _td
0000800e   _FlowReq
0000800f   _start
00008010   _Delv1
00008011   _i
00008012   _CalBegin
00008013   _Delv4
00008014   _Fpar
00008015   _Delv2
00008016   _Maxplace
00008017   _Minplace
00008018   _Maxcomper
00008019   _Firstplace
0000801a   _k
0000801b   _Delv3
0000801c   _m
0000801d   _start_sn
0000801e   _start_ss
0000801f   _start_xn
00008020   _start_xs
00008021   _ResetReqFlag
00008022   _VerFlag
00008023   _q3
00008024   _q2
00008025   _j
00008026   _q1
00008027   _CalFlag
00008028   _Min2
0000802a   _Maxx
0000802c   _Max1
0000802e   _Max
00008030   _Min
00008032   _Max2
00008034   _Min1
00008036   _DT_Max
00008038   _t1
0000803a   _DT_Min
0000803c   _ApiVersion
0000803e   _t4
00008040   _t
00008042   _t2
00008044   _pdo
00008046   _addpt
00008048   _tdv
0000804a   _Flash_Ptr
0000804c   _Length
0000804e   _pdv
00008050   _ADBuffer
00008052   _ADSData
00008054   _add
00008056   _lx
00008058   _avr1024
0000805a   _Delv
0000805c   _ln
0000805e   _t3
00008060   _angle
00008062   _Maxcount2
00008066   _Maxcount3
0000806a   _Maxcount1
0000806e   _tp3
00008072   _tp4
00008076   _tp2
0000807a   _tp1
00008080   _SC
00008084   _Maxcount4
00008088   _RDDa
0000808c   _DTC
00008090   _EraseStatus
00008094   _RDD
00008098   _ProgStatus
0000809c   _dd
000080a0   _Maxcount
000080a5   _Maxtemp
000080aa   _AT
000080b0   _LDT
000080b6   _tp
000080c0   _RDa
000080c8   _RD
000080d0   _tdd
000080e4   _pdd
00008100   _fft
00008140   _df
000081c0   _std
00008440   _DT
00008780   _AbsT
00008c40   _ADC
00009348   _Col2
00009349   _Col
0000934a   _Colt
0000934b   _cn
0000934c   _ct
0000934d   _ColBegin
0000934e   _tpbuf
00009350   _cl
00009352   _tl
00009354   _Flash_CallbackPtr
00009356   _Flash_CPUScaleFactor
00009400   _ipcb
00009640   .bss
00009640   ___bss__
00009642   __dtors_ptr
00009644   __cleanup_ptr
000096c0   __unlock
000096c2   __lock
000096c4   _errno
000096c5   ___end__
000096c5   end
003e8002   .text
003e8002   ___text__
003e8002   _FIR16_init
003e8016   _FIR16_calc
003e8037   _main
003e84b5   _DataCheck
003e86fc   _CalP
003e87f7   _InitAdc
003e8825   _DelaymS
003e8841   _UARTPutByte
003e8859   _ADS1222_INIT
003e88a3   _ADS1222_sample
003e8ad7   _ISRSciCom05
003e8b39   _ISRSciCom06
003e8b9b   _ISRSciCom0A
003e8bd1   _ISRSciCom0B
003e8c07   _CalThr
003e8d6d   _INT13_ISR
003e8d72   _INT14_ISR
003e8d77   _NMI_ISR
003e8d7c   _XINT1_ISR
003e8d81   _XINT2_ISR
003e8d86   _DATALOG_ISR
003e8d8b   _RTOSINT_ISR
003e8d90   _EMUINT_ISR
003e8d95   _ILLEGAL_ISR
003e8d9a   _USER0_ISR
003e8d9f   _USER1_ISR
003e8da4   _USER2_ISR
003e8da9   _USER3_ISR
003e8dae   _USER4_ISR
003e8db3   _USER5_ISR
003e8db8   _USER6_ISR
003e8dbd   _USER7_ISR
003e8dc2   _USER8_ISR
003e8dc7   _USER9_ISR
003e8dcc   _USER10_ISR
003e8dd1   _USER11_ISR
003e8dd6   _ADCINT_ISR
003e8ddb   _TINT0_ISR
003e8de0   _WAKEINT_ISR
003e8de5   _PDPINTA_ISR
003e8dea   _CMP1INT_ISR
003e8def   _CMP2INT_ISR
003e8df4   _CMP3INT_ISR
003e8df9   _T1PINT_ISR
003e8dfe   _T1CINT_ISR
003e8e03   _T1UFINT_ISR
003e8e08   _T1OFINT_ISR
003e8e0d   _T2PINT_ISR
003e8e12   _T2CINT_ISR
003e8e17   _T2UFINT_ISR
003e8e1c   _T2OFINT_ISR
003e8e21   _CAPINT1_ISR
003e8e26   _CAPINT2_ISR
003e8e2b   _CAPINT3_ISR
003e8e30   _PDPINTB_ISR
003e8e35   _CMP4INT_ISR
003e8e3a   _CMP5INT_ISR
003e8e3f   _CMP6INT_ISR
003e8e44   _T3PINT_ISR
003e8e49   _T3CINT_ISR
003e8e4e   _T3UFINT_ISR
003e8e53   _T3OFINT_ISR
003e8e58   _T4PINT_ISR
003e8e5d   _T4CINT_ISR
003e8e62   _T4UFINT_ISR
003e8e67   _T4OFINT_ISR
003e8e6c   _CAPINT4_ISR
003e8e71   _CAPINT5_ISR
003e8e76   _CAPINT6_ISR
003e8e7b   _MRINTA_ISR
003e8e80   _MXINTA_ISR
003e8e85   _SPIRXINTA_ISR
003e8e8a   _SPITXINTA_ISR
003e8e8f   _SCIRXINTA_ISR
003e8e94   _SCITXINTA_ISR
003e8e99   _SCIRXINTB_ISR
003e9209   _SCITXINTB_ISR
003e920e   _ECAN0INTA_ISR
003e9213   _ECAN1INTA_ISR
003e9218   _PIE_RESERVED
003e921d   _rsvd_ISR
003e9222   _CFFT32_calc
003e932a   _atan2
003e941b   FS$$ADD
003e94a7   FS$$DIV
003e952a   _InitGpio
003e9596   _RFFT32_split
003e95fa   FS$$MPY
003e9654   _c_int00
003e969f   _memcpy
003e96a2   ___memcpy
003e96ac   ___memcpy_nf
003e96b6   ___memcpy_fn
003e96c0   ___memcpy_ff
003e96df   _exit
003e96fe   C$$EXIT
003e9700   _atexit
003e971c   _abort
003e971d   _InitSysCtrl
003e9748   _KickDog
003e9752   _InitSci
003e9768   _ScibTx_Ready
003e9777   _ScibRx_Ready
003e9786   L$$DIV
003e9795   L$$MOD
003e97a3   UL$$DIV
003e97aa   UL$$MOD
003e97b0   _RFFT32_win
003e97d4   FS$$TOI
003e97f8   _RFFT32_brev
003e981a   _InitPieCtrl
003e983c   _RFFT32_mag
003e985e   _InitPieVectTable
003e987e   _InitEv
003e989b   I$$TOFS
003e98b5   L$$TOFS
003e98cf   FS$$CMP
003e98e6   U$$TOFS
003e98f6   FS$$SUB
003e98ff   __nop
003e9900   __register_lock
003e9903   __register_unlock
003e9906   FS$$NEG
003e990b   _CFFT32_init
003e990f   etext
003e990f   ___etext__
003e990f   _AbsTimeFuncs_loadstart
003eae8b   _AbsTimeFuncs_loadend
003eb48c   _Flash28_API_LoadStart
003eb9ae   _Flash28_API_LoadEnd
003eb9ae   _win
003ebaae   _PieVectTableInit
003ebbae   ___cinit__
003ebbae   cinit
003ebbf6   _secureRamFuncs_loadstart
003ebc15   _secureRamFuncs_loadend
003f7ff8   _CsmPwl
003f8000   _AbsTimeFuncs_runstart
003f8000   _AbsTime
003f957c   _Flash28_API_RunStart
003f95ae   _Flash2811_Erase
003f963f   _Fl2811_EraseSector
003f969f   _Fl2811_Init
003f96d5   _Fl28x_WatchDogDisable
003f96dd   _Fl28x_DisableNMI
003f96e6   _Fl28x_LeaveCmdMode
003f96f3   _Fl28x_EnterCmdMode
003f9721   _Fl28x_FlashRegSleep
003f9740   _Fl28x_OpenPulse
003f9751   _Fl28x_ClosePulse
003f9768   _Fl28x_MaskAll
003f9773   _Flash2811_Program
003f9817   _Fl28x_ProgVerify
003f9854   _Fl28x_ProgPulse
003f9896   _Flash2811_APIVersion
003f989b   _Fl2811_ClearSector
003f98d6   _Fl2811_CompactSector
003f992f   _Fl28x_Delay
003f993c   _Fl28x_DisableInt
003f9940   _Fl28x_RestoreInt
003f9943   _Fl28x_EraseVerify
003f998b   _Fl28x_ErasePulse
003f99dd   _Fl28x_ClearLoop
003f9a21   _Fl28x_CompactVerify
003f9a5b   _Fl28x_CompactPulse
003f9a9e   _secureRamFuncs_runstart
003f9a9e   _InitFlash
ffffffff   ___binit__
ffffffff   pinit
ffffffff   ___pinit__
ffffffff   binit
ffffffff   ___c_args__

[322 symbols]
