******************************************************************************
             TMS320C2000 Linker PC v6.2.7                      
******************************************************************************
>> Linked Thu Aug 17 16:02:16 2017

OUTPUT FILE NAME:   <AD.out>
ENTRY POINT SYMBOL: "_c_int00"  address: 003ea75c


MEMORY CONFIGURATION

         name            origin    length      used     unused   attr    fill
----------------------  --------  ---------  --------  --------  ----  --------
PAGE 0:
  OTP                   003d7800   00000800  00000000  00000800  RWIX
  FLASHJ                003d8000   00002000  00000000  00002000  RWIX
  FLASHI                003da000   00002000  00000000  00002000  RWIX
  FLASHH                003dc000   00004000  00000000  00004000  RWIX
  FLASHG                003e0000   00004000  00000000  00004000  RWIX
  FLASHF                003e4000   00004000  00000000  00004000  RWIX
  BEGIN                 003e8000   00000002  00000002  00000000  RWIX
  FLASHE                003e8002   00003ffe  00003233  00000dcb  RWIX
  FLASHD                003ec000   00004000  00000000  00004000  RWIX
  FLASHC                003f0000   00004000  00000000  00004000  RWIX
  FLASHB                003f4000   00002000  00000000  00002000  RWIX
  FLASHA                003f6000   00001ff6  00000000  00001ff6  RWIX
  PASSWDS               003f7ff8   00000008  00000000  00000008  RWIX
  ROM                   003ff000   00000fc0  00000000  00000fc0  RWIX
  VECTORS               003fffc2   0000003e  00000000  0000003e  RWIX

PAGE 1:
  RAMM0M1               00000000   00000800  00000502  000002fe  RWIX
  DEV_EMU               00000880   00000180  000000d6  000000aa  RWIX
  FLASH_REGS            00000a80   00000060  00000008  00000058  RWIX
  CSM                   00000ae0   00000010  00000010  00000000  RWIX
  XINTF                 00000b20   00000020  00000020  00000000  RWIX
  CPU_TIMER0            00000c00   00000008  00000008  00000000  RWIX
  CPU_TIMER1            00000c08   00000008  00000008  00000000  RWIX
  CPU_TIMER2            00000c10   00000008  00000008  00000000  RWIX
  PIE_CTRL              00000ce0   00000020  0000001a  00000006  RWIX
  PIE_VECT              00000d00   00000100  00000100  00000000  RWIX
  ECAN_A                00006000   00000100  00000034  000000cc  RWIX
  ECAN_AMBOX            00006100   00000100  00000100  00000000  RWIX
  SYSTEM                00007010   00000020  00000020  00000000  RWIX
  SPI_A                 00007040   00000010  00000010  00000000  RWIX
  SCI_A                 00007050   00000010  00000010  00000000  RWIX
  XINTRUPT              00007070   00000010  00000010  00000000  RWIX
  GPIOMUX               000070c0   00000020  00000020  00000000  RWIX
  GPIODAT               000070e0   00000020  00000020  00000000  RWIX
  ADC                   00007100   00000020  0000001a  00000006  RWIX
  EV_A                  00007400   00000040  00000032  0000000e  RWIX
  EV_B                  00007500   00000040  00000032  0000000e  RWIX
  SPI_B                 00007740   00000010  00000000  00000010  RWIX
  SCI_B                 00007750   00000010  00000010  00000000  RWIX
  MCBSP_A               00007800   00000040  00000025  0000001b  RWIX
  RAMH0                 00008000   00002000  000015dd  00000a23  RWIX
  CSM_PWL               003f7ff8   00000008  00000008  00000000  RWIX
  RAML0L1               003f8000   00002000  000019bc  00000644  RWIX


SECTION ALLOCATION MAP

 output                                  attributes/
section   page    origin      length       input sections
--------  ----  ----------  ----------   ----------------
.reset     0    003e8000    00000002     
                  003e8000    00000002     rts2800_ml.lib : boot.obj (.reset)

AbsTimeFuncs 
*          0    003e8002    00001477     RUN ADDR = 003f8000
                  003e8002    00001477     main.obj (AbsTimeFuncs)

Flash28_API 
*          0    003e947a    00000522     RUN ADDR = 003f9478
                  003e947a    00000032     Flash2811_API_V210.lib : Flash28_Erase.obj (.econst)
                  003e94ac    000000a4                            : Flash28_Prog.obj (.text)
                  003e9550    0000009a                            : Flash28_Erase_Pulse.obj (.text)
                  003e95ea    00000091                            : Flash28_Erase.obj (.text)
                  003e967b    0000008d                            : Flash28_Internals.obj (.text)
                  003e9708    0000007f                            : Flash28_Prog_Pulse.obj (.text)
                  003e9787    0000007d                            : Flash28_Compact_Pulse.obj (.text)
                  003e9804    00000060                            : Flash28_EraseSector.obj (.text)
                  003e9864    00000059                            : Flash28_CompactSector.obj (.text)
                  003e98bd    00000047                            : Flash28_Init.obj (.text)
                  003e9904    00000044                            : Flash28_ClearLoop.obj (.text)
                  003e9948    0000003b                            : Flash28_ClearSector.obj (.text)
                  003e9983    0000000d                            : Flash28_Delay.obj (.text)
                  003e9990    00000007                            : Flash28_DisInt.obj (.text)
                  003e9997    00000005                            : Flash28_Version.obj (.text)

.text      0    003e999c    00001030     
                  003e999c    00000831     main.obj (.text)
                  003ea1cd    00000162     DSP28_DefaultIsr.obj (.text:retain)
                  003ea32f    0000010a     rts2800_ml.lib : atan2.obj (.text)
                  003ea439    00000108     fft.lib : cfft32c.obj (.text)
                  003ea541    00000083     rts2800_ml.lib : fs_div.obj (.text)
                  003ea5c4    00000078                    : fs_add.obj (.text)
                  003ea63c    00000064     fft.lib : rfft32s.obj (.text)
                  003ea6a0    00000062     DSP28_Gpio.obj (.text)
                  003ea702    0000005a     rts2800_ml.lib : fs_mpy.obj (.text)
                  003ea75c    00000044                    : boot.obj (.text)
                  003ea7a0    0000002a                    : l_div.obj (.text)
                  003ea7ca    00000029     DSP28_SysCtrl.obj (.text)
                  003ea7f3    00000027     DSP28_Sci.obj (.text)
                  003ea81a    00000025     rts2800_ml.lib : fs_toi.obj (.text)
                  003ea83f    00000024     fft.lib : rfft32w.obj (.text)
                  003ea863    00000022     DSP28_PieCtrl.obj (.text)
                  003ea885    00000022     fft.lib : rfft32br.obj (.text)
                  003ea8a7    00000022             : rfft32m.obj (.text)
                  003ea8c9    00000021     rts2800_ml.lib : memcpy_ff.obj (.text)
                  003ea8ea    0000001e     DSP28_Ev.obj (.text)
                  003ea908    0000001a     rts2800_ml.lib : i_tofs.obj (.text)
                  003ea922    0000001a                    : l_tofs.obj (.text)
                  003ea93c    00000019                    : args_main.obj (.text)
                  003ea955    00000019                    : exit.obj (.text)
                  003ea96e    00000017                    : fs_cmp.obj (.text)
                  003ea985    00000014                    : frexp.obj (.text)
                  003ea999    00000011     DSP28_PieVect.obj (.text)
                  003ea9aa    00000010     rts2800_ml.lib : u_tofs.obj (.text)
                  003ea9ba    00000009                    : _lock.obj (.text)
                  003ea9c3    00000005                    : fs_neg.obj (.text)
                  003ea9c8    00000004     fft.lib : cfft32i.obj (.text)

FFTtf      0    003ea9cc    00000600     
                  003ea9cc    00000600     fft.lib : cfft32i.obj (FFTtf)

.econst    0    003eafcc    00000208     
                  003eafcc    00000100     DSP28_PieVect.obj (.econst)
                  003eb0cc    00000100     main.obj (.econst:_win)
                  003eb1cc    00000008     rts2800_ml.lib : atan2.obj (.econst:_a$1)

secureRamFuncs 
*          0    003eb1d4    00000023     RUN ADDR = 003f999a
                  003eb1d4    00000023     main.obj (secureRamFuncs)

.cinit     0    003eb1f7    0000003f     
                  003eb1f7    0000001b     main.obj (.cinit)
                  003eb212    0000000a     Flash2811_API_V210.lib : Flash28_Globals.obj (.cinit)
                  003eb21c    0000000a     rts2800_ml.lib : _lock.obj (.cinit)
                  003eb226    0000000a                    : exit.obj (.cinit)
                  003eb230    00000004                    : errno.obj (.cinit)
                  003eb234    00000002     --HOLE-- [fill = 0]

.stack     1    00000000    00000400     UNINITIALIZED
                  00000000    00000400     --HOLE--

FFTmag     1    00000400    00000102     UNINITIALIZED
                  00000400    00000102     main.obj (FFTmag)

DevEmuRegsFile 
*          1    00000880    000000d6     UNINITIALIZED
                  00000880    000000d6     DSP28_GlobalVariableDefs.obj (DevEmuRegsFile)

FlashRegsFile 
*          1    00000a80    00000008     UNINITIALIZED
                  00000a80    00000008     DSP28_GlobalVariableDefs.obj (FlashRegsFile)

CsmRegsFile 
*          1    00000ae0    00000010     UNINITIALIZED
                  00000ae0    00000010     DSP28_GlobalVariableDefs.obj (CsmRegsFile)

XintfRegsFile 
*          1    00000b20    00000020     UNINITIALIZED
                  00000b20    00000020     DSP28_GlobalVariableDefs.obj (XintfRegsFile)

CpuTimer0RegsFile 
*          1    00000c00    00000008     UNINITIALIZED
                  00000c00    00000008     DSP28_GlobalVariableDefs.obj (CpuTimer0RegsFile)

CpuTimer1RegsFile 
*          1    00000c08    00000008     UNINITIALIZED
                  00000c08    00000008     DSP28_GlobalVariableDefs.obj (CpuTimer1RegsFile)

CpuTimer2RegsFile 
*          1    00000c10    00000008     UNINITIALIZED
                  00000c10    00000008     DSP28_GlobalVariableDefs.obj (CpuTimer2RegsFile)

PieCtrlRegsFile 
*          1    00000ce0    0000001a     UNINITIALIZED
                  00000ce0    0000001a     DSP28_GlobalVariableDefs.obj (PieCtrlRegsFile)

PieVectTable 
*          1    00000d00    00000100     UNINITIALIZED
                  00000d00    00000100     DSP28_GlobalVariableDefs.obj (PieVectTable)

ECanaRegsFile 
*          1    00006000    00000034     UNINITIALIZED
                  00006000    00000034     DSP28_GlobalVariableDefs.obj (ECanaRegsFile)

ECanaMboxesFile 
*          1    00006100    00000100     UNINITIALIZED
                  00006100    00000100     DSP28_GlobalVariableDefs.obj (ECanaMboxesFile)

SysCtrlRegsFile 
*          1    00007010    00000020     UNINITIALIZED
                  00007010    00000020     DSP28_GlobalVariableDefs.obj (SysCtrlRegsFile)

SpiaRegsFile 
*          1    00007040    00000010     UNINITIALIZED
                  00007040    00000010     DSP28_GlobalVariableDefs.obj (SpiaRegsFile)

SciaRegsFile 
*          1    00007050    00000010     UNINITIALIZED
                  00007050    00000010     DSP28_GlobalVariableDefs.obj (SciaRegsFile)

XIntruptRegsFile 
*          1    00007070    00000010     UNINITIALIZED
                  00007070    00000010     DSP28_GlobalVariableDefs.obj (XIntruptRegsFile)

GpioMuxRegsFile 
*          1    000070c0    00000020     UNINITIALIZED
                  000070c0    00000020     DSP28_GlobalVariableDefs.obj (GpioMuxRegsFile)

GpioDataRegsFile 
*          1    000070e0    00000020     UNINITIALIZED
                  000070e0    00000020     DSP28_GlobalVariableDefs.obj (GpioDataRegsFile)

AdcRegsFile 
*          1    00007100    0000001a     UNINITIALIZED
                  00007100    0000001a     DSP28_GlobalVariableDefs.obj (AdcRegsFile)

EvaRegsFile 
*          1    00007400    00000032     UNINITIALIZED
                  00007400    00000032     DSP28_GlobalVariableDefs.obj (EvaRegsFile)

EvbRegsFile 
*          1    00007500    00000032     UNINITIALIZED
                  00007500    00000032     DSP28_GlobalVariableDefs.obj (EvbRegsFile)

ScibRegsFile 
*          1    00007750    00000010     UNINITIALIZED
                  00007750    00000010     DSP28_GlobalVariableDefs.obj (ScibRegsFile)

McbspaRegsFile 
*          1    00007800    00000025     UNINITIALIZED
                  00007800    00000025     DSP28_GlobalVariableDefs.obj (McbspaRegsFile)

.ebss      1    00008000    000013d9     UNINITIALIZED
                  00008000    000013c8     main.obj (.ebss)
                  000093c8    00000004     DSP28_DefaultIsr.obj (.ebss)
                  000093cc    00000004     Flash2811_API_V210.lib : Flash28_Globals.obj (.ebss)
                  000093d0    00000004     rts2800_ml.lib : _lock.obj (.ebss)
                  000093d4    00000004                    : exit.obj (.ebss)
                  000093d8    00000001                    : errno.obj (.ebss)

.bss       1    00008000    00000000     UNINITIALIZED

FFTipcb    1    00009400    00000204     UNINITIALIZED
                  00009400    00000204     main.obj (FFTipcb)

CsmPwlFile 
*          1    003f7ff8    00000008     UNINITIALIZED
                  003f7ff8    00000008     DSP28_GlobalVariableDefs.obj (CsmPwlFile)

delayusFuncs 
*          1    003f8000    00000000     UNINITIALIZED


GLOBAL DATA SYMBOLS: SORTED BY DATA PAGE

address     data page           name
--------    ----------------    ----
00000000       0 (00000000)     __stack

00000400      10 (00000400)     _mag

00000880      22 (00000880)     _DevEmuRegs

00000a80      2a (00000a80)     _FlashRegs

00000ae0      2b (00000ac0)     _CsmRegs

00000b20      2c (00000b00)     _XintfRegs

00000c00      30 (00000c00)     _CpuTimer0Regs
00000c08      30 (00000c00)     _CpuTimer1Regs
00000c10      30 (00000c00)     _CpuTimer2Regs

00000ce0      33 (00000cc0)     _PieCtrl

00000d00      34 (00000d00)     _PieVectTable

00006000     180 (00006000)     _ECanaRegs

00006100     184 (00006100)     _ECanaMboxes

00007010     1c0 (00007000)     _SysCtrlRegs

00007040     1c1 (00007040)     _SpiaRegs
00007050     1c1 (00007040)     _SciaRegs
00007070     1c1 (00007040)     _XIntruptRegs

000070c0     1c3 (000070c0)     _GpioMuxRegs
000070e0     1c3 (000070c0)     _GpioDataRegs

00007100     1c4 (00007100)     _AdcRegs

00007400     1d0 (00007400)     _EvaRegs

00007500     1d4 (00007500)     _EvbRegs

00007750     1dd (00007740)     _ScibRegs

00007800     1e0 (00007800)     _McbspaRegs

00008000     200 (00008000)     _FlowReq
00008001     200 (00008000)     _StopFlag
00008002     200 (00008000)     _Status
00008003     200 (00008000)     _HaltFlag
00008004     200 (00008000)     _Firstplace
00008005     200 (00008000)     _Maxplace
00008006     200 (00008000)     _FlowBegin
00008007     200 (00008000)     _Maxcomper
00008008     200 (00008000)     _td
00008009     200 (00008000)     _ResetReqFlag
0000800a     200 (00008000)     _DataReqCount
0000800b     200 (00008000)     _RanReqFlag
0000800c     200 (00008000)     _pd
0000800d     200 (00008000)     _wd
0000800e     200 (00008000)     _VerFlag
0000800f     200 (00008000)     _CalFlag
00008010     200 (00008000)     _Delv1
00008011     200 (00008000)     _i
00008012     200 (00008000)     _m
00008013     200 (00008000)     _j
00008014     200 (00008000)     _Delv4
00008015     200 (00008000)     _k
00008016     200 (00008000)     _Delv2
00008017     200 (00008000)     _Delv3
00008018     200 (00008000)     _F
00008019     200 (00008000)     _tf
0000801a     200 (00008000)     _Minplace
0000801b     200 (00008000)     _SciCom
0000801c     200 (00008000)     _CalBegin
0000801d     200 (00008000)     _n
0000801e     200 (00008000)     _Fpar
0000801f     200 (00008000)     _start
00008020     200 (00008000)     _DataReqFlag
00008021     200 (00008000)     _start_ss
00008022     200 (00008000)     _q2
00008023     200 (00008000)     _q1
00008024     200 (00008000)     _q3
00008025     200 (00008000)     _start_xs
00008026     200 (00008000)     _start_sn
00008027     200 (00008000)     _FrameState
00008028     200 (00008000)     _start_xn
0000802a     200 (00008000)     _Maxx
0000802c     200 (00008000)     _Min2
0000802e     200 (00008000)     _t
00008030     200 (00008000)     _Min
00008032     200 (00008000)     _Max2
00008034     200 (00008000)     _DT_Max
00008036     200 (00008000)     _t4
00008038     200 (00008000)     _t3
0000803a     200 (00008000)     _ApiVersion
0000803c     200 (00008000)     _DT_Min
0000803e     200 (00008000)     _Min1

00008040     201 (00008040)     _t1
00008042     201 (00008040)     _addpt
00008044     201 (00008040)     _ADBuffer
00008046     201 (00008040)     _pdv
00008048     201 (00008040)     _pdo
0000804a     201 (00008040)     _add
0000804c     201 (00008040)     _avr1024
0000804e     201 (00008040)     _Flash_Ptr
00008050     201 (00008040)     _Length
00008052     201 (00008040)     _ADSData
00008054     201 (00008040)     _tdv
00008056     201 (00008040)     _ln
00008058     201 (00008040)     _Max
0000805a     201 (00008040)     _Delv
0000805c     201 (00008040)     _angle
0000805e     201 (00008040)     _lx
00008060     201 (00008040)     _Max1
00008062     201 (00008040)     _t2
00008064     201 (00008040)     _Maxcount2
00008068     201 (00008040)     _Maxcount3
0000806c     201 (00008040)     _ProgStatus
00008070     201 (00008040)     _tp2
00008074     201 (00008040)     _SC
00008078     201 (00008040)     _tp4
0000807c     201 (00008040)     _Maxcount4

00008080     202 (00008080)     _Maxcount1
00008084     202 (00008080)     _tp3
00008088     202 (00008080)     _DTC
0000808c     202 (00008080)     _dd
00008090     202 (00008080)     _RDD
00008094     202 (00008080)     _RDDa
00008098     202 (00008080)     _tp1
0000809c     202 (00008080)     _EraseStatus
000080a0     202 (00008080)     _Maxcount
000080a5     202 (00008080)     _Maxtemp
000080aa     202 (00008080)     _AT
000080b0     202 (00008080)     _LDT
000080b6     202 (00008080)     _RDa

000080c0     203 (000080c0)     _tp
000080c8     203 (000080c0)     _RD
000080d0     203 (000080c0)     _SendDataBuf
000080e0     203 (000080c0)     _tdd

00008100     204 (00008100)     _pdd
00008114     204 (00008100)     _fft

00008140     205 (00008140)     _RxFrameData

000081c0     207 (000081c0)     _df

00008240     209 (00008240)     _std

000084c0     213 (000084c0)     _DT

00008800     220 (00008800)     _AbsT

00008cc0     233 (00008cc0)     _ADC

000093c8     24f (000093c0)     _tpbuf
000093ca     24f (000093c0)     _tl
000093cc     24f (000093c0)     _Flash_CallbackPtr
000093ce     24f (000093c0)     _Flash_CPUScaleFactor
000093d0     24f (000093c0)     __unlock
000093d2     24f (000093c0)     __lock
000093d4     24f (000093c0)     ___TI_cleanup_ptr
000093d6     24f (000093c0)     ___TI_dtors_ptr
000093d8     24f (000093c0)     _errno

00009400     250 (00009400)     _ipcb

003eafcc    fabf (003eafc0)     _PieVectTableInit

003eb0cc    fac3 (003eb0c0)     _win

003f7ff8    fdff (003f7fc0)     _CsmPwl

003f94aa    fe52 (003f9480)     _Flash2811_Program

003f954e    fe55 (003f9540)     _Fl28x_EraseVerify

003f9596    fe56 (003f9580)     _Fl28x_ErasePulse

003f95e8    fe57 (003f95c0)     _Flash2811_Erase

003f9679    fe59 (003f9640)     _Fl28x_LeaveCmdMode

003f9686    fe5a (003f9680)     _Fl28x_EnterCmdMode
003f96b4    fe5a (003f9680)     _Fl28x_FlashRegSleep

003f96d3    fe5b (003f96c0)     _Fl28x_OpenPulse
003f96e4    fe5b (003f96c0)     _Fl28x_ClosePulse
003f96fb    fe5b (003f96c0)     _Fl28x_MaskAll

003f9706    fe5c (003f9700)     _Fl28x_ProgVerify

003f9743    fe5d (003f9740)     _Fl28x_ProgPulse

003f9785    fe5e (003f9780)     _Fl28x_CompactVerify
003f97bf    fe5e (003f9780)     _Fl28x_CompactPulse

003f9802    fe60 (003f9800)     _Fl2811_EraseSector

003f9862    fe61 (003f9840)     _Fl2811_CompactSector

003f98bb    fe62 (003f9880)     _Fl2811_Init

003f98f1    fe63 (003f98c0)     _Fl28x_WatchDogDisable
003f98f9    fe63 (003f98c0)     _Fl28x_DisableNMI

003f9902    fe64 (003f9900)     _Fl28x_ClearLoop

003f9946    fe65 (003f9940)     _Fl2811_ClearSector

003f9981    fe66 (003f9980)     _Fl28x_Delay
003f998e    fe66 (003f9980)     _Fl28x_DisableInt
003f9992    fe66 (003f9980)     _Fl28x_RestoreInt
003f9995    fe66 (003f9980)     _Flash2811_APIVersion


GLOBAL SYMBOLS: SORTED ALPHABETICALLY BY Name 

address    name
--------   ----
00008000   .bss
003e999c   .text
003ea955   C$$EXIT
003ea5c9   FS$$ADD
003ea96e   FS$$CMP
003ea541   FS$$DIV
003ea702   FS$$MPY
003ea9c3   FS$$NEG
003ea5c4   FS$$SUB
003ea81a   FS$$TOI
003ea908   I$$TOFS
003ea7a0   L$$DIV
003ea7af   L$$MOD
003ea922   L$$TOFS
003ea9aa   U$$TOFS
003ea7bd   UL$$DIV
003ea7c4   UL$$MOD
00008044   _ADBuffer
00008cc0   _ADC
003ea32a   _ADCINT_ISR
003e9a1c   _ADS1222_INIT
003e9a4e   _ADS1222_sample
00008052   _ADSData
000080aa   _AT
00008800   _AbsT
003f8000   _AbsTime
003e9479   _AbsTimeFuncs_loadend
003e8002   _AbsTimeFuncs_loadstart
003f8000   _AbsTimeFuncs_runstart
00007100   _AdcRegs
0000803a   _ApiVersion
003ea325   _CAPINT1_ISR
003ea320   _CAPINT2_ISR
003ea31b   _CAPINT3_ISR
003ea316   _CAPINT4_ISR
003ea311   _CAPINT5_ISR
003ea30c   _CAPINT6_ISR
003ea439   _CFFT32_calc
003ea9c8   _CFFT32_init
003ea307   _CMP1INT_ISR
003ea302   _CMP2INT_ISR
003ea2fd   _CMP3INT_ISR
003ea2f8   _CMP4INT_ISR
003ea2f3   _CMP5INT_ISR
003ea2ee   _CMP6INT_ISR
0000801c   _CalBegin
0000800f   _CalFlag
003e9ae7   _CalP
003e9b5a   _CalThr
003ea0c3   _CommandInterpretation
00000c00   _CpuTimer0Regs
00000c08   _CpuTimer1Regs
00000c10   _CpuTimer2Regs
003f7ff8   _CsmPwl
00000ae0   _CsmRegs
003ea2e9   _DATALOG_ISR
000084c0   _DT
00008088   _DTC
00008034   _DT_Max
0000803c   _DT_Min
003e9c8f   _DataCheck
0000800a   _DataReqCount
00008020   _DataReqFlag
003e99ea   _DelaymS
0000805a   _Delv
00008010   _Delv1
00008016   _Delv2
00008017   _Delv3
00008014   _Delv4
00000880   _DevEmuRegs
003ea2e4   _ECAN0INTA_ISR
003ea2df   _ECAN1INTA_ISR
00006100   _ECanaMboxes
00006000   _ECanaRegs
003ea2da   _EMUINT_ISR
0000809c   _EraseStatus
00007400   _EvaRegs
00007500   _EvbRegs
00008018   _F
00008004   _Firstplace
003f9946   _Fl2811_ClearSector
003f9862   _Fl2811_CompactSector
003f9802   _Fl2811_EraseSector
003f98bb   _Fl2811_Init
003f9902   _Fl28x_ClearLoop
003f96e4   _Fl28x_ClosePulse
003f97bf   _Fl28x_CompactPulse
003f9785   _Fl28x_CompactVerify
003f9981   _Fl28x_Delay
003f998e   _Fl28x_DisableInt
003f98f9   _Fl28x_DisableNMI
003f9686   _Fl28x_EnterCmdMode
003f9596   _Fl28x_ErasePulse
003f954e   _Fl28x_EraseVerify
003f96b4   _Fl28x_FlashRegSleep
003f9679   _Fl28x_LeaveCmdMode
003f96fb   _Fl28x_MaskAll
003f96d3   _Fl28x_OpenPulse
003f9743   _Fl28x_ProgPulse
003f9706   _Fl28x_ProgVerify
003f9992   _Fl28x_RestoreInt
003f98f1   _Fl28x_WatchDogDisable
003f9995   _Flash2811_APIVersion
003f95e8   _Flash2811_Erase
003f94aa   _Flash2811_Program
003e999c   _Flash28_API_LoadEnd
003e947a   _Flash28_API_LoadStart
003f9478   _Flash28_API_RunStart
00000a80   _FlashRegs
000093ce   _Flash_CPUScaleFactor
000093cc   _Flash_CallbackPtr
0000804e   _Flash_Ptr
00008006   _FlowBegin
00008000   _FlowReq
0000801e   _Fpar
00008027   _FrameState
000070e0   _GpioDataRegs
000070c0   _GpioMuxRegs
00008003   _HaltFlag
003ea2d5   _ILLEGAL_ISR
003ea2d0   _INT13_ISR
003ea2cb   _INT14_ISR
003e9a4f   _ISRSciCom05
003e9ab1   _ISRSciCom0A
003e99eb   _InitAdc
003ea8ea   _InitEv
003f999a   _InitFlash
003ea6a0   _InitGpio
003ea863   _InitPieCtrl
003ea999   _InitPieVectTable
003ea803   _InitSci
003ea7d4   _InitSysCtrl
003ea7ca   _KickDog
000080b0   _LDT
00008050   _Length
003ea2c6   _MRINTA_ISR
003ea2c1   _MXINTA_ISR
00008058   _Max
00008060   _Max1
00008032   _Max2
00008007   _Maxcomper
000080a0   _Maxcount
00008080   _Maxcount1
00008064   _Maxcount2
00008068   _Maxcount3
0000807c   _Maxcount4
00008005   _Maxplace
000080a5   _Maxtemp
0000802a   _Maxx
00007800   _McbspaRegs
00008030   _Min
0000803e   _Min1
0000802c   _Min2
0000801a   _Minplace
003ea2bc   _NMI_ISR
003ea2b7   _PDPINTA_ISR
003ea2b2   _PDPINTB_ISR
003ea2ad   _PIE_RESERVED
00000ce0   _PieCtrl
00000d00   _PieVectTable
003eafcc   _PieVectTableInit
0000806c   _ProgStatus
000080c8   _RD
00008090   _RDD
00008094   _RDDa
000080b6   _RDa
003ea885   _RFFT32_brev
003ea8a7   _RFFT32_mag
003ea63c   _RFFT32_split
003ea83f   _RFFT32_win
003ea2a8   _RTOSINT_ISR
0000800b   _RanReqFlag
00008009   _ResetReqFlag
00008140   _RxFrameData
00008074   _SC
003ea2a3   _SCIRXINTA_ISR
003ea286   _SCIRXINTB_ISR
003ea281   _SCITXINTA_ISR
003ea27c   _SCITXINTB_ISR
003ea277   _SPIRXINTA_ISR
003ea272   _SPITXINTA_ISR
0000801b   _SciCom
00007050   _SciaRegs
00007750   _ScibRegs
003ea7fb   _ScibRx_Ready
003ea7f3   _ScibTx_Ready
000080d0   _SendDataBuf
003e9c6e   _SendFrameData
00007040   _SpiaRegs
00008002   _Status
00008001   _StopFlag
003ea14d   _StreamDataInterpretation_B
00007010   _SysCtrlRegs
003ea26d   _T1CINT_ISR
003ea268   _T1OFINT_ISR
003ea263   _T1PINT_ISR
003ea25e   _T1UFINT_ISR
003ea259   _T2CINT_ISR
003ea254   _T2OFINT_ISR
003ea24f   _T2PINT_ISR
003ea24a   _T2UFINT_ISR
003ea245   _T3CINT_ISR
003ea240   _T3OFINT_ISR
003ea23b   _T3PINT_ISR
003ea236   _T3UFINT_ISR
003ea231   _T4CINT_ISR
003ea22c   _T4OFINT_ISR
003ea227   _T4PINT_ISR
003ea222   _T4UFINT_ISR
003ea21d   _TINT0_ISR
003e9c63   _UARTPutByte
003ea218   _USER0_ISR
003ea213   _USER10_ISR
003ea20e   _USER11_ISR
003ea209   _USER1_ISR
003ea204   _USER2_ISR
003ea1ff   _USER3_ISR
003ea1fa   _USER4_ISR
003ea1f5   _USER5_ISR
003ea1f0   _USER6_ISR
003ea1eb   _USER7_ISR
003ea1e6   _USER8_ISR
003ea1e1   _USER9_ISR
0000800e   _VerFlag
003ea1dc   _WAKEINT_ISR
003ea1d7   _XINT1_ISR
003ea1d2   _XINT2_ISR
00007070   _XIntruptRegs
00000b20   _XintfRegs
00000400   __STACK_END
00000400   __STACK_SIZE
00000001   __TI_args_main
000093d4   ___TI_cleanup_ptr
000093d6   ___TI_dtors_ptr
ffffffff   ___binit__
00008000   ___bss__
ffffffff   ___c_args__
003eb1f7   ___cinit__
00008000   ___end__
003ea9cc   ___etext__
003ea8c9   ___memcpy_ff
ffffffff   ___pinit__
003e999c   ___text__
003ea93c   __args_main
000093d2   __lock
003ea9c2   __nop
003ea9be   __register_lock
003ea9ba   __register_unlock
00000000   __stack
000093d0   __unlock
003ea955   _abort
0000804a   _add
00008042   _addpt
0000805c   _angle
003ea32f   _atan2
0000804c   _avr1024
003ea75c   _c_int00
0000808c   _dd
003f8000   _delayusFuncs_loadend
003f8000   _delayusFuncs_loadstart
003f8000   _delayusFuncs_runstart
000081c0   _df
000093d8   _errno
003ea957   _exit
00008114   _fft
003ea985   _frexp
003ea092   _get_tem
00008011   _i
00009400   _ipcb
00008013   _j
00008015   _k
00008056   _ln
0000805e   _lx
00008012   _m
00000400   _mag
003e9e02   _main
0000801d   _n
0000800c   _pd
00008100   _pdd
00008048   _pdo
00008046   _pdv
00008023   _q1
00008022   _q2
00008024   _q3
003e99cf   _read_byte
003e99b5   _reset
003ea1cd   _rsvd_ISR
003eb1f7   _secureRamFuncs_loadend
003eb1d4   _secureRamFuncs_loadstart
003f999a   _secureRamFuncs_runstart
0000801f   _start
00008026   _start_sn
00008021   _start_ss
00008028   _start_xn
00008025   _start_xs
00008240   _std
0000802e   _t
00008040   _t1
00008062   _t2
00008038   _t3
00008036   _t4
00008008   _td
000080e0   _tdd
00008054   _tdv
00008019   _tf
000093ca   _tl
000080c0   _tp
00008098   _tp1
00008070   _tp2
00008084   _tp3
00008078   _tp4
000093c8   _tpbuf
0000800d   _wd
003eb0cc   _win
003e999c   _write_byte
ffffffff   binit
003eb1f7   cinit
00008000   end
003ea9cc   etext
ffffffff   pinit


GLOBAL SYMBOLS: SORTED BY Symbol Address 

address    name
--------   ----
00000000   __stack
00000001   __TI_args_main
00000400   __STACK_END
00000400   __STACK_SIZE
00000400   _mag
00000880   _DevEmuRegs
00000a80   _FlashRegs
00000ae0   _CsmRegs
00000b20   _XintfRegs
00000c00   _CpuTimer0Regs
00000c08   _CpuTimer1Regs
00000c10   _CpuTimer2Regs
00000ce0   _PieCtrl
00000d00   _PieVectTable
00006000   _ECanaRegs
00006100   _ECanaMboxes
00007010   _SysCtrlRegs
00007040   _SpiaRegs
00007050   _SciaRegs
00007070   _XIntruptRegs
000070c0   _GpioMuxRegs
000070e0   _GpioDataRegs
00007100   _AdcRegs
00007400   _EvaRegs
00007500   _EvbRegs
00007750   _ScibRegs
00007800   _McbspaRegs
00008000   .bss
00008000   _FlowReq
00008000   ___bss__
00008000   ___end__
00008000   end
00008001   _StopFlag
00008002   _Status
00008003   _HaltFlag
00008004   _Firstplace
00008005   _Maxplace
00008006   _FlowBegin
00008007   _Maxcomper
00008008   _td
00008009   _ResetReqFlag
0000800a   _DataReqCount
0000800b   _RanReqFlag
0000800c   _pd
0000800d   _wd
0000800e   _VerFlag
0000800f   _CalFlag
00008010   _Delv1
00008011   _i
00008012   _m
00008013   _j
00008014   _Delv4
00008015   _k
00008016   _Delv2
00008017   _Delv3
00008018   _F
00008019   _tf
0000801a   _Minplace
0000801b   _SciCom
0000801c   _CalBegin
0000801d   _n
0000801e   _Fpar
0000801f   _start
00008020   _DataReqFlag
00008021   _start_ss
00008022   _q2
00008023   _q1
00008024   _q3
00008025   _start_xs
00008026   _start_sn
00008027   _FrameState
00008028   _start_xn
0000802a   _Maxx
0000802c   _Min2
0000802e   _t
00008030   _Min
00008032   _Max2
00008034   _DT_Max
00008036   _t4
00008038   _t3
0000803a   _ApiVersion
0000803c   _DT_Min
0000803e   _Min1
00008040   _t1
00008042   _addpt
00008044   _ADBuffer
00008046   _pdv
00008048   _pdo
0000804a   _add
0000804c   _avr1024
0000804e   _Flash_Ptr
00008050   _Length
00008052   _ADSData
00008054   _tdv
00008056   _ln
00008058   _Max
0000805a   _Delv
0000805c   _angle
0000805e   _lx
00008060   _Max1
00008062   _t2
00008064   _Maxcount2
00008068   _Maxcount3
0000806c   _ProgStatus
00008070   _tp2
00008074   _SC
00008078   _tp4
0000807c   _Maxcount4
00008080   _Maxcount1
00008084   _tp3
00008088   _DTC
0000808c   _dd
00008090   _RDD
00008094   _RDDa
00008098   _tp1
0000809c   _EraseStatus
000080a0   _Maxcount
000080a5   _Maxtemp
000080aa   _AT
000080b0   _LDT
000080b6   _RDa
000080c0   _tp
000080c8   _RD
000080d0   _SendDataBuf
000080e0   _tdd
00008100   _pdd
00008114   _fft
00008140   _RxFrameData
000081c0   _df
00008240   _std
000084c0   _DT
00008800   _AbsT
00008cc0   _ADC
000093c8   _tpbuf
000093ca   _tl
000093cc   _Flash_CallbackPtr
000093ce   _Flash_CPUScaleFactor
000093d0   __unlock
000093d2   __lock
000093d4   ___TI_cleanup_ptr
000093d6   ___TI_dtors_ptr
000093d8   _errno
00009400   _ipcb
003e8002   _AbsTimeFuncs_loadstart
003e9479   _AbsTimeFuncs_loadend
003e947a   _Flash28_API_LoadStart
003e999c   .text
003e999c   _Flash28_API_LoadEnd
003e999c   ___text__
003e999c   _write_byte
003e99b5   _reset
003e99cf   _read_byte
003e99ea   _DelaymS
003e99eb   _InitAdc
003e9a1c   _ADS1222_INIT
003e9a4e   _ADS1222_sample
003e9a4f   _ISRSciCom05
003e9ab1   _ISRSciCom0A
003e9ae7   _CalP
003e9b5a   _CalThr
003e9c63   _UARTPutByte
003e9c6e   _SendFrameData
003e9c8f   _DataCheck
003e9e02   _main
003ea092   _get_tem
003ea0c3   _CommandInterpretation
003ea14d   _StreamDataInterpretation_B
003ea1cd   _rsvd_ISR
003ea1d2   _XINT2_ISR
003ea1d7   _XINT1_ISR
003ea1dc   _WAKEINT_ISR
003ea1e1   _USER9_ISR
003ea1e6   _USER8_ISR
003ea1eb   _USER7_ISR
003ea1f0   _USER6_ISR
003ea1f5   _USER5_ISR
003ea1fa   _USER4_ISR
003ea1ff   _USER3_ISR
003ea204   _USER2_ISR
003ea209   _USER1_ISR
003ea20e   _USER11_ISR
003ea213   _USER10_ISR
003ea218   _USER0_ISR
003ea21d   _TINT0_ISR
003ea222   _T4UFINT_ISR
003ea227   _T4PINT_ISR
003ea22c   _T4OFINT_ISR
003ea231   _T4CINT_ISR
003ea236   _T3UFINT_ISR
003ea23b   _T3PINT_ISR
003ea240   _T3OFINT_ISR
003ea245   _T3CINT_ISR
003ea24a   _T2UFINT_ISR
003ea24f   _T2PINT_ISR
003ea254   _T2OFINT_ISR
003ea259   _T2CINT_ISR
003ea25e   _T1UFINT_ISR
003ea263   _T1PINT_ISR
003ea268   _T1OFINT_ISR
003ea26d   _T1CINT_ISR
003ea272   _SPITXINTA_ISR
003ea277   _SPIRXINTA_ISR
003ea27c   _SCITXINTB_ISR
003ea281   _SCITXINTA_ISR
003ea286   _SCIRXINTB_ISR
003ea2a3   _SCIRXINTA_ISR
003ea2a8   _RTOSINT_ISR
003ea2ad   _PIE_RESERVED
003ea2b2   _PDPINTB_ISR
003ea2b7   _PDPINTA_ISR
003ea2bc   _NMI_ISR
003ea2c1   _MXINTA_ISR
003ea2c6   _MRINTA_ISR
003ea2cb   _INT14_ISR
003ea2d0   _INT13_ISR
003ea2d5   _ILLEGAL_ISR
003ea2da   _EMUINT_ISR
003ea2df   _ECAN1INTA_ISR
003ea2e4   _ECAN0INTA_ISR
003ea2e9   _DATALOG_ISR
003ea2ee   _CMP6INT_ISR
003ea2f3   _CMP5INT_ISR
003ea2f8   _CMP4INT_ISR
003ea2fd   _CMP3INT_ISR
003ea302   _CMP2INT_ISR
003ea307   _CMP1INT_ISR
003ea30c   _CAPINT6_ISR
003ea311   _CAPINT5_ISR
003ea316   _CAPINT4_ISR
003ea31b   _CAPINT3_ISR
003ea320   _CAPINT2_ISR
003ea325   _CAPINT1_ISR
003ea32a   _ADCINT_ISR
003ea32f   _atan2
003ea439   _CFFT32_calc
003ea541   FS$$DIV
003ea5c4   FS$$SUB
003ea5c9   FS$$ADD
003ea63c   _RFFT32_split
003ea6a0   _InitGpio
003ea702   FS$$MPY
003ea75c   _c_int00
003ea7a0   L$$DIV
003ea7af   L$$MOD
003ea7bd   UL$$DIV
003ea7c4   UL$$MOD
003ea7ca   _KickDog
003ea7d4   _InitSysCtrl
003ea7f3   _ScibTx_Ready
003ea7fb   _ScibRx_Ready
003ea803   _InitSci
003ea81a   FS$$TOI
003ea83f   _RFFT32_win
003ea863   _InitPieCtrl
003ea885   _RFFT32_brev
003ea8a7   _RFFT32_mag
003ea8c9   ___memcpy_ff
003ea8ea   _InitEv
003ea908   I$$TOFS
003ea922   L$$TOFS
003ea93c   __args_main
003ea955   C$$EXIT
003ea955   _abort
003ea957   _exit
003ea96e   FS$$CMP
003ea985   _frexp
003ea999   _InitPieVectTable
003ea9aa   U$$TOFS
003ea9ba   __register_unlock
003ea9be   __register_lock
003ea9c2   __nop
003ea9c3   FS$$NEG
003ea9c8   _CFFT32_init
003ea9cc   ___etext__
003ea9cc   etext
003eafcc   _PieVectTableInit
003eb0cc   _win
003eb1d4   _secureRamFuncs_loadstart
003eb1f7   ___cinit__
003eb1f7   _secureRamFuncs_loadend
003eb1f7   cinit
003f7ff8   _CsmPwl
003f8000   _AbsTime
003f8000   _AbsTimeFuncs_runstart
003f8000   _delayusFuncs_loadend
003f8000   _delayusFuncs_loadstart
003f8000   _delayusFuncs_runstart
003f9478   _Flash28_API_RunStart
003f94aa   _Flash2811_Program
003f954e   _Fl28x_EraseVerify
003f9596   _Fl28x_ErasePulse
003f95e8   _Flash2811_Erase
003f9679   _Fl28x_LeaveCmdMode
003f9686   _Fl28x_EnterCmdMode
003f96b4   _Fl28x_FlashRegSleep
003f96d3   _Fl28x_OpenPulse
003f96e4   _Fl28x_ClosePulse
003f96fb   _Fl28x_MaskAll
003f9706   _Fl28x_ProgVerify
003f9743   _Fl28x_ProgPulse
003f9785   _Fl28x_CompactVerify
003f97bf   _Fl28x_CompactPulse
003f9802   _Fl2811_EraseSector
003f9862   _Fl2811_CompactSector
003f98bb   _Fl2811_Init
003f98f1   _Fl28x_WatchDogDisable
003f98f9   _Fl28x_DisableNMI
003f9902   _Fl28x_ClearLoop
003f9946   _Fl2811_ClearSector
003f9981   _Fl28x_Delay
003f998e   _Fl28x_DisableInt
003f9992   _Fl28x_RestoreInt
003f9995   _Flash2811_APIVersion
003f999a   _InitFlash
003f999a   _secureRamFuncs_runstart
ffffffff   ___binit__
ffffffff   ___c_args__
ffffffff   ___pinit__
ffffffff   binit
ffffffff   pinit

[320 symbols]
