MPLINK 4.00, Linker
Linker Map File - Created Sun Jul 02 10:43:04 2017

                                 Section Info
                  Section       Type    Address   Location Size(Bytes)
                ---------  ---------  ---------  ---------  ---------
               _entry_scn       code   0x000000    program   0x000006
         .idata_c018i.o_i    romdata   0x000800    program   0x000000
         .romdata_c018i.o    romdata   0x000800    program   0x000000
            .code_c018i.o       code   0x000800    program   0x000000
      .romdata_fxd2424u.o    romdata   0x000800    program   0x000000
        .idata_device.o_i    romdata   0x000800    program   0x000000
        .romdata_device.o    romdata   0x000800    program   0x000000
      .idata_fxd2424u.o_i    romdata   0x000800    program   0x000000
          .romdata_main.o    romdata   0x000800    program   0x000000
    High_Interrupt_Vector       code   0x000808    program   0x000006
                   .cinit    romdata   0x00080e    program   0x00000e
           .code_device.o       code   0x00081c    program   0x002db6
             .code_main.o       code   0x0035d2    program   0x0012f6
               _cinit_scn       code   0x0048c8    program   0x00009e
         .code_fxd2424u.o       code   0x004966    program   0x00003a
             _startup_scn       code   0x0049a0    program   0x000018
          .idata_main.o_i    romdata   0x0049b8    program   0x00004e
                MATH_DATA      udata   0x000000       data   0x000010
                 .tmpdata      udata   0x000010       data   0x000004
       RX_TMIE1_inter_tmp      udata   0x000014       data   0x000002
            .idata_main.o      idata   0x000060       data   0x00004e
                    wlBuf      udata   0x0000ae       data   0x000023
           .udata_c018i.o      udata   0x0000d1       data   0x00000a
          .udata_device.o      udata   0x000100       data   0x000100
            .udata_main.o      udata   0x000200       data   0x0000fe
           .idata_c018i.o      idata   0x0002fe       data   0x000000
          .idata_device.o      idata   0x0002fe       data   0x000000
        .udata_fxd2424u.o      udata   0x0002fe       data   0x000000
        .idata_fxd2424u.o      idata   0x0002fe       data   0x000000
                   .stack      udata   0x000300       data   0x000100
            SFR_UNBANKED0      udata   0x000f62       data   0x00009e



                              Program Memory Usage 
                               Start         End      
                           ---------   ---------      
                            0x000000    0x000005      
                            0x000808    0x004a05      
            16900 out of 31042 program addresses used, program memory utilization is 54%



                              Symbols - Sorted by Name
                     Name    Address   Location    Storage File                     
                ---------  ---------  ---------  --------- ---------                
                 AD_10BIT   0x002d94    program     extern D:\chen\Core\FirmWare_CT\LLJ_CS_CONTROL_(V3.0)\device.c
                Ccp1_Init   0x0037e2    program     extern D:\chen\Core\FirmWare_CT\LLJ_CS_CONTROL_(V3.0)\main.c
               Close_avdd   0x003888    program     extern D:\chen\Core\FirmWare_CT\LLJ_CS_CONTROL_(V3.0)\main.c
                 Com_mode   0x00395e    program     extern D:\chen\Core\FirmWare_CT\LLJ_CS_CONTROL_(V3.0)\main.c
                 Delay_mS   0x00081c    program     extern D:\chen\Core\FirmWare_CT\LLJ_CS_CONTROL_(V3.0)\device.c
                 Delay_uS   0x00087e    program     extern D:\chen\Core\FirmWare_CT\LLJ_CS_CONTROL_(V3.0)\device.c
              Delete_data   0x001f22    program     extern D:\chen\Core\FirmWare_CT\LLJ_CS_CONTROL_(V3.0)\device.c
         Erase_DF321block   0x00278a    program     extern D:\chen\Core\FirmWare_CT\LLJ_CS_CONTROL_(V3.0)\device.c
                 FXD2424U   0x004966    program     extern C:\MCC18\src\TRADIT~1\math\fxd2424u.c
                 Get_para   0x00116e    program     extern D:\chen\Core\FirmWare_CT\LLJ_CS_CONTROL_(V3.0)\device.c
                Get_pgain   0x0038a6    program     extern D:\chen\Core\FirmWare_CT\LLJ_CS_CONTROL_(V3.0)\main.c
                 Ini_port   0x00379e    program     extern D:\chen\Core\FirmWare_CT\LLJ_CS_CONTROL_(V3.0)\main.c
              Init_Timer0   0x00380e    program     extern D:\chen\Core\FirmWare_CT\LLJ_CS_CONTROL_(V3.0)\main.c
              Init_Timer1   0x0037fe    program     extern D:\chen\Core\FirmWare_CT\LLJ_CS_CONTROL_(V3.0)\main.c
            Init_WlSample   0x003854    program     extern D:\chen\Core\FirmWare_CT\LLJ_CS_CONTROL_(V3.0)\main.c
                Open_avdd   0x003860    program     extern D:\chen\Core\FirmWare_CT\LLJ_CS_CONTROL_(V3.0)\main.c
             PreAD7799_P1   0x002abc    program     extern D:\chen\Core\FirmWare_CT\LLJ_CS_CONTROL_(V3.0)\device.c
             PreAD7799_T1   0x002b4a    program     extern D:\chen\Core\FirmWare_CT\LLJ_CS_CONTROL_(V3.0)\device.c
                    R2550   0x0028ca    program     extern D:\chen\Core\FirmWare_CT\LLJ_CS_CONTROL_(V3.0)\device.c
           RX_TMIE1_inter   0x0035d2    program     extern D:\chen\Core\FirmWare_CT\LLJ_CS_CONTROL_(V3.0)\main.c
          ReadAD7799_16F1   0x002cf0    program     extern D:\chen\Core\FirmWare_CT\LLJ_CS_CONTROL_(V3.0)\device.c
          ReadAD7799_16F2   0x002d42    program     extern D:\chen\Core\FirmWare_CT\LLJ_CS_CONTROL_(V3.0)\device.c
          ReadAD7799_16P1   0x002bd8    program     extern D:\chen\Core\FirmWare_CT\LLJ_CS_CONTROL_(V3.0)\device.c
          ReadAD7799_16T1   0x002c8e    program     extern D:\chen\Core\FirmWare_CT\LLJ_CS_CONTROL_(V3.0)\device.c
             ReadAD_MODE0   0x002dc4    program     extern D:\chen\Core\FirmWare_CT\LLJ_CS_CONTROL_(V3.0)\device.c
             ReadAD_MODE1   0x002e10    program     extern D:\chen\Core\FirmWare_CT\LLJ_CS_CONTROL_(V3.0)\device.c
             ReadAD_MODE8   0x002e5c    program     extern D:\chen\Core\FirmWare_CT\LLJ_CS_CONTROL_(V3.0)\device.c
             ReadAD_MODE9   0x002fe2    program     extern D:\chen\Core\FirmWare_CT\LLJ_CS_CONTROL_(V3.0)\device.c
             Read_DF321ID   0x0025f6    program     extern D:\chen\Core\FirmWare_CT\LLJ_CS_CONTROL_(V3.0)\device.c
           Read_DF321page   0x0024fc    program     extern D:\chen\Core\FirmWare_CT\LLJ_CS_CONTROL_(V3.0)\device.c
              Read_status   0x002416    program     extern D:\chen\Core\FirmWare_CT\LLJ_CS_CONTROL_(V3.0)\device.c
                RecAD7799   0x002958    program     extern D:\chen\Core\FirmWare_CT\LLJ_CS_CONTROL_(V3.0)\device.c
                       Rx   0x0008bc    program     extern D:\chen\Core\FirmWare_CT\LLJ_CS_CONTROL_(V3.0)\device.c
              Rx_Testinfo   0x002286    program     extern D:\chen\Core\FirmWare_CT\LLJ_CS_CONTROL_(V3.0)\device.c
               Rx_infpack   0x000c30    program     extern D:\chen\Core\FirmWare_CT\LLJ_CS_CONTROL_(V3.0)\device.c
                   Rxpack   0x000d28    program     extern D:\chen\Core\FirmWare_CT\LLJ_CS_CONTROL_(V3.0)\device.c
              Sample_save   0x0030de    program     extern D:\chen\Core\FirmWare_CT\LLJ_CS_CONTROL_(V3.0)\device.c
              Send_IDinfo   0x00097a    program     extern D:\chen\Core\FirmWare_CT\LLJ_CS_CONTROL_(V3.0)\device.c
                Send_data   0x0019be    program     extern D:\chen\Core\FirmWare_CT\LLJ_CS_CONTROL_(V3.0)\device.c
             Send_dataNew   0x001bb6    program     extern D:\chen\Core\FirmWare_CT\LLJ_CS_CONTROL_(V3.0)\device.c
               Send_davrf   0x000a76    program     extern D:\chen\Core\FirmWare_CT\LLJ_CS_CONTROL_(V3.0)\device.c
            Send_testinfo   0x0021f8    program     extern D:\chen\Core\FirmWare_CT\LLJ_CS_CONTROL_(V3.0)\device.c
                 Send_vrf   0x0008dc    program     extern D:\chen\Core\FirmWare_CT\LLJ_CS_CONTROL_(V3.0)\device.c
               SingleTest   0x001146    program     extern D:\chen\Core\FirmWare_CT\LLJ_CS_CONTROL_(V3.0)\device.c
             Single_point   0x001012    program     extern D:\chen\Core\FirmWare_CT\LLJ_CS_CONTROL_(V3.0)\device.c
            Sleep_forever   0x0035c4    program     extern D:\chen\Core\FirmWare_CT\LLJ_CS_CONTROL_(V3.0)\device.c
          SpiDF321_InByte   0x002392    program     extern D:\chen\Core\FirmWare_CT\LLJ_CS_CONTROL_(V3.0)\device.c
         SpiDF321_OutByte   0x002346    program     extern D:\chen\Core\FirmWare_CT\LLJ_CS_CONTROL_(V3.0)\device.c
               Test0_mode   0x004144    program     extern D:\chen\Core\FirmWare_CT\LLJ_CS_CONTROL_(V3.0)\main.c
                Test_mode   0x003b28    program     extern D:\chen\Core\FirmWare_CT\LLJ_CS_CONTROL_(V3.0)\main.c
                       Tx   0x0008a2    program     extern D:\chen\Core\FirmWare_CT\LLJ_CS_CONTROL_(V3.0)\device.c
              Txblockpack   0x000b5c    program     extern D:\chen\Core\FirmWare_CT\LLJ_CS_CONTROL_(V3.0)\device.c
                   Txpack   0x000aae    program     extern D:\chen\Core\FirmWare_CT\LLJ_CS_CONTROL_(V3.0)\device.c
                    W2550   0x002928    program     extern D:\chen\Core\FirmWare_CT\LLJ_CS_CONTROL_(V3.0)\device.c
                   WW2550   0x0028f0    program     extern D:\chen\Core\FirmWare_CT\LLJ_CS_CONTROL_(V3.0)\device.c
              WriteAD7799   0x0029d2    program     extern D:\chen\Core\FirmWare_CT\LLJ_CS_CONTROL_(V3.0)\device.c
          Write_DF321page   0x00265c    program     extern D:\chen\Core\FirmWare_CT\LLJ_CS_CONTROL_(V3.0)\device.c
                 Write_EN   0x0023e2    program     extern D:\chen\Core\FirmWare_CT\LLJ_CS_CONTROL_(V3.0)\device.c
        Write_Flash_unpro   0x002458    program     extern D:\chen\Core\FirmWare_CT\LLJ_CS_CONTROL_(V3.0)\device.c
           ___do_lbl00104   0x004818    program     static                          
           ___do_lbl00105   0x004820    program     static                          
           ___do_lbl00145   0x0042d8    program     static                          
           ___do_lbl00211   0x002892    program     static                          
           ___do_lbl00212   0x002896    program     static                          
           ___do_lbl00213   0x00286e    program     static                          
         ___else_lbl00007   0x00362a    program     static                          
         ___else_lbl00014   0x003790    program     static                          
         ___else_lbl00102   0x0042b2    program     static                          
         ___else_lbl00142   0x00480c    program     static                          
         ___else_lbl00235   0x002a02    program     static                          
          ___for_lbl00002   0x00360e    program     static                          
          ___for_lbl00003   0x003614    program     static                          
          ___for_lbl00004   0x003606    program     static                          
          ___for_lbl00008   0x000894    program     static                          
          ___for_lbl00009   0x000898    program     static                          
          ___for_lbl00010   0x00088a    program     static                          
          ___for_lbl00022   0x0009a6    program     static                          
          ___for_lbl00023   0x0009aa    program     static                          
          ___for_lbl00024   0x00098a    program     static                          
          ___for_lbl00027   0x000a52    program     static                          
          ___for_lbl00028   0x000a56    program     static                          
          ___for_lbl00029   0x000a26    program     static                          
          ___for_lbl00097   0x0048a8    program     static                          
          ___for_lbl00098   0x0048ac    program     static                          
          ___for_lbl00146   0x0041be    program     static                          
          ___for_lbl00204   0x00274a    program     static                          
          ___for_lbl00205   0x00274e    program     static                          
          ___for_lbl00206   0x002744    program     static                          
          ___for_lbl00207   0x00276e    program     static                          
          ___for_lbl00208   0x002772    program     static                          
          ___for_lbl00209   0x002768    program     static                          
          ___for_lbl00232   0x002a30    program     static                          
          ___for_lbl00233   0x002a34    program     static                          
          ___for_lbl00236   0x002a14    program     static                          
          ___for_lbl00237   0x002a1a    program     static                          
          ___for_lbl00238   0x002a0c    program     static                          
          ___for_lbl00239   0x002a2a    program     static                          
          ___for_lbl00240   0x002a30    program     static                          
          ___for_lbl00241   0x002a22    program     static                          
          ___for_lbl00242   0x0029e0    program     static                          
          ___for_lbl00256   0x002f12    program     static                          
          ___for_lbl00257   0x002f18    program     static                          
          ___for_lbl00258   0x002ece    program     static                          
           ___if_lbl00005   0x0036da    program     static                          
           ___if_lbl00006   0x0036de    program     static                          
           ___if_lbl00008   0x0036de    program     static                          
           ___if_lbl00009   0x0036e8    program     static                          
           ___if_lbl00011   0x003778    program     static                          
           ___if_lbl00012   0x003788    program     static                          
           ___if_lbl00013   0x003792    program     static                          
           ___if_lbl00025   0x0009e4    program     static                          
           ___if_lbl00026   0x000a20    program     static                          
           ___if_lbl00101   0x0042b6    program     static                          
           ___if_lbl00103   0x0042d8    program     static                          
           ___if_lbl00108   0x004376    program     static                          
           ___if_lbl00109   0x004376    program     static                          
           ___if_lbl00140   0x0047e6    program     static                          
           ___if_lbl00141   0x004810    program     static                          
           ___if_lbl00194   0x0024b6    program     static                          
           ___if_lbl00234   0x002a04    program     static                          
       ___return_lbl00000   0x00499e    program     static                          
       ___return_lbl00000   0x00080c    program     static                          
       ___return_lbl00000   0x000004    program     static                          
       ___return_lbl00001   0x0036e8    program     static                          
       ___return_lbl00001   0x0049b6    program     static                          
       ___return_lbl00002   0x004964    program     static                          
       ___return_lbl00007   0x000898    program     static                          
       ___return_lbl00010   0x003794    program     static                          
       ___return_lbl00021   0x000a5e    program     static                          
       ___return_lbl00096   0x0048b0    program     static                          
       ___return_lbl00191   0x00240e    program     static                          
       ___return_lbl00192   0x00244e    program     static                          
       ___return_lbl00193   0x0024f2    program     static                          
       ___return_lbl00195   0x0025de    program     static                          
       ___return_lbl00198   0x002652    program     static                          
       ___return_lbl00201   0x002772    program     static                          
       ___return_lbl00210   0x0028b2    program     static                          
       ___return_lbl00231   0x002a3e    program     static                          
       ___return_lbl00243   0x002aba    program     static                          
       ___return_lbl00244   0x002b48    program     static                          
       ___return_lbl00245   0x002bd6    program     static                          
       ___return_lbl00250   0x002dc2    program     static                          
       ___return_lbl00253   0x002e0e    program     static                          
       ___return_lbl00254   0x002e5a    program     static                          
       ___return_lbl00255   0x002fca    program     static                          
       ___return_lbl00259   0x0030dc    program     static                          
       ___return_lbl00287   0x0035d0    program     static                          
        ___while_lbl00015   0x003792    program     static                          
        ___while_lbl00016   0x003794    program     static                          
        ___while_lbl00106   0x004318    program     static                          
        ___while_lbl00107   0x004356    program     static                          
        ___while_lbl00110   0x0043c0    program     static                          
        ___while_lbl00111   0x0043c8    program     static                          
        ___while_lbl00112   0x0043d8    program     static                          
        ___while_lbl00113   0x0043e0    program     static                          
        ___while_lbl00114   0x0043f0    program     static                          
        ___while_lbl00115   0x0043f8    program     static                          
        ___while_lbl00116   0x004408    program     static                          
        ___while_lbl00117   0x004410    program     static                          
        ___while_lbl00118   0x00442c    program     static                          
        ___while_lbl00119   0x004434    program     static                          
        ___while_lbl00120   0x004450    program     static                          
        ___while_lbl00121   0x004458    program     static                          
        ___while_lbl00122   0x004468    program     static                          
        ___while_lbl00123   0x004470    program     static                          
        ___while_lbl00124   0x0044b8    program     static                          
        ___while_lbl00125   0x0044c0    program     static                          
        ___while_lbl00126   0x004508    program     static                          
        ___while_lbl00127   0x004510    program     static                          
        ___while_lbl00128   0x004558    program     static                          
        ___while_lbl00129   0x004560    program     static                          
        ___while_lbl00130   0x0045a8    program     static                          
        ___while_lbl00131   0x0045b0    program     static                          
        ___while_lbl00132   0x0045f8    program     static                          
        ___while_lbl00133   0x004600    program     static                          
        ___while_lbl00134   0x004648    program     static                          
        ___while_lbl00135   0x004650    program     static                          
        ___while_lbl00136   0x004698    program     static                          
        ___while_lbl00137   0x0046a0    program     static                          
        ___while_lbl00138   0x0046e8    program     static                          
        ___while_lbl00139   0x0046f0    program     static                          
        ___while_lbl00143   0x004810    program     static                          
        ___while_lbl00144   0x004818    program     static                          
        ___while_lbl00196   0x00259a    program     static                          
        ___while_lbl00197   0x0025d4    program     static                          
        ___while_lbl00199   0x00261e    program     static                          
        ___while_lbl00200   0x002648    program     static                          
        ___while_lbl00202   0x002714    program     static                          
        ___while_lbl00203   0x00275a    program     static                          
        ___while_lbl00251   0x002db6    program     static                          
        ___while_lbl00252   0x002dba    program     static                          
               __tmplbl_1   0x004206    program     static                          
              __tmplbl_10   0x0047e0    program     static                          
              __tmplbl_11   0x004802    program     static                          
               __tmplbl_2   0x0041e6    program     static                          
               __tmplbl_3   0x0041c6    program     static                          
               __tmplbl_4   0x0041e2    program     static                          
               __tmplbl_5   0x004202    program     static                          
               __tmplbl_6   0x0042a8    program     static                          
               __tmplbl_7   0x0042d2    program     static                          
               __tmplbl_8   0x0042f4    program     static                          
               __tmplbl_9   0x004334    program     static                          
                _do_cinit   0x0048c8    program     extern C:\MCC18\src\traditional\startup\c018i.c
                   _entry   0x000000    program     extern C:\MCC18\src\traditional\startup\c018i.c
                   _false   0x00499a    program     static                          
                 _startup   0x0049a0    program     extern C:\MCC18\src\traditional\startup\c018i.c
                copy_loop   0x00493a    program     static                          
            copy_one_byte   0x004940    program     static                          
                     done   0x004964    program     static                          
             done_copying   0x00494e    program     static                          
                 high_ISR   0x000808    program     extern D:\chen\Core\FirmWare_CT\LLJ_CS_CONTROL_(V3.0)\main.c
                     loop   0x0049b0    program     static                          
                     loop   0x004972    program     static                          
                     main   0x0036f8    program     extern D:\chen\Core\FirmWare_CT\LLJ_CS_CONTROL_(V3.0)\main.c
              resetAD7799   0x002a56    program     extern D:\chen\Core\FirmWare_CT\LLJ_CS_CONTROL_(V3.0)\device.c
                     test   0x0048e2    program     static                          
                   AARGB0   0x000007       data     extern C:\MCC18\SRC\TRADIT~1\MATH\aarg.asm
                   AARGB1   0x000006       data     extern C:\MCC18\SRC\TRADIT~1\MATH\aarg.asm
                   AARGB2   0x000005       data     extern C:\MCC18\SRC\TRADIT~1\MATH\aarg.asm
                   AARGB3   0x000004       data     extern C:\MCC18\SRC\TRADIT~1\MATH\aarg.asm
                   AARGB4   0x000003       data     extern C:\MCC18\SRC\TRADIT~1\MATH\aarg.asm
                   AARGB5   0x000002       data     extern C:\MCC18\SRC\TRADIT~1\MATH\aarg.asm
                   AARGB6   0x000001       data     extern C:\MCC18\SRC\TRADIT~1\MATH\aarg.asm
                   AARGB7   0x000000       data     extern C:\MCC18\SRC\TRADIT~1\MATH\aarg.asm
                   ADCON0   0x000fc2       data     extern C:\MCC18\SRC\TRADIT~1\PROC\p18f4550.asm
               ADCON0bits   0x000fc2       data     extern C:\MCC18\SRC\TRADIT~1\PROC\p18f4550.asm
                   ADCON1   0x000fc1       data     extern C:\MCC18\SRC\TRADIT~1\PROC\p18f4550.asm
               ADCON1bits   0x000fc1       data     extern C:\MCC18\SRC\TRADIT~1\PROC\p18f4550.asm
                   ADCON2   0x000fc0       data     extern C:\MCC18\SRC\TRADIT~1\PROC\p18f4550.asm
               ADCON2bits   0x000fc0       data     extern C:\MCC18\SRC\TRADIT~1\PROC\p18f4550.asm
                    ADRES   0x000fc3       data     extern C:\MCC18\SRC\TRADIT~1\PROC\p18f4550.asm
                   ADRESH   0x000fc4       data     extern C:\MCC18\SRC\TRADIT~1\PROC\p18f4550.asm
                   ADRESL   0x000fc3       data     extern C:\MCC18\SRC\TRADIT~1\PROC\p18f4550.asm
                 AD_value   0x0002f6       data     extern D:\chen\Core\FirmWare_CT\LLJ_CS_CONTROL_(V3.0)\main.c
                     AEXP   0x000008       data     extern C:\MCC18\SRC\TRADIT~1\MATH\aarg.asm
                   BARGB0   0x00000c       data     extern C:\MCC18\SRC\TRADIT~1\MATH\barg.asm
                   BARGB1   0x00000b       data     extern C:\MCC18\SRC\TRADIT~1\MATH\barg.asm
                   BARGB2   0x00000a       data     extern C:\MCC18\SRC\TRADIT~1\MATH\barg.asm
                   BARGB3   0x000009       data     extern C:\MCC18\SRC\TRADIT~1\MATH\barg.asm
                  BAUDCON   0x000fb8       data     extern C:\MCC18\SRC\TRADIT~1\PROC\p18f4550.asm
              BAUDCONbits   0x000fb8       data     extern C:\MCC18\SRC\TRADIT~1\PROC\p18f4550.asm
                     BEXP   0x00000d       data     extern C:\MCC18\SRC\TRADIT~1\MATH\barg.asm
                      BSR   0x000fe0       data     extern C:\MCC18\SRC\TRADIT~1\PROC\p18f4550.asm
                   CCP1AS   0x000fb6       data     extern C:\MCC18\SRC\TRADIT~1\PROC\p18f4550.asm
               CCP1ASbits   0x000fb6       data     extern C:\MCC18\SRC\TRADIT~1\PROC\p18f4550.asm
                  CCP1CON   0x000fbd       data     extern C:\MCC18\SRC\TRADIT~1\PROC\p18f4550.asm
              CCP1CONbits   0x000fbd       data     extern C:\MCC18\SRC\TRADIT~1\PROC\p18f4550.asm
                  CCP1DEL   0x000fb7       data     extern C:\MCC18\SRC\TRADIT~1\PROC\p18f4550.asm
              CCP1DELbits   0x000fb7       data     extern C:\MCC18\SRC\TRADIT~1\PROC\p18f4550.asm
                  CCP2CON   0x000fba       data     extern C:\MCC18\SRC\TRADIT~1\PROC\p18f4550.asm
              CCP2CONbits   0x000fba       data     extern C:\MCC18\SRC\TRADIT~1\PROC\p18f4550.asm
                    CCPR1   0x000fbe       data     extern C:\MCC18\SRC\TRADIT~1\PROC\p18f4550.asm
                   CCPR1H   0x000fbf       data     extern C:\MCC18\SRC\TRADIT~1\PROC\p18f4550.asm
                   CCPR1L   0x000fbe       data     extern C:\MCC18\SRC\TRADIT~1\PROC\p18f4550.asm
                    CCPR2   0x000fbb       data     extern C:\MCC18\SRC\TRADIT~1\PROC\p18f4550.asm
                   CCPR2H   0x000fbc       data     extern C:\MCC18\SRC\TRADIT~1\PROC\p18f4550.asm
                   CCPR2L   0x000fbb       data     extern C:\MCC18\SRC\TRADIT~1\PROC\p18f4550.asm
                    CMCON   0x000fb4       data     extern C:\MCC18\SRC\TRADIT~1\PROC\p18f4550.asm
                CMCONbits   0x000fb4       data     extern C:\MCC18\SRC\TRADIT~1\PROC\p18f4550.asm
                   CVRCON   0x000fb5       data     extern C:\MCC18\SRC\TRADIT~1\PROC\p18f4550.asm
               CVRCONbits   0x000fb5       data     extern C:\MCC18\SRC\TRADIT~1\PROC\p18f4550.asm
                     DDRA   0x000f92       data     extern C:\MCC18\SRC\TRADIT~1\PROC\p18f4550.asm
                 DDRAbits   0x000f92       data     extern C:\MCC18\SRC\TRADIT~1\PROC\p18f4550.asm
                     DDRB   0x000f93       data     extern C:\MCC18\SRC\TRADIT~1\PROC\p18f4550.asm
                 DDRBbits   0x000f93       data     extern C:\MCC18\SRC\TRADIT~1\PROC\p18f4550.asm
                     DDRC   0x000f94       data     extern C:\MCC18\SRC\TRADIT~1\PROC\p18f4550.asm
                 DDRCbits   0x000f94       data     extern C:\MCC18\SRC\TRADIT~1\PROC\p18f4550.asm
                     DDRD   0x000f95       data     extern C:\MCC18\SRC\TRADIT~1\PROC\p18f4550.asm
                 DDRDbits   0x000f95       data     extern C:\MCC18\SRC\TRADIT~1\PROC\p18f4550.asm
                     DDRE   0x000f96       data     extern C:\MCC18\SRC\TRADIT~1\PROC\p18f4550.asm
                 DDREbits   0x000f96       data     extern C:\MCC18\SRC\TRADIT~1\PROC\p18f4550.asm
                  ECCP1AS   0x000fb6       data     extern C:\MCC18\SRC\TRADIT~1\PROC\p18f4550.asm
              ECCP1ASbits   0x000fb6       data     extern C:\MCC18\SRC\TRADIT~1\PROC\p18f4550.asm
                 ECCP1CON   0x000fbd       data     extern C:\MCC18\SRC\TRADIT~1\PROC\p18f4550.asm
             ECCP1CONbits   0x000fbd       data     extern C:\MCC18\SRC\TRADIT~1\PROC\p18f4550.asm
                 ECCP1DEL   0x000fb7       data     extern C:\MCC18\SRC\TRADIT~1\PROC\p18f4550.asm
             ECCP1DELbits   0x000fb7       data     extern C:\MCC18\SRC\TRADIT~1\PROC\p18f4550.asm
                    EEADR   0x000fa9       data     extern C:\MCC18\SRC\TRADIT~1\PROC\p18f4550.asm
                   EECON1   0x000fa6       data     extern C:\MCC18\SRC\TRADIT~1\PROC\p18f4550.asm
               EECON1bits   0x000fa6       data     extern C:\MCC18\SRC\TRADIT~1\PROC\p18f4550.asm
                   EECON2   0x000fa7       data     extern C:\MCC18\SRC\TRADIT~1\PROC\p18f4550.asm
                   EEDATA   0x000fa8       data     extern C:\MCC18\SRC\TRADIT~1\PROC\p18f4550.asm
                  FPFLAGS   0x00000f       data     extern C:\MCC18\SRC\TRADIT~1\MATH\cmath18.asm
              FPFLAGSbits   0x00000f       data     extern C:\MCC18\SRC\TRADIT~1\MATH\cmath18.asm
                     FSR0   0x000fe9       data     extern C:\MCC18\SRC\TRADIT~1\PROC\p18f4550.asm
                    FSR0H   0x000fea       data     extern C:\MCC18\SRC\TRADIT~1\PROC\p18f4550.asm
                    FSR0L   0x000fe9       data     extern C:\MCC18\SRC\TRADIT~1\PROC\p18f4550.asm
                     FSR1   0x000fe1       data     extern C:\MCC18\SRC\TRADIT~1\PROC\p18f4550.asm
                    FSR1H   0x000fe2       data     extern C:\MCC18\SRC\TRADIT~1\PROC\p18f4550.asm
                    FSR1L   0x000fe1       data     extern C:\MCC18\SRC\TRADIT~1\PROC\p18f4550.asm
                     FSR2   0x000fd9       data     extern C:\MCC18\SRC\TRADIT~1\PROC\p18f4550.asm
                    FSR2H   0x000fda       data     extern C:\MCC18\SRC\TRADIT~1\PROC\p18f4550.asm
                    FSR2L   0x000fd9       data     extern C:\MCC18\SRC\TRADIT~1\PROC\p18f4550.asm
                  HLVDCON   0x000fd2       data     extern C:\MCC18\SRC\TRADIT~1\PROC\p18f4550.asm
              HLVDCONbits   0x000fd2       data     extern C:\MCC18\SRC\TRADIT~1\PROC\p18f4550.asm
                    INDF0   0x000fef       data     extern C:\MCC18\SRC\TRADIT~1\PROC\p18f4550.asm
                    INDF1   0x000fe7       data     extern C:\MCC18\SRC\TRADIT~1\PROC\p18f4550.asm
                    INDF2   0x000fdf       data     extern C:\MCC18\SRC\TRADIT~1\PROC\p18f4550.asm
                   INTCON   0x000ff2       data     extern C:\MCC18\SRC\TRADIT~1\PROC\p18f4550.asm
                  INTCON2   0x000ff1       data     extern C:\MCC18\SRC\TRADIT~1\PROC\p18f4550.asm
              INTCON2bits   0x000ff1       data     extern C:\MCC18\SRC\TRADIT~1\PROC\p18f4550.asm
                  INTCON3   0x000ff0       data     extern C:\MCC18\SRC\TRADIT~1\PROC\p18f4550.asm
              INTCON3bits   0x000ff0       data     extern C:\MCC18\SRC\TRADIT~1\PROC\p18f4550.asm
               INTCONbits   0x000ff2       data     extern C:\MCC18\SRC\TRADIT~1\PROC\p18f4550.asm
                     IPR1   0x000f9f       data     extern C:\MCC18\SRC\TRADIT~1\PROC\p18f4550.asm
                 IPR1bits   0x000f9f       data     extern C:\MCC18\SRC\TRADIT~1\PROC\p18f4550.asm
                     IPR2   0x000fa2       data     extern C:\MCC18\SRC\TRADIT~1\PROC\p18f4550.asm
                 IPR2bits   0x000fa2       data     extern C:\MCC18\SRC\TRADIT~1\PROC\p18f4550.asm
                Int_dealy   0x0002fd       data     extern D:\chen\Core\FirmWare_CT\LLJ_CS_CONTROL_(V3.0)\main.c
                     LATA   0x000f89       data     extern C:\MCC18\SRC\TRADIT~1\PROC\p18f4550.asm
                 LATAbits   0x000f89       data     extern C:\MCC18\SRC\TRADIT~1\PROC\p18f4550.asm
                     LATB   0x000f8a       data     extern C:\MCC18\SRC\TRADIT~1\PROC\p18f4550.asm
                 LATBbits   0x000f8a       data     extern C:\MCC18\SRC\TRADIT~1\PROC\p18f4550.asm
                     LATC   0x000f8b       data     extern C:\MCC18\SRC\TRADIT~1\PROC\p18f4550.asm
                 LATCbits   0x000f8b       data     extern C:\MCC18\SRC\TRADIT~1\PROC\p18f4550.asm
                     LATD   0x000f8c       data     extern C:\MCC18\SRC\TRADIT~1\PROC\p18f4550.asm
                 LATDbits   0x000f8c       data     extern C:\MCC18\SRC\TRADIT~1\PROC\p18f4550.asm
                     LATE   0x000f8d       data     extern C:\MCC18\SRC\TRADIT~1\PROC\p18f4550.asm
                 LATEbits   0x000f8d       data     extern C:\MCC18\SRC\TRADIT~1\PROC\p18f4550.asm
                   LVDCON   0x000fd2       data     extern C:\MCC18\SRC\TRADIT~1\PROC\p18f4550.asm
               LVDCONbits   0x000fd2       data     extern C:\MCC18\SRC\TRADIT~1\PROC\p18f4550.asm
                    MYDBU   0x0000ad       data     extern D:\chen\Core\FirmWare_CT\LLJ_CS_CONTROL_(V3.0)\main.c
                   OSCCON   0x000fd3       data     extern C:\MCC18\SRC\TRADIT~1\PROC\p18f4550.asm
               OSCCONbits   0x000fd3       data     extern C:\MCC18\SRC\TRADIT~1\PROC\p18f4550.asm
                  OSCTUNE   0x000f9b       data     extern C:\MCC18\SRC\TRADIT~1\PROC\p18f4550.asm
              OSCTUNEbits   0x000f9b       data     extern C:\MCC18\SRC\TRADIT~1\PROC\p18f4550.asm
                       PC   0x000ff9       data     extern C:\MCC18\SRC\TRADIT~1\PROC\p18f4550.asm
                      PCL   0x000ff9       data     extern C:\MCC18\SRC\TRADIT~1\PROC\p18f4550.asm
                   PCLATH   0x000ffa       data     extern C:\MCC18\SRC\TRADIT~1\PROC\p18f4550.asm
                   PCLATU   0x000ffb       data     extern C:\MCC18\SRC\TRADIT~1\PROC\p18f4550.asm
                     PIE1   0x000f9d       data     extern C:\MCC18\SRC\TRADIT~1\PROC\p18f4550.asm
                 PIE1bits   0x000f9d       data     extern C:\MCC18\SRC\TRADIT~1\PROC\p18f4550.asm
                     PIE2   0x000fa0       data     extern C:\MCC18\SRC\TRADIT~1\PROC\p18f4550.asm
                 PIE2bits   0x000fa0       data     extern C:\MCC18\SRC\TRADIT~1\PROC\p18f4550.asm
                     PIR1   0x000f9e       data     extern C:\MCC18\SRC\TRADIT~1\PROC\p18f4550.asm
                 PIR1bits   0x000f9e       data     extern C:\MCC18\SRC\TRADIT~1\PROC\p18f4550.asm
                     PIR2   0x000fa1       data     extern C:\MCC18\SRC\TRADIT~1\PROC\p18f4550.asm
                 PIR2bits   0x000fa1       data     extern C:\MCC18\SRC\TRADIT~1\PROC\p18f4550.asm
                   PLUSW0   0x000feb       data     extern C:\MCC18\SRC\TRADIT~1\PROC\p18f4550.asm
                   PLUSW1   0x000fe3       data     extern C:\MCC18\SRC\TRADIT~1\PROC\p18f4550.asm
                   PLUSW2   0x000fdb       data     extern C:\MCC18\SRC\TRADIT~1\PROC\p18f4550.asm
                    PORTA   0x000f80       data     extern C:\MCC18\SRC\TRADIT~1\PROC\p18f4550.asm
                PORTAbits   0x000f80       data     extern C:\MCC18\SRC\TRADIT~1\PROC\p18f4550.asm
                    PORTB   0x000f81       data     extern C:\MCC18\SRC\TRADIT~1\PROC\p18f4550.asm
                PORTBbits   0x000f81       data     extern C:\MCC18\SRC\TRADIT~1\PROC\p18f4550.asm
                    PORTC   0x000f82       data     extern C:\MCC18\SRC\TRADIT~1\PROC\p18f4550.asm
                PORTCbits   0x000f82       data     extern C:\MCC18\SRC\TRADIT~1\PROC\p18f4550.asm
                    PORTD   0x000f83       data     extern C:\MCC18\SRC\TRADIT~1\PROC\p18f4550.asm
                PORTDbits   0x000f83       data     extern C:\MCC18\SRC\TRADIT~1\PROC\p18f4550.asm
                    PORTE   0x000f84       data     extern C:\MCC18\SRC\TRADIT~1\PROC\p18f4550.asm
                PORTEbits   0x000f84       data     extern C:\MCC18\SRC\TRADIT~1\PROC\p18f4550.asm
                 POSTDEC0   0x000fed       data     extern C:\MCC18\SRC\TRADIT~1\PROC\p18f4550.asm
                 POSTDEC1   0x000fe5       data     extern C:\MCC18\SRC\TRADIT~1\PROC\p18f4550.asm
                 POSTDEC2   0x000fdd       data     extern C:\MCC18\SRC\TRADIT~1\PROC\p18f4550.asm
                 POSTINC0   0x000fee       data     extern C:\MCC18\SRC\TRADIT~1\PROC\p18f4550.asm
                 POSTINC1   0x000fe6       data     extern C:\MCC18\SRC\TRADIT~1\PROC\p18f4550.asm
                 POSTINC2   0x000fde       data     extern C:\MCC18\SRC\TRADIT~1\PROC\p18f4550.asm
                      PR2   0x000fcb       data     extern C:\MCC18\SRC\TRADIT~1\PROC\p18f4550.asm
                  PREINC0   0x000fec       data     extern C:\MCC18\SRC\TRADIT~1\PROC\p18f4550.asm
                  PREINC1   0x000fe4       data     extern C:\MCC18\SRC\TRADIT~1\PROC\p18f4550.asm
                  PREINC2   0x000fdc       data     extern C:\MCC18\SRC\TRADIT~1\PROC\p18f4550.asm
                     PROD   0x000ff3       data     extern C:\MCC18\SRC\TRADIT~1\PROC\p18f4550.asm
                    PRODH   0x000ff4       data     extern C:\MCC18\SRC\TRADIT~1\PROC\p18f4550.asm
                    PRODL   0x000ff3       data     extern C:\MCC18\SRC\TRADIT~1\PROC\p18f4550.asm
                    Pgain   0x0000ab       data     extern D:\chen\Core\FirmWare_CT\LLJ_CS_CONTROL_(V3.0)\main.c
                     RCON   0x000fd0       data     extern C:\MCC18\SRC\TRADIT~1\PROC\p18f4550.asm
                 RCONbits   0x000fd0       data     extern C:\MCC18\SRC\TRADIT~1\PROC\p18f4550.asm
                    RCREG   0x000fae       data     extern C:\MCC18\SRC\TRADIT~1\PROC\p18f4550.asm
                    RCSTA   0x000fab       data     extern C:\MCC18\SRC\TRADIT~1\PROC\p18f4550.asm
                RCSTAbits   0x000fab       data     extern C:\MCC18\SRC\TRADIT~1\PROC\p18f4550.asm
                    REMB0   0x000003       data     extern C:\MCC18\SRC\TRADIT~1\MATH\aarg.asm
                    REMB1   0x000002       data     extern C:\MCC18\SRC\TRADIT~1\MATH\aarg.asm
                    REMB2   0x000001       data     extern C:\MCC18\SRC\TRADIT~1\MATH\aarg.asm
                    REMB3   0x000000       data     extern C:\MCC18\SRC\TRADIT~1\MATH\aarg.asm
                   Rinter   0x0002fc       data     extern D:\chen\Core\FirmWare_CT\LLJ_CS_CONTROL_(V3.0)\main.c
                     SIGN   0x00000e       data     extern C:\MCC18\SRC\TRADIT~1\MATH\cmath18.asm
                    SPBRG   0x000faf       data     extern C:\MCC18\SRC\TRADIT~1\PROC\p18f4550.asm
                   SPBRGH   0x000fb0       data     extern C:\MCC18\SRC\TRADIT~1\PROC\p18f4550.asm
                   SPPCFG   0x000f63       data     extern C:\MCC18\SRC\TRADIT~1\PROC\p18f4550.asm
               SPPCFGbits   0x000f63       data     extern C:\MCC18\SRC\TRADIT~1\PROC\p18f4550.asm
                   SPPCON   0x000f65       data     extern C:\MCC18\SRC\TRADIT~1\PROC\p18f4550.asm
               SPPCONbits   0x000f65       data     extern C:\MCC18\SRC\TRADIT~1\PROC\p18f4550.asm
                  SPPDATA   0x000f62       data     extern C:\MCC18\SRC\TRADIT~1\PROC\p18f4550.asm
                   SPPEPS   0x000f64       data     extern C:\MCC18\SRC\TRADIT~1\PROC\p18f4550.asm
               SPPEPSbits   0x000f64       data     extern C:\MCC18\SRC\TRADIT~1\PROC\p18f4550.asm
                   SSPADD   0x000fc8       data     extern C:\MCC18\SRC\TRADIT~1\PROC\p18f4550.asm
                   SSPBUF   0x000fc9       data     extern C:\MCC18\SRC\TRADIT~1\PROC\p18f4550.asm
                  SSPCON1   0x000fc6       data     extern C:\MCC18\SRC\TRADIT~1\PROC\p18f4550.asm
              SSPCON1bits   0x000fc6       data     extern C:\MCC18\SRC\TRADIT~1\PROC\p18f4550.asm
                  SSPCON2   0x000fc5       data     extern C:\MCC18\SRC\TRADIT~1\PROC\p18f4550.asm
              SSPCON2bits   0x000fc5       data     extern C:\MCC18\SRC\TRADIT~1\PROC\p18f4550.asm
                  SSPSTAT   0x000fc7       data     extern C:\MCC18\SRC\TRADIT~1\PROC\p18f4550.asm
              SSPSTATbits   0x000fc7       data     extern C:\MCC18\SRC\TRADIT~1\PROC\p18f4550.asm
                   STATUS   0x000fd8       data     extern C:\MCC18\SRC\TRADIT~1\PROC\p18f4550.asm
               STATUSbits   0x000fd8       data     extern C:\MCC18\SRC\TRADIT~1\PROC\p18f4550.asm
                   STKPTR   0x000ffc       data     extern C:\MCC18\SRC\TRADIT~1\PROC\p18f4550.asm
               STKPTRbits   0x000ffc       data     extern C:\MCC18\SRC\TRADIT~1\PROC\p18f4550.asm
                    T0CON   0x000fd5       data     extern C:\MCC18\SRC\TRADIT~1\PROC\p18f4550.asm
                T0CONbits   0x000fd5       data     extern C:\MCC18\SRC\TRADIT~1\PROC\p18f4550.asm
                    T1CON   0x000fcd       data     extern C:\MCC18\SRC\TRADIT~1\PROC\p18f4550.asm
                T1CONbits   0x000fcd       data     extern C:\MCC18\SRC\TRADIT~1\PROC\p18f4550.asm
                  T1_flag   0x0000aa       data     extern D:\chen\Core\FirmWare_CT\LLJ_CS_CONTROL_(V3.0)\main.c
                    T2CON   0x000fca       data     extern C:\MCC18\SRC\TRADIT~1\PROC\p18f4550.asm
                T2CONbits   0x000fca       data     extern C:\MCC18\SRC\TRADIT~1\PROC\p18f4550.asm
                    T3CON   0x000fb1       data     extern C:\MCC18\SRC\TRADIT~1\PROC\p18f4550.asm
                T3CONbits   0x000fb1       data     extern C:\MCC18\SRC\TRADIT~1\PROC\p18f4550.asm
                   TABLAT   0x000ff5       data     extern C:\MCC18\SRC\TRADIT~1\PROC\p18f4550.asm
                   TBLPTR   0x000ff6       data     extern C:\MCC18\SRC\TRADIT~1\PROC\p18f4550.asm
                  TBLPTRH   0x000ff7       data     extern C:\MCC18\SRC\TRADIT~1\PROC\p18f4550.asm
                  TBLPTRL   0x000ff6       data     extern C:\MCC18\SRC\TRADIT~1\PROC\p18f4550.asm
                  TBLPTRU   0x000ff8       data     extern C:\MCC18\SRC\TRADIT~1\PROC\p18f4550.asm
                    TMR0H   0x000fd7       data     extern C:\MCC18\SRC\TRADIT~1\PROC\p18f4550.asm
                    TMR0L   0x000fd6       data     extern C:\MCC18\SRC\TRADIT~1\PROC\p18f4550.asm
                    TMR1H   0x000fcf       data     extern C:\MCC18\SRC\TRADIT~1\PROC\p18f4550.asm
                    TMR1L   0x000fce       data     extern C:\MCC18\SRC\TRADIT~1\PROC\p18f4550.asm
                     TMR2   0x000fcc       data     extern C:\MCC18\SRC\TRADIT~1\PROC\p18f4550.asm
                    TMR3H   0x000fb3       data     extern C:\MCC18\SRC\TRADIT~1\PROC\p18f4550.asm
                    TMR3L   0x000fb2       data     extern C:\MCC18\SRC\TRADIT~1\PROC\p18f4550.asm
                      TOS   0x000ffd       data     extern C:\MCC18\SRC\TRADIT~1\PROC\p18f4550.asm
                     TOSH   0x000ffe       data     extern C:\MCC18\SRC\TRADIT~1\PROC\p18f4550.asm
                     TOSL   0x000ffd       data     extern C:\MCC18\SRC\TRADIT~1\PROC\p18f4550.asm
                     TOSU   0x000fff       data     extern C:\MCC18\SRC\TRADIT~1\PROC\p18f4550.asm
                    TRISA   0x000f92       data     extern C:\MCC18\SRC\TRADIT~1\PROC\p18f4550.asm
                TRISAbits   0x000f92       data     extern C:\MCC18\SRC\TRADIT~1\PROC\p18f4550.asm
                    TRISB   0x000f93       data     extern C:\MCC18\SRC\TRADIT~1\PROC\p18f4550.asm
                TRISBbits   0x000f93       data     extern C:\MCC18\SRC\TRADIT~1\PROC\p18f4550.asm
                    TRISC   0x000f94       data     extern C:\MCC18\SRC\TRADIT~1\PROC\p18f4550.asm
                TRISCbits   0x000f94       data     extern C:\MCC18\SRC\TRADIT~1\PROC\p18f4550.asm
                    TRISD   0x000f95       data     extern C:\MCC18\SRC\TRADIT~1\PROC\p18f4550.asm
                TRISDbits   0x000f95       data     extern C:\MCC18\SRC\TRADIT~1\PROC\p18f4550.asm
                    TRISE   0x000f96       data     extern C:\MCC18\SRC\TRADIT~1\PROC\p18f4550.asm
                TRISEbits   0x000f96       data     extern C:\MCC18\SRC\TRADIT~1\PROC\p18f4550.asm
                    TXREG   0x000fad       data     extern C:\MCC18\SRC\TRADIT~1\PROC\p18f4550.asm
                    TXSTA   0x000fac       data     extern C:\MCC18\SRC\TRADIT~1\PROC\p18f4550.asm
                TXSTAbits   0x000fac       data     extern C:\MCC18\SRC\TRADIT~1\PROC\p18f4550.asm
                    UADDR   0x000f6e       data     extern C:\MCC18\SRC\TRADIT~1\PROC\p18f4550.asm
                UADDRbits   0x000f6e       data     extern C:\MCC18\SRC\TRADIT~1\PROC\p18f4550.asm
                     UCFG   0x000f6f       data     extern C:\MCC18\SRC\TRADIT~1\PROC\p18f4550.asm
                 UCFGbits   0x000f6f       data     extern C:\MCC18\SRC\TRADIT~1\PROC\p18f4550.asm
                     UCON   0x000f6d       data     extern C:\MCC18\SRC\TRADIT~1\PROC\p18f4550.asm
                 UCONbits   0x000f6d       data     extern C:\MCC18\SRC\TRADIT~1\PROC\p18f4550.asm
                     UEIE   0x000f6b       data     extern C:\MCC18\SRC\TRADIT~1\PROC\p18f4550.asm
                 UEIEbits   0x000f6b       data     extern C:\MCC18\SRC\TRADIT~1\PROC\p18f4550.asm
                     UEIR   0x000f6a       data     extern C:\MCC18\SRC\TRADIT~1\PROC\p18f4550.asm
                 UEIRbits   0x000f6a       data     extern C:\MCC18\SRC\TRADIT~1\PROC\p18f4550.asm
                     UEP0   0x000f70       data     extern C:\MCC18\SRC\TRADIT~1\PROC\p18f4550.asm
                 UEP0bits   0x000f70       data     extern C:\MCC18\SRC\TRADIT~1\PROC\p18f4550.asm
                     UEP1   0x000f71       data     extern C:\MCC18\SRC\TRADIT~1\PROC\p18f4550.asm
                    UEP10   0x000f7a       data     extern C:\MCC18\SRC\TRADIT~1\PROC\p18f4550.asm
                UEP10bits   0x000f7a       data     extern C:\MCC18\SRC\TRADIT~1\PROC\p18f4550.asm
                    UEP11   0x000f7b       data     extern C:\MCC18\SRC\TRADIT~1\PROC\p18f4550.asm
                UEP11bits   0x000f7b       data     extern C:\MCC18\SRC\TRADIT~1\PROC\p18f4550.asm
                    UEP12   0x000f7c       data     extern C:\MCC18\SRC\TRADIT~1\PROC\p18f4550.asm
                UEP12bits   0x000f7c       data     extern C:\MCC18\SRC\TRADIT~1\PROC\p18f4550.asm
                    UEP13   0x000f7d       data     extern C:\MCC18\SRC\TRADIT~1\PROC\p18f4550.asm
                UEP13bits   0x000f7d       data     extern C:\MCC18\SRC\TRADIT~1\PROC\p18f4550.asm
                    UEP14   0x000f7e       data     extern C:\MCC18\SRC\TRADIT~1\PROC\p18f4550.asm
                UEP14bits   0x000f7e       data     extern C:\MCC18\SRC\TRADIT~1\PROC\p18f4550.asm
                    UEP15   0x000f7f       data     extern C:\MCC18\SRC\TRADIT~1\PROC\p18f4550.asm
                UEP15bits   0x000f7f       data     extern C:\MCC18\SRC\TRADIT~1\PROC\p18f4550.asm
                 UEP1bits   0x000f71       data     extern C:\MCC18\SRC\TRADIT~1\PROC\p18f4550.asm
                     UEP2   0x000f72       data     extern C:\MCC18\SRC\TRADIT~1\PROC\p18f4550.asm
                 UEP2bits   0x000f72       data     extern C:\MCC18\SRC\TRADIT~1\PROC\p18f4550.asm
                     UEP3   0x000f73       data     extern C:\MCC18\SRC\TRADIT~1\PROC\p18f4550.asm
                 UEP3bits   0x000f73       data     extern C:\MCC18\SRC\TRADIT~1\PROC\p18f4550.asm
                     UEP4   0x000f74       data     extern C:\MCC18\SRC\TRADIT~1\PROC\p18f4550.asm
                 UEP4bits   0x000f74       data     extern C:\MCC18\SRC\TRADIT~1\PROC\p18f4550.asm
                     UEP5   0x000f75       data     extern C:\MCC18\SRC\TRADIT~1\PROC\p18f4550.asm
                 UEP5bits   0x000f75       data     extern C:\MCC18\SRC\TRADIT~1\PROC\p18f4550.asm
                     UEP6   0x000f76       data     extern C:\MCC18\SRC\TRADIT~1\PROC\p18f4550.asm
                 UEP6bits   0x000f76       data     extern C:\MCC18\SRC\TRADIT~1\PROC\p18f4550.asm
                     UEP7   0x000f77       data     extern C:\MCC18\SRC\TRADIT~1\PROC\p18f4550.asm
                 UEP7bits   0x000f77       data     extern C:\MCC18\SRC\TRADIT~1\PROC\p18f4550.asm
                     UEP8   0x000f78       data     extern C:\MCC18\SRC\TRADIT~1\PROC\p18f4550.asm
                 UEP8bits   0x000f78       data     extern C:\MCC18\SRC\TRADIT~1\PROC\p18f4550.asm
                     UEP9   0x000f79       data     extern C:\MCC18\SRC\TRADIT~1\PROC\p18f4550.asm
                 UEP9bits   0x000f79       data     extern C:\MCC18\SRC\TRADIT~1\PROC\p18f4550.asm
                     UFRM   0x000f66       data     extern C:\MCC18\SRC\TRADIT~1\PROC\p18f4550.asm
                    UFRMH   0x000f67       data     extern C:\MCC18\SRC\TRADIT~1\PROC\p18f4550.asm
                    UFRML   0x000f66       data     extern C:\MCC18\SRC\TRADIT~1\PROC\p18f4550.asm
                      UIE   0x000f69       data     extern C:\MCC18\SRC\TRADIT~1\PROC\p18f4550.asm
                  UIEbits   0x000f69       data     extern C:\MCC18\SRC\TRADIT~1\PROC\p18f4550.asm
                      UIR   0x000f68       data     extern C:\MCC18\SRC\TRADIT~1\PROC\p18f4550.asm
                  UIRbits   0x000f68       data     extern C:\MCC18\SRC\TRADIT~1\PROC\p18f4550.asm
                    USTAT   0x000f6c       data     extern C:\MCC18\SRC\TRADIT~1\PROC\p18f4550.asm
                USTATbits   0x000f6c       data     extern C:\MCC18\SRC\TRADIT~1\PROC\p18f4550.asm
           Vbat_excursion   0x0002fa       data     extern D:\chen\Core\FirmWare_CT\LLJ_CS_CONTROL_(V3.0)\main.c
                   WDTCON   0x000fd1       data     extern C:\MCC18\SRC\TRADIT~1\PROC\p18f4550.asm
               WDTCONbits   0x000fd1       data     extern C:\MCC18\SRC\TRADIT~1\PROC\p18f4550.asm
                     WREG   0x000fe8       data     extern C:\MCC18\SRC\TRADIT~1\PROC\p18f4550.asm
                  __tmp_0   0x000010       data     static D:\chen\Core\FirmWare_CT\LLJ_CS_CONTROL_(V3.0)\device.c
                  __tmp_0   0x000010       data     static D:\chen\Core\FirmWare_CT\LLJ_CS_CONTROL_(V3.0)\main.c
                  __tmp_1   0x000014       data     static D:\chen\Core\FirmWare_CT\LLJ_CS_CONTROL_(V3.0)\main.c
                  coffBuf   0x000100       data     extern D:\chen\Core\FirmWare_CT\LLJ_CS_CONTROL_(V3.0)\device.c
                curr_byte   0x0000d4       data     static C:\MCC18\src\traditional\startup\c018i.c
               curr_entry   0x0000d6       data     static C:\MCC18\src\traditional\startup\c018i.c
                   data74   0x000060       data     extern D:\chen\Core\FirmWare_CT\LLJ_CS_CONTROL_(V3.0)\main.c
                 data_ptr   0x0000d8       data     static C:\MCC18\src\traditional\startup\c018i.c
                  g_wlCnt   0x0000ce       data     extern D:\chen\Core\FirmWare_CT\LLJ_CS_CONTROL_(V3.0)\main.c
              g_wlCntHigh   0x0000cf       data     extern D:\chen\Core\FirmWare_CT\LLJ_CS_CONTROL_(V3.0)\main.c
               g_wlCntLow   0x0000d0       data     extern D:\chen\Core\FirmWare_CT\LLJ_CS_CONTROL_(V3.0)\main.c
             g_wlModeFlag   0x0000ac       data     extern D:\chen\Core\FirmWare_CT\LLJ_CS_CONTROL_(V3.0)\main.c
                g_wlValAr   0x0000ae       data     extern D:\chen\Core\FirmWare_CT\LLJ_CS_CONTROL_(V3.0)\main.c
                     para   0x000204       data     extern D:\chen\Core\FirmWare_CT\LLJ_CS_CONTROL_(V3.0)\main.c
                     prom   0x0000d1       data     static C:\MCC18\src\traditional\startup\c018i.c
              valid_block   0x0002f4       data     extern D:\chen\Core\FirmWare_CT\LLJ_CS_CONTROL_(V3.0)\main.c
          valid_excursion   0x0002f8       data     extern D:\chen\Core\FirmWare_CT\LLJ_CS_CONTROL_(V3.0)\main.c
                    value   0x000200       data     extern D:\chen\Core\FirmWare_CT\LLJ_CS_CONTROL_(V3.0)\main.c



                              Symbols - Sorted by Address
                     Name    Address   Location    Storage File                     
                ---------  ---------  ---------  --------- ---------                
                   _entry   0x000000    program     extern C:\MCC18\src\traditional\startup\c018i.c
       ___return_lbl00000   0x000004    program     static                          
                 high_ISR   0x000808    program     extern D:\chen\Core\FirmWare_CT\LLJ_CS_CONTROL_(V3.0)\main.c
       ___return_lbl00000   0x00080c    program     static                          
                 Delay_mS   0x00081c    program     extern D:\chen\Core\FirmWare_CT\LLJ_CS_CONTROL_(V3.0)\device.c
                 Delay_uS   0x00087e    program     extern D:\chen\Core\FirmWare_CT\LLJ_CS_CONTROL_(V3.0)\device.c
          ___for_lbl00010   0x00088a    program     static                          
          ___for_lbl00008   0x000894    program     static                          
       ___return_lbl00007   0x000898    program     static                          
          ___for_lbl00009   0x000898    program     static                          
                       Tx   0x0008a2    program     extern D:\chen\Core\FirmWare_CT\LLJ_CS_CONTROL_(V3.0)\device.c
                       Rx   0x0008bc    program     extern D:\chen\Core\FirmWare_CT\LLJ_CS_CONTROL_(V3.0)\device.c
                 Send_vrf   0x0008dc    program     extern D:\chen\Core\FirmWare_CT\LLJ_CS_CONTROL_(V3.0)\device.c
              Send_IDinfo   0x00097a    program     extern D:\chen\Core\FirmWare_CT\LLJ_CS_CONTROL_(V3.0)\device.c
          ___for_lbl00024   0x00098a    program     static                          
          ___for_lbl00022   0x0009a6    program     static                          
          ___for_lbl00023   0x0009aa    program     static                          
           ___if_lbl00025   0x0009e4    program     static                          
           ___if_lbl00026   0x000a20    program     static                          
          ___for_lbl00029   0x000a26    program     static                          
          ___for_lbl00027   0x000a52    program     static                          
          ___for_lbl00028   0x000a56    program     static                          
       ___return_lbl00021   0x000a5e    program     static                          
               Send_davrf   0x000a76    program     extern D:\chen\Core\FirmWare_CT\LLJ_CS_CONTROL_(V3.0)\device.c
                   Txpack   0x000aae    program     extern D:\chen\Core\FirmWare_CT\LLJ_CS_CONTROL_(V3.0)\device.c
              Txblockpack   0x000b5c    program     extern D:\chen\Core\FirmWare_CT\LLJ_CS_CONTROL_(V3.0)\device.c
               Rx_infpack   0x000c30    program     extern D:\chen\Core\FirmWare_CT\LLJ_CS_CONTROL_(V3.0)\device.c
                   Rxpack   0x000d28    program     extern D:\chen\Core\FirmWare_CT\LLJ_CS_CONTROL_(V3.0)\device.c
             Single_point   0x001012    program     extern D:\chen\Core\FirmWare_CT\LLJ_CS_CONTROL_(V3.0)\device.c
               SingleTest   0x001146    program     extern D:\chen\Core\FirmWare_CT\LLJ_CS_CONTROL_(V3.0)\device.c
                 Get_para   0x00116e    program     extern D:\chen\Core\FirmWare_CT\LLJ_CS_CONTROL_(V3.0)\device.c
                Send_data   0x0019be    program     extern D:\chen\Core\FirmWare_CT\LLJ_CS_CONTROL_(V3.0)\device.c
             Send_dataNew   0x001bb6    program     extern D:\chen\Core\FirmWare_CT\LLJ_CS_CONTROL_(V3.0)\device.c
              Delete_data   0x001f22    program     extern D:\chen\Core\FirmWare_CT\LLJ_CS_CONTROL_(V3.0)\device.c
            Send_testinfo   0x0021f8    program     extern D:\chen\Core\FirmWare_CT\LLJ_CS_CONTROL_(V3.0)\device.c
              Rx_Testinfo   0x002286    program     extern D:\chen\Core\FirmWare_CT\LLJ_CS_CONTROL_(V3.0)\device.c
         SpiDF321_OutByte   0x002346    program     extern D:\chen\Core\FirmWare_CT\LLJ_CS_CONTROL_(V3.0)\device.c
          SpiDF321_InByte   0x002392    program     extern D:\chen\Core\FirmWare_CT\LLJ_CS_CONTROL_(V3.0)\device.c
                 Write_EN   0x0023e2    program     extern D:\chen\Core\FirmWare_CT\LLJ_CS_CONTROL_(V3.0)\device.c
       ___return_lbl00191   0x00240e    program     static                          
              Read_status   0x002416    program     extern D:\chen\Core\FirmWare_CT\LLJ_CS_CONTROL_(V3.0)\device.c
       ___return_lbl00192   0x00244e    program     static                          
        Write_Flash_unpro   0x002458    program     extern D:\chen\Core\FirmWare_CT\LLJ_CS_CONTROL_(V3.0)\device.c
           ___if_lbl00194   0x0024b6    program     static                          
       ___return_lbl00193   0x0024f2    program     static                          
           Read_DF321page   0x0024fc    program     extern D:\chen\Core\FirmWare_CT\LLJ_CS_CONTROL_(V3.0)\device.c
        ___while_lbl00196   0x00259a    program     static                          
        ___while_lbl00197   0x0025d4    program     static                          
       ___return_lbl00195   0x0025de    program     static                          
             Read_DF321ID   0x0025f6    program     extern D:\chen\Core\FirmWare_CT\LLJ_CS_CONTROL_(V3.0)\device.c
        ___while_lbl00199   0x00261e    program     static                          
        ___while_lbl00200   0x002648    program     static                          
       ___return_lbl00198   0x002652    program     static                          
          Write_DF321page   0x00265c    program     extern D:\chen\Core\FirmWare_CT\LLJ_CS_CONTROL_(V3.0)\device.c
        ___while_lbl00202   0x002714    program     static                          
          ___for_lbl00206   0x002744    program     static                          
          ___for_lbl00204   0x00274a    program     static                          
          ___for_lbl00205   0x00274e    program     static                          
        ___while_lbl00203   0x00275a    program     static                          
          ___for_lbl00209   0x002768    program     static                          
          ___for_lbl00207   0x00276e    program     static                          
          ___for_lbl00208   0x002772    program     static                          
       ___return_lbl00201   0x002772    program     static                          
         Erase_DF321block   0x00278a    program     extern D:\chen\Core\FirmWare_CT\LLJ_CS_CONTROL_(V3.0)\device.c
           ___do_lbl00213   0x00286e    program     static                          
           ___do_lbl00211   0x002892    program     static                          
           ___do_lbl00212   0x002896    program     static                          
       ___return_lbl00210   0x0028b2    program     static                          
                    R2550   0x0028ca    program     extern D:\chen\Core\FirmWare_CT\LLJ_CS_CONTROL_(V3.0)\device.c
                   WW2550   0x0028f0    program     extern D:\chen\Core\FirmWare_CT\LLJ_CS_CONTROL_(V3.0)\device.c
                    W2550   0x002928    program     extern D:\chen\Core\FirmWare_CT\LLJ_CS_CONTROL_(V3.0)\device.c
                RecAD7799   0x002958    program     extern D:\chen\Core\FirmWare_CT\LLJ_CS_CONTROL_(V3.0)\device.c
              WriteAD7799   0x0029d2    program     extern D:\chen\Core\FirmWare_CT\LLJ_CS_CONTROL_(V3.0)\device.c
          ___for_lbl00242   0x0029e0    program     static                          
         ___else_lbl00235   0x002a02    program     static                          
           ___if_lbl00234   0x002a04    program     static                          
          ___for_lbl00238   0x002a0c    program     static                          
          ___for_lbl00236   0x002a14    program     static                          
          ___for_lbl00237   0x002a1a    program     static                          
          ___for_lbl00241   0x002a22    program     static                          
          ___for_lbl00239   0x002a2a    program     static                          
          ___for_lbl00240   0x002a30    program     static                          
          ___for_lbl00232   0x002a30    program     static                          
          ___for_lbl00233   0x002a34    program     static                          
       ___return_lbl00231   0x002a3e    program     static                          
              resetAD7799   0x002a56    program     extern D:\chen\Core\FirmWare_CT\LLJ_CS_CONTROL_(V3.0)\device.c
       ___return_lbl00243   0x002aba    program     static                          
             PreAD7799_P1   0x002abc    program     extern D:\chen\Core\FirmWare_CT\LLJ_CS_CONTROL_(V3.0)\device.c
       ___return_lbl00244   0x002b48    program     static                          
             PreAD7799_T1   0x002b4a    program     extern D:\chen\Core\FirmWare_CT\LLJ_CS_CONTROL_(V3.0)\device.c
       ___return_lbl00245   0x002bd6    program     static                          
          ReadAD7799_16P1   0x002bd8    program     extern D:\chen\Core\FirmWare_CT\LLJ_CS_CONTROL_(V3.0)\device.c
          ReadAD7799_16T1   0x002c8e    program     extern D:\chen\Core\FirmWare_CT\LLJ_CS_CONTROL_(V3.0)\device.c
          ReadAD7799_16F1   0x002cf0    program     extern D:\chen\Core\FirmWare_CT\LLJ_CS_CONTROL_(V3.0)\device.c
          ReadAD7799_16F2   0x002d42    program     extern D:\chen\Core\FirmWare_CT\LLJ_CS_CONTROL_(V3.0)\device.c
                 AD_10BIT   0x002d94    program     extern D:\chen\Core\FirmWare_CT\LLJ_CS_CONTROL_(V3.0)\device.c
        ___while_lbl00251   0x002db6    program     static                          
        ___while_lbl00252   0x002dba    program     static                          
       ___return_lbl00250   0x002dc2    program     static                          
             ReadAD_MODE0   0x002dc4    program     extern D:\chen\Core\FirmWare_CT\LLJ_CS_CONTROL_(V3.0)\device.c
       ___return_lbl00253   0x002e0e    program     static                          
             ReadAD_MODE1   0x002e10    program     extern D:\chen\Core\FirmWare_CT\LLJ_CS_CONTROL_(V3.0)\device.c
       ___return_lbl00254   0x002e5a    program     static                          
             ReadAD_MODE8   0x002e5c    program     extern D:\chen\Core\FirmWare_CT\LLJ_CS_CONTROL_(V3.0)\device.c
          ___for_lbl00258   0x002ece    program     static                          
          ___for_lbl00256   0x002f12    program     static                          
          ___for_lbl00257   0x002f18    program     static                          
       ___return_lbl00255   0x002fca    program     static                          
             ReadAD_MODE9   0x002fe2    program     extern D:\chen\Core\FirmWare_CT\LLJ_CS_CONTROL_(V3.0)\device.c
       ___return_lbl00259   0x0030dc    program     static                          
              Sample_save   0x0030de    program     extern D:\chen\Core\FirmWare_CT\LLJ_CS_CONTROL_(V3.0)\device.c
            Sleep_forever   0x0035c4    program     extern D:\chen\Core\FirmWare_CT\LLJ_CS_CONTROL_(V3.0)\device.c
       ___return_lbl00287   0x0035d0    program     static                          
           RX_TMIE1_inter   0x0035d2    program     extern D:\chen\Core\FirmWare_CT\LLJ_CS_CONTROL_(V3.0)\main.c
          ___for_lbl00004   0x003606    program     static                          
          ___for_lbl00002   0x00360e    program     static                          
          ___for_lbl00003   0x003614    program     static                          
         ___else_lbl00007   0x00362a    program     static                          
           ___if_lbl00005   0x0036da    program     static                          
           ___if_lbl00008   0x0036de    program     static                          
           ___if_lbl00006   0x0036de    program     static                          
           ___if_lbl00009   0x0036e8    program     static                          
       ___return_lbl00001   0x0036e8    program     static                          
                     main   0x0036f8    program     extern D:\chen\Core\FirmWare_CT\LLJ_CS_CONTROL_(V3.0)\main.c
           ___if_lbl00011   0x003778    program     static                          
           ___if_lbl00012   0x003788    program     static                          
         ___else_lbl00014   0x003790    program     static                          
           ___if_lbl00013   0x003792    program     static                          
        ___while_lbl00015   0x003792    program     static                          
       ___return_lbl00010   0x003794    program     static                          
        ___while_lbl00016   0x003794    program     static                          
                 Ini_port   0x00379e    program     extern D:\chen\Core\FirmWare_CT\LLJ_CS_CONTROL_(V3.0)\main.c
                Ccp1_Init   0x0037e2    program     extern D:\chen\Core\FirmWare_CT\LLJ_CS_CONTROL_(V3.0)\main.c
              Init_Timer1   0x0037fe    program     extern D:\chen\Core\FirmWare_CT\LLJ_CS_CONTROL_(V3.0)\main.c
              Init_Timer0   0x00380e    program     extern D:\chen\Core\FirmWare_CT\LLJ_CS_CONTROL_(V3.0)\main.c
            Init_WlSample   0x003854    program     extern D:\chen\Core\FirmWare_CT\LLJ_CS_CONTROL_(V3.0)\main.c
                Open_avdd   0x003860    program     extern D:\chen\Core\FirmWare_CT\LLJ_CS_CONTROL_(V3.0)\main.c
               Close_avdd   0x003888    program     extern D:\chen\Core\FirmWare_CT\LLJ_CS_CONTROL_(V3.0)\main.c
                Get_pgain   0x0038a6    program     extern D:\chen\Core\FirmWare_CT\LLJ_CS_CONTROL_(V3.0)\main.c
                 Com_mode   0x00395e    program     extern D:\chen\Core\FirmWare_CT\LLJ_CS_CONTROL_(V3.0)\main.c
                Test_mode   0x003b28    program     extern D:\chen\Core\FirmWare_CT\LLJ_CS_CONTROL_(V3.0)\main.c
               Test0_mode   0x004144    program     extern D:\chen\Core\FirmWare_CT\LLJ_CS_CONTROL_(V3.0)\main.c
          ___for_lbl00146   0x0041be    program     static                          
               __tmplbl_3   0x0041c6    program     static                          
               __tmplbl_4   0x0041e2    program     static                          
               __tmplbl_2   0x0041e6    program     static                          
               __tmplbl_5   0x004202    program     static                          
               __tmplbl_1   0x004206    program     static                          
               __tmplbl_6   0x0042a8    program     static                          
         ___else_lbl00102   0x0042b2    program     static                          
           ___if_lbl00101   0x0042b6    program     static                          
               __tmplbl_7   0x0042d2    program     static                          
           ___do_lbl00145   0x0042d8    program     static                          
           ___if_lbl00103   0x0042d8    program     static                          
               __tmplbl_8   0x0042f4    program     static                          
        ___while_lbl00106   0x004318    program     static                          
               __tmplbl_9   0x004334    program     static                          
        ___while_lbl00107   0x004356    program     static                          
           ___if_lbl00108   0x004376    program     static                          
           ___if_lbl00109   0x004376    program     static                          
        ___while_lbl00110   0x0043c0    program     static                          
        ___while_lbl00111   0x0043c8    program     static                          
        ___while_lbl00112   0x0043d8    program     static                          
        ___while_lbl00113   0x0043e0    program     static                          
        ___while_lbl00114   0x0043f0    program     static                          
        ___while_lbl00115   0x0043f8    program     static                          
        ___while_lbl00116   0x004408    program     static                          
        ___while_lbl00117   0x004410    program     static                          
        ___while_lbl00118   0x00442c    program     static                          
        ___while_lbl00119   0x004434    program     static                          
        ___while_lbl00120   0x004450    program     static                          
        ___while_lbl00121   0x004458    program     static                          
        ___while_lbl00122   0x004468    program     static                          
        ___while_lbl00123   0x004470    program     static                          
        ___while_lbl00124   0x0044b8    program     static                          
        ___while_lbl00125   0x0044c0    program     static                          
        ___while_lbl00126   0x004508    program     static                          
        ___while_lbl00127   0x004510    program     static                          
        ___while_lbl00128   0x004558    program     static                          
        ___while_lbl00129   0x004560    program     static                          
        ___while_lbl00130   0x0045a8    program     static                          
        ___while_lbl00131   0x0045b0    program     static                          
        ___while_lbl00132   0x0045f8    program     static                          
        ___while_lbl00133   0x004600    program     static                          
        ___while_lbl00134   0x004648    program     static                          
        ___while_lbl00135   0x004650    program     static                          
        ___while_lbl00136   0x004698    program     static                          
        ___while_lbl00137   0x0046a0    program     static                          
        ___while_lbl00138   0x0046e8    program     static                          
        ___while_lbl00139   0x0046f0    program     static                          
              __tmplbl_10   0x0047e0    program     static                          
           ___if_lbl00140   0x0047e6    program     static                          
              __tmplbl_11   0x004802    program     static                          
         ___else_lbl00142   0x00480c    program     static                          
           ___if_lbl00141   0x004810    program     static                          
        ___while_lbl00143   0x004810    program     static                          
           ___do_lbl00104   0x004818    program     static                          
        ___while_lbl00144   0x004818    program     static                          
           ___do_lbl00105   0x004820    program     static                          
          ___for_lbl00097   0x0048a8    program     static                          
          ___for_lbl00098   0x0048ac    program     static                          
       ___return_lbl00096   0x0048b0    program     static                          
                _do_cinit   0x0048c8    program     extern C:\MCC18\src\traditional\startup\c018i.c
                     test   0x0048e2    program     static                          
                copy_loop   0x00493a    program     static                          
            copy_one_byte   0x004940    program     static                          
             done_copying   0x00494e    program     static                          
                     done   0x004964    program     static                          
       ___return_lbl00002   0x004964    program     static                          
                 FXD2424U   0x004966    program     extern C:\MCC18\src\TRADIT~1\math\fxd2424u.c
                     loop   0x004972    program     static                          
                   _false   0x00499a    program     static                          
       ___return_lbl00000   0x00499e    program     static                          
                 _startup   0x0049a0    program     extern C:\MCC18\src\traditional\startup\c018i.c
                     loop   0x0049b0    program     static                          
       ___return_lbl00001   0x0049b6    program     static                          
                    REMB3   0x000000       data     extern C:\MCC18\SRC\TRADIT~1\MATH\aarg.asm
                   AARGB7   0x000000       data     extern C:\MCC18\SRC\TRADIT~1\MATH\aarg.asm
                   AARGB6   0x000001       data     extern C:\MCC18\SRC\TRADIT~1\MATH\aarg.asm
                    REMB2   0x000001       data     extern C:\MCC18\SRC\TRADIT~1\MATH\aarg.asm
                   AARGB5   0x000002       data     extern C:\MCC18\SRC\TRADIT~1\MATH\aarg.asm
                    REMB1   0x000002       data     extern C:\MCC18\SRC\TRADIT~1\MATH\aarg.asm
                   AARGB4   0x000003       data     extern C:\MCC18\SRC\TRADIT~1\MATH\aarg.asm
                    REMB0   0x000003       data     extern C:\MCC18\SRC\TRADIT~1\MATH\aarg.asm
                   AARGB3   0x000004       data     extern C:\MCC18\SRC\TRADIT~1\MATH\aarg.asm
                   AARGB2   0x000005       data     extern C:\MCC18\SRC\TRADIT~1\MATH\aarg.asm
                   AARGB1   0x000006       data     extern C:\MCC18\SRC\TRADIT~1\MATH\aarg.asm
                   AARGB0   0x000007       data     extern C:\MCC18\SRC\TRADIT~1\MATH\aarg.asm
                     AEXP   0x000008       data     extern C:\MCC18\SRC\TRADIT~1\MATH\aarg.asm
                   BARGB3   0x000009       data     extern C:\MCC18\SRC\TRADIT~1\MATH\barg.asm
                   BARGB2   0x00000a       data     extern C:\MCC18\SRC\TRADIT~1\MATH\barg.asm
                   BARGB1   0x00000b       data     extern C:\MCC18\SRC\TRADIT~1\MATH\barg.asm
                   BARGB0   0x00000c       data     extern C:\MCC18\SRC\TRADIT~1\MATH\barg.asm
                     BEXP   0x00000d       data     extern C:\MCC18\SRC\TRADIT~1\MATH\barg.asm
                     SIGN   0x00000e       data     extern C:\MCC18\SRC\TRADIT~1\MATH\cmath18.asm
                  FPFLAGS   0x00000f       data     extern C:\MCC18\SRC\TRADIT~1\MATH\cmath18.asm
              FPFLAGSbits   0x00000f       data     extern C:\MCC18\SRC\TRADIT~1\MATH\cmath18.asm
                  __tmp_0   0x000010       data     static D:\chen\Core\FirmWare_CT\LLJ_CS_CONTROL_(V3.0)\device.c
                  __tmp_0   0x000010       data     static D:\chen\Core\FirmWare_CT\LLJ_CS_CONTROL_(V3.0)\main.c
                  __tmp_1   0x000014       data     static D:\chen\Core\FirmWare_CT\LLJ_CS_CONTROL_(V3.0)\main.c
                   data74   0x000060       data     extern D:\chen\Core\FirmWare_CT\LLJ_CS_CONTROL_(V3.0)\main.c
                  T1_flag   0x0000aa       data     extern D:\chen\Core\FirmWare_CT\LLJ_CS_CONTROL_(V3.0)\main.c
                    Pgain   0x0000ab       data     extern D:\chen\Core\FirmWare_CT\LLJ_CS_CONTROL_(V3.0)\main.c
             g_wlModeFlag   0x0000ac       data     extern D:\chen\Core\FirmWare_CT\LLJ_CS_CONTROL_(V3.0)\main.c
                    MYDBU   0x0000ad       data     extern D:\chen\Core\FirmWare_CT\LLJ_CS_CONTROL_(V3.0)\main.c
                g_wlValAr   0x0000ae       data     extern D:\chen\Core\FirmWare_CT\LLJ_CS_CONTROL_(V3.0)\main.c
                  g_wlCnt   0x0000ce       data     extern D:\chen\Core\FirmWare_CT\LLJ_CS_CONTROL_(V3.0)\main.c
              g_wlCntHigh   0x0000cf       data     extern D:\chen\Core\FirmWare_CT\LLJ_CS_CONTROL_(V3.0)\main.c
               g_wlCntLow   0x0000d0       data     extern D:\chen\Core\FirmWare_CT\LLJ_CS_CONTROL_(V3.0)\main.c
                     prom   0x0000d1       data     static C:\MCC18\src\traditional\startup\c018i.c
                curr_byte   0x0000d4       data     static C:\MCC18\src\traditional\startup\c018i.c
               curr_entry   0x0000d6       data     static C:\MCC18\src\traditional\startup\c018i.c
                 data_ptr   0x0000d8       data     static C:\MCC18\src\traditional\startup\c018i.c
                  coffBuf   0x000100       data     extern D:\chen\Core\FirmWare_CT\LLJ_CS_CONTROL_(V3.0)\device.c
                    value   0x000200       data     extern D:\chen\Core\FirmWare_CT\LLJ_CS_CONTROL_(V3.0)\main.c
                     para   0x000204       data     extern D:\chen\Core\FirmWare_CT\LLJ_CS_CONTROL_(V3.0)\main.c
              valid_block   0x0002f4       data     extern D:\chen\Core\FirmWare_CT\LLJ_CS_CONTROL_(V3.0)\main.c
                 AD_value   0x0002f6       data     extern D:\chen\Core\FirmWare_CT\LLJ_CS_CONTROL_(V3.0)\main.c
          valid_excursion   0x0002f8       data     extern D:\chen\Core\FirmWare_CT\LLJ_CS_CONTROL_(V3.0)\main.c
           Vbat_excursion   0x0002fa       data     extern D:\chen\Core\FirmWare_CT\LLJ_CS_CONTROL_(V3.0)\main.c
                   Rinter   0x0002fc       data     extern D:\chen\Core\FirmWare_CT\LLJ_CS_CONTROL_(V3.0)\main.c
                Int_dealy   0x0002fd       data     extern D:\chen\Core\FirmWare_CT\LLJ_CS_CONTROL_(V3.0)\main.c
                  SPPDATA   0x000f62       data     extern C:\MCC18\SRC\TRADIT~1\PROC\p18f4550.asm
                   SPPCFG   0x000f63       data     extern C:\MCC18\SRC\TRADIT~1\PROC\p18f4550.asm
               SPPCFGbits   0x000f63       data     extern C:\MCC18\SRC\TRADIT~1\PROC\p18f4550.asm
               SPPEPSbits   0x000f64       data     extern C:\MCC18\SRC\TRADIT~1\PROC\p18f4550.asm
                   SPPEPS   0x000f64       data     extern C:\MCC18\SRC\TRADIT~1\PROC\p18f4550.asm
               SPPCONbits   0x000f65       data     extern C:\MCC18\SRC\TRADIT~1\PROC\p18f4550.asm
                   SPPCON   0x000f65       data     extern C:\MCC18\SRC\TRADIT~1\PROC\p18f4550.asm
                     UFRM   0x000f66       data     extern C:\MCC18\SRC\TRADIT~1\PROC\p18f4550.asm
                    UFRML   0x000f66       data     extern C:\MCC18\SRC\TRADIT~1\PROC\p18f4550.asm
                    UFRMH   0x000f67       data     extern C:\MCC18\SRC\TRADIT~1\PROC\p18f4550.asm
                  UIRbits   0x000f68       data     extern C:\MCC18\SRC\TRADIT~1\PROC\p18f4550.asm
                      UIR   0x000f68       data     extern C:\MCC18\SRC\TRADIT~1\PROC\p18f4550.asm
                  UIEbits   0x000f69       data     extern C:\MCC18\SRC\TRADIT~1\PROC\p18f4550.asm
                      UIE   0x000f69       data     extern C:\MCC18\SRC\TRADIT~1\PROC\p18f4550.asm
                 UEIRbits   0x000f6a       data     extern C:\MCC18\SRC\TRADIT~1\PROC\p18f4550.asm
                     UEIR   0x000f6a       data     extern C:\MCC18\SRC\TRADIT~1\PROC\p18f4550.asm
                 UEIEbits   0x000f6b       data     extern C:\MCC18\SRC\TRADIT~1\PROC\p18f4550.asm
                     UEIE   0x000f6b       data     extern C:\MCC18\SRC\TRADIT~1\PROC\p18f4550.asm
                    USTAT   0x000f6c       data     extern C:\MCC18\SRC\TRADIT~1\PROC\p18f4550.asm
                USTATbits   0x000f6c       data     extern C:\MCC18\SRC\TRADIT~1\PROC\p18f4550.asm
                     UCON   0x000f6d       data     extern C:\MCC18\SRC\TRADIT~1\PROC\p18f4550.asm
                 UCONbits   0x000f6d       data     extern C:\MCC18\SRC\TRADIT~1\PROC\p18f4550.asm
                    UADDR   0x000f6e       data     extern C:\MCC18\SRC\TRADIT~1\PROC\p18f4550.asm
                UADDRbits   0x000f6e       data     extern C:\MCC18\SRC\TRADIT~1\PROC\p18f4550.asm
[...]
                 UEP9bits   0x000f79       data     extern C:\MCC18\SRC\TRADIT~1\PROC\p18f4550.asm
                    UEP10   0x000f7a       data     extern C:\MCC18\SRC\TRADIT~1\PROC\p18f4550.asm
                UEP10bits   0x000f7a       data     extern C:\MCC18\SRC\TRADIT~1\PROC\p18f4550.asm
                    UEP11   0x000f7b       data     extern C:\MCC18\SRC\TRADIT~1\PROC\p18f4550.asm
                UEP11bits   0x000f7b       data     extern C:\MCC18\SRC\TRADIT~1\PROC\p18f4550.asm
                UEP12bits   0x000f7c       data     extern C:\MCC18\SRC\TRADIT~1\PROC\p18f4550.asm
                    UEP12   0x000f7c       data     extern C:\MCC18\SRC\TRADIT~1\PROC\p18f4550.asm
                    UEP13   0x000f7d       data     extern C:\MCC18\SRC\TRADIT~1\PROC\p18f4550.asm
                UEP13bits   0x000f7d       data     extern C:\MCC18\SRC\TRADIT~1\PROC\p18f4550.asm
                    UEP14   0x000f7e       data     extern C:\MCC18\SRC\TRADIT~1\PROC\p18f4550.asm
                UEP14bits   0x000f7e       data     extern C:\MCC18\SRC\TRADIT~1\PROC\p18f4550.asm
                UEP15bits   0x000f7f       data     extern C:\MCC18\SRC\TRADIT~1\PROC\p18f4550.asm
                    UEP15   0x000f7f       data     extern C:\MCC18\SRC\TRADIT~1\PROC\p18f4550.asm
                    PORTA   0x000f80       data     extern C:\MCC18\SRC\TRADIT~1\PROC\p18f4550.asm
                PORTAbits   0x000f80       data     extern C:\MCC18\SRC\TRADIT~1\PROC\p18f4550.asm
                    PORTB   0x000f81       data     extern C:\MCC18\SRC\TRADIT~1\PROC\p18f4550.asm
                PORTBbits   0x000f81       data     extern C:\MCC18\SRC\TRADIT~1\PROC\p18f4550.asm
                PORTCbits   0x000f82       data     extern C:\MCC18\SRC\TRADIT~1\PROC\p18f4550.asm
                    PORTC   0x000f82       data     extern C:\MCC18\SRC\TRADIT~1\PROC\p18f4550.asm
                PORTDbits   0x000f83       data     extern C:\MCC18\SRC\TRADIT~1\PROC\p18f4550.asm
                    PORTD   0x000f83       data     extern C:\MCC18\SRC\TRADIT~1\PROC\p18f4550.asm
                    PORTE   0x000f84       data     extern C:\MCC18\SRC\TRADIT~1\PROC\p18f4550.asm
                PORTEbits   0x000f84       data     extern C:\MCC18\SRC\TRADIT~1\PROC\p18f4550.asm
                 LATAbits   0x000f89       data     extern C:\MCC18\SRC\TRADIT~1\PROC\p18f4550.asm
                     LATA   0x000f89       data     extern C:\MCC18\SRC\TRADIT~1\PROC\p18f4550.asm
                     LATB   0x000f8a       data     extern C:\MCC18\SRC\TRADIT~1\PROC\p18f4550.asm
                 LATBbits   0x000f8a       data     extern C:\MCC18\SRC\TRADIT~1\PROC\p18f4550.asm
                     LATC   0x000f8b       data     extern C:\MCC18\SRC\TRADIT~1\PROC\p18f4550.asm
                 LATCbits   0x000f8b       data     extern C:\MCC18\SRC\TRADIT~1\PROC\p18f4550.asm
                     LATD   0x000f8c       data     extern C:\MCC18\SRC\TRADIT~1\PROC\p18f4550.asm
                 LATDbits   0x000f8c       data     extern C:\MCC18\SRC\TRADIT~1\PROC\p18f4550.asm
                     LATE   0x000f8d       data     extern C:\MCC18\SRC\TRADIT~1\PROC\p18f4550.asm
                 LATEbits   0x000f8d       data     extern C:\MCC18\SRC\TRADIT~1\PROC\p18f4550.asm
                    TRISA   0x000f92       data     extern C:\MCC18\SRC\TRADIT~1\PROC\p18f4550.asm
                     DDRA   0x000f92       data     extern C:\MCC18\SRC\TRADIT~1\PROC\p18f4550.asm
                 DDRAbits   0x000f92       data     extern C:\MCC18\SRC\TRADIT~1\PROC\p18f4550.asm
                TRISAbits   0x000f92       data     extern C:\MCC18\SRC\TRADIT~1\PROC\p18f4550.asm
                     DDRB   0x000f93       data     extern C:\MCC18\SRC\TRADIT~1\PROC\p18f4550.asm
                 DDRBbits   0x000f93       data     extern C:\MCC18\SRC\TRADIT~1\PROC\p18f4550.asm
                TRISBbits   0x000f93       data     extern C:\MCC18\SRC\TRADIT~1\PROC\p18f4550.asm
                    TRISB   0x000f93       data     extern C:\MCC18\SRC\TRADIT~1\PROC\p18f4550.asm
                    TRISC   0x000f94       data     extern C:\MCC18\SRC\TRADIT~1\PROC\p18f4550.asm
                TRISCbits   0x000f94       data     extern C:\MCC18\SRC\TRADIT~1\PROC\p18f4550.asm
                 DDRCbits   0x000f94       data     extern C:\MCC18\SRC\TRADIT~1\PROC\p18f4550.asm
                     DDRC   0x000f94       data     extern C:\MCC18\SRC\TRADIT~1\PROC\p18f4550.asm
                TRISDbits   0x000f95       data     extern C:\MCC18\SRC\TRADIT~1\PROC\p18f4550.asm
                    TRISD   0x000f95       data     extern C:\MCC18\SRC\TRADIT~1\PROC\p18f4550.asm
                 DDRDbits   0x000f95       data     extern C:\MCC18\SRC\TRADIT~1\PROC\p18f4550.asm
                     DDRD   0x000f95       data     extern C:\MCC18\SRC\TRADIT~1\PROC\p18f4550.asm
                TRISEbits   0x000f96       data     extern C:\MCC18\SRC\TRADIT~1\PROC\p18f4550.asm
                    TRISE   0x000f96       data     extern C:\MCC18\SRC\TRADIT~1\PROC\p18f4550.asm
                 DDREbits   0x000f96       data     extern C:\MCC18\SRC\TRADIT~1\PROC\p18f4550.asm
                     DDRE   0x000f96       data     extern C:\MCC18\SRC\TRADIT~1\PROC\p18f4550.asm
                  OSCTUNE   0x000f9b       data     extern C:\MCC18\SRC\TRADIT~1\PROC\p18f4550.asm
              OSCTUNEbits   0x000f9b       data     extern C:\MCC18\SRC\TRADIT~1\PROC\p18f4550.asm
                 PIE1bits   0x000f9d       data     extern C:\MCC18\SRC\TRADIT~1\PROC\p18f4550.asm
                     PIE1   0x000f9d       data     extern C:\MCC18\SRC\TRADIT~1\PROC\p18f4550.asm
                     PIR1   0x000f9e       data     extern C:\MCC18\SRC\TRADIT~1\PROC\p18f4550.asm
                 PIR1bits   0x000f9e       data     extern C:\MCC18\SRC\TRADIT~1\PROC\p18f4550.asm
                 IPR1bits   0x000f9f       data     extern C:\MCC18\SRC\TRADIT~1\PROC\p18f4550.asm
                     IPR1   0x000f9f       data     extern C:\MCC18\SRC\TRADIT~1\PROC\p18f4550.asm
                     PIE2   0x000fa0       data     extern C:\MCC18\SRC\TRADIT~1\PROC\p18f4550.asm
                 PIE2bits   0x000fa0       data     extern C:\MCC18\SRC\TRADIT~1\PROC\p18f4550.asm
                 PIR2bits   0x000fa1       data     extern C:\MCC18\SRC\TRADIT~1\PROC\p18f4550.asm
                     PIR2   0x000fa1       data     extern C:\MCC18\SRC\TRADIT~1\PROC\p18f4550.asm
                     IPR2   0x000fa2       data     extern C:\MCC18\SRC\TRADIT~1\PROC\p18f4550.asm
                 IPR2bits   0x000fa2       data     extern C:\MCC18\SRC\TRADIT~1\PROC\p18f4550.asm
                   EECON1   0x000fa6       data     extern C:\MCC18\SRC\TRADIT~1\PROC\p18f4550.asm
               EECON1bits   0x000fa6       data     extern C:\MCC18\SRC\TRADIT~1\PROC\p18f4550.asm
                   EECON2   0x000fa7       data     extern C:\MCC18\SRC\TRADIT~1\PROC\p18f4550.asm
                   EEDATA   0x000fa8       data     extern C:\MCC18\SRC\TRADIT~1\PROC\p18f4550.asm
                    EEADR   0x000fa9       data     extern C:\MCC18\SRC\TRADIT~1\PROC\p18f4550.asm
                    RCSTA   0x000fab       data     extern C:\MCC18\SRC\TRADIT~1\PROC\p18f4550.asm
                RCSTAbits   0x000fab       data     extern C:\MCC18\SRC\TRADIT~1\PROC\p18f4550.asm
                    TXSTA   0x000fac       data     extern C:\MCC18\SRC\TRADIT~1\PROC\p18f4550.asm
                TXSTAbits   0x000fac       data     extern C:\MCC18\SRC\TRADIT~1\PROC\p18f4550.asm
                    TXREG   0x000fad       data     extern C:\MCC18\SRC\TRADIT~1\PROC\p18f4550.asm
                    RCREG   0x000fae       data     extern C:\MCC18\SRC\TRADIT~1\PROC\p18f4550.asm
                    SPBRG   0x000faf       data     extern C:\MCC18\SRC\TRADIT~1\PROC\p18f4550.asm
                   SPBRGH   0x000fb0       data     extern C:\MCC18\SRC\TRADIT~1\PROC\p18f4550.asm
                T3CONbits   0x000fb1       data     extern C:\MCC18\SRC\TRADIT~1\PROC\p18f4550.asm
                    T3CON   0x000fb1       data     extern C:\MCC18\SRC\TRADIT~1\PROC\p18f4550.asm
                    TMR3L   0x000fb2       data     extern C:\MCC18\SRC\TRADIT~1\PROC\p18f4550.asm
                    TMR3H   0x000fb3       data     extern C:\MCC18\SRC\TRADIT~1\PROC\p18f4550.asm
                    CMCON   0x000fb4       data     extern C:\MCC18\SRC\TRADIT~1\PROC\p18f4550.asm
                CMCONbits   0x000fb4       data     extern C:\MCC18\SRC\TRADIT~1\PROC\p18f4550.asm
                   CVRCON   0x000fb5       data     extern C:\MCC18\SRC\TRADIT~1\PROC\p18f4550.asm
               CVRCONbits   0x000fb5       data     extern C:\MCC18\SRC\TRADIT~1\PROC\p18f4550.asm
                   CCP1AS   0x000fb6       data     extern C:\MCC18\SRC\TRADIT~1\PROC\p18f4550.asm
               CCP1ASbits   0x000fb6       data     extern C:\MCC18\SRC\TRADIT~1\PROC\p18f4550.asm
                  ECCP1AS   0x000fb6       data     extern C:\MCC18\SRC\TRADIT~1\PROC\p18f4550.asm
              ECCP1ASbits   0x000fb6       data     extern C:\MCC18\SRC\TRADIT~1\PROC\p18f4550.asm
                 ECCP1DEL   0x000fb7       data     extern C:\MCC18\SRC\TRADIT~1\PROC\p18f4550.asm
             ECCP1DELbits   0x000fb7       data     extern C:\MCC18\SRC\TRADIT~1\PROC\p18f4550.asm
                  CCP1DEL   0x000fb7       data     extern C:\MCC18\SRC\TRADIT~1\PROC\p18f4550.asm
              CCP1DELbits   0x000fb7       data     extern C:\MCC18\SRC\TRADIT~1\PROC\p18f4550.asm
              BAUDCONbits   0x000fb8       data     extern C:\MCC18\SRC\TRADIT~1\PROC\p18f4550.asm
                  BAUDCON   0x000fb8       data     extern C:\MCC18\SRC\TRADIT~1\PROC\p18f4550.asm
              CCP2CONbits   0x000fba       data     extern C:\MCC18\SRC\TRADIT~1\PROC\p18f4550.asm
                  CCP2CON   0x000fba       data     extern C:\MCC18\SRC\TRADIT~1\PROC\p18f4550.asm
                   CCPR2L   0x000fbb       data     extern C:\MCC18\SRC\TRADIT~1\PROC\p18f4550.asm
                    CCPR2   0x000fbb       data     extern C:\MCC18\SRC\TRADIT~1\PROC\p18f4550.asm
                   CCPR2H   0x000fbc       data     extern C:\MCC18\SRC\TRADIT~1\PROC\p18f4550.asm
              CCP1CONbits   0x000fbd       data     extern C:\MCC18\SRC\TRADIT~1\PROC\p18f4550.asm
                  CCP1CON   0x000fbd       data     extern C:\MCC18\SRC\TRADIT~1\PROC\p18f4550.asm
                 ECCP1CON   0x000fbd       data     extern C:\MCC18\SRC\TRADIT~1\PROC\p18f4550.asm
             ECCP1CONbits   0x000fbd       data     extern C:\MCC18\SRC\TRADIT~1\PROC\p18f4550.asm
                   CCPR1L   0x000fbe       data     extern C:\MCC18\SRC\TRADIT~1\PROC\p18f4550.asm
                    CCPR1   0x000fbe       data     extern C:\MCC18\SRC\TRADIT~1\PROC\p18f4550.asm
                   CCPR1H   0x000fbf       data     extern C:\MCC18\SRC\TRADIT~1\PROC\p18f4550.asm
               ADCON2bits   0x000fc0       data     extern C:\MCC18\SRC\TRADIT~1\PROC\p18f4550.asm
                   ADCON2   0x000fc0       data     extern C:\MCC18\SRC\TRADIT~1\PROC\p18f4550.asm
                   ADCON1   0x000fc1       data     extern C:\MCC18\SRC\TRADIT~1\PROC\p18f4550.asm
               ADCON1bits   0x000fc1       data     extern C:\MCC18\SRC\TRADIT~1\PROC\p18f4550.asm
               ADCON0bits   0x000fc2       data     extern C:\MCC18\SRC\TRADIT~1\PROC\p18f4550.asm
                   ADCON0   0x000fc2       data     extern C:\MCC18\SRC\TRADIT~1\PROC\p18f4550.asm
                   ADRESL   0x000fc3       data     extern C:\MCC18\SRC\TRADIT~1\PROC\p18f4550.asm
                    ADRES   0x000fc3       data     extern C:\MCC18\SRC\TRADIT~1\PROC\p18f4550.asm
                   ADRESH   0x000fc4       data     extern C:\MCC18\SRC\TRADIT~1\PROC\p18f4550.asm
                  SSPCON2   0x000fc5       data     extern C:\MCC18\SRC\TRADIT~1\PROC\p18f4550.asm
              SSPCON2bits   0x000fc5       data     extern C:\MCC18\SRC\TRADIT~1\PROC\p18f4550.asm
                  SSPCON1   0x000fc6       data     extern C:\MCC18\SRC\TRADIT~1\PROC\p18f4550.asm
              SSPCON1bits   0x000fc6       data     extern C:\MCC18\SRC\TRADIT~1\PROC\p18f4550.asm
                  SSPSTAT   0x000fc7       data     extern C:\MCC18\SRC\TRADIT~1\PROC\p18f4550.asm
              SSPSTATbits   0x000fc7       data     extern C:\MCC18\SRC\TRADIT~1\PROC\p18f4550.asm
                   SSPADD   0x000fc8       data     extern C:\MCC18\SRC\TRADIT~1\PROC\p18f4550.asm
                   SSPBUF   0x000fc9       data     extern C:\MCC18\SRC\TRADIT~1\PROC\p18f4550.asm
                T2CONbits   0x000fca       data     extern C:\MCC18\SRC\TRADIT~1\PROC\p18f4550.asm
                    T2CON   0x000fca       data     extern C:\MCC18\SRC\TRADIT~1\PROC\p18f4550.asm
                      PR2   0x000fcb       data     extern C:\MCC18\SRC\TRADIT~1\PROC\p18f4550.asm
                     TMR2   0x000fcc       data     extern C:\MCC18\SRC\TRADIT~1\PROC\p18f4550.asm
                T1CONbits   0x000fcd       data     extern C:\MCC18\SRC\TRADIT~1\PROC\p18f4550.asm
                    T1CON   0x000fcd       data     extern C:\MCC18\SRC\TRADIT~1\PROC\p18f4550.asm
                    TMR1L   0x000fce       data     extern C:\MCC18\SRC\TRADIT~1\PROC\p18f4550.asm
                    TMR1H   0x000fcf       data     extern C:\MCC18\SRC\TRADIT~1\PROC\p18f4550.asm
                 RCONbits   0x000fd0       data     extern C:\MCC18\SRC\TRADIT~1\PROC\p18f4550.asm
                     RCON   0x000fd0       data     extern C:\MCC18\SRC\TRADIT~1\PROC\p18f4550.asm
               WDTCONbits   0x000fd1       data     extern C:\MCC18\SRC\TRADIT~1\PROC\p18f4550.asm
                   WDTCON   0x000fd1       data     extern C:\MCC18\SRC\TRADIT~1\PROC\p18f4550.asm
              HLVDCONbits   0x000fd2       data     extern C:\MCC18\SRC\TRADIT~1\PROC\p18f4550.asm
                  HLVDCON   0x000fd2       data     extern C:\MCC18\SRC\TRADIT~1\PROC\p18f4550.asm
               LVDCONbits   0x000fd2       data     extern C:\MCC18\SRC\TRADIT~1\PROC\p18f4550.asm
                   LVDCON   0x000fd2       data     extern C:\MCC18\SRC\TRADIT~1\PROC\p18f4550.asm
                   OSCCON   0x000fd3       data     extern C:\MCC18\SRC\TRADIT~1\PROC\p18f4550.asm
               OSCCONbits   0x000fd3       data     extern C:\MCC18\SRC\TRADIT~1\PROC\p18f4550.asm
                T0CONbits   0x000fd5       data     extern C:\MCC18\SRC\TRADIT~1\PROC\p18f4550.asm
                    T0CON   0x000fd5       data     extern C:\MCC18\SRC\TRADIT~1\PROC\p18f4550.asm
                    TMR0L   0x000fd6       data     extern C:\MCC18\SRC\TRADIT~1\PROC\p18f4550.asm
                    TMR0H   0x000fd7       data     extern C:\MCC18\SRC\TRADIT~1\PROC\p18f4550.asm
                   STATUS   0x000fd8       data     extern C:\MCC18\SRC\TRADIT~1\PROC\p18f4550.asm
               STATUSbits   0x000fd8       data     extern C:\MCC18\SRC\TRADIT~1\PROC\p18f4550.asm
                     FSR2   0x000fd9       data     extern C:\MCC18\SRC\TRADIT~1\PROC\p18f4550.asm
                    FSR2L   0x000fd9       data     extern C:\MCC18\SRC\TRADIT~1\PROC\p18f4550.asm
                    FSR2H   0x000fda       data     extern C:\MCC18\SRC\TRADIT~1\PROC\p18f4550.asm
                   PLUSW2   0x000fdb       data     extern C:\MCC18\SRC\TRADIT~1\PROC\p18f4550.asm
                  PREINC2   0x000fdc       data     extern C:\MCC18\SRC\TRADIT~1\PROC\p18f4550.asm
                 POSTDEC2   0x000fdd       data     extern C:\MCC18\SRC\TRADIT~1\PROC\p18f4550.asm
                 POSTINC2   0x000fde       data     extern C:\MCC18\SRC\TRADIT~1\PROC\p18f4550.asm
                    INDF2   0x000fdf       data     extern C:\MCC18\SRC\TRADIT~1\PROC\p18f4550.asm
                      BSR   0x000fe0       data     extern C:\MCC18\SRC\TRADIT~1\PROC\p18f4550.asm
                    FSR1L   0x000fe1       data     extern C:\MCC18\SRC\TRADIT~1\PROC\p18f4550.asm
                     FSR1   0x000fe1       data     extern C:\MCC18\SRC\TRADIT~1\PROC\p18f4550.asm
                    FSR1H   0x000fe2       data     extern C:\MCC18\SRC\TRADIT~1\PROC\p18f4550.asm
                   PLUSW1   0x000fe3       data     extern C:\MCC18\SRC\TRADIT~1\PROC\p18f4550.asm
                  PREINC1   0x000fe4       data     extern C:\MCC18\SRC\TRADIT~1\PROC\p18f4550.asm
                 POSTDEC1   0x000fe5       data     extern C:\MCC18\SRC\TRADIT~1\PROC\p18f4550.asm
                 POSTINC1   0x000fe6       data     extern C:\MCC18\SRC\TRADIT~1\PROC\p18f4550.asm
                    INDF1   0x000fe7       data     extern C:\MCC18\SRC\TRADIT~1\PROC\p18f4550.asm
                     WREG   0x000fe8       data     extern C:\MCC18\SRC\TRADIT~1\PROC\p18f4550.asm
                     FSR0   0x000fe9       data     extern C:\MCC18\SRC\TRADIT~1\PROC\p18f4550.asm
                    FSR0L   0x000fe9       data     extern C:\MCC18\SRC\TRADIT~1\PROC\p18f4550.asm
                    FSR0H   0x000fea       data     extern C:\MCC18\SRC\TRADIT~1\PROC\p18f4550.asm
                   PLUSW0   0x000feb       data     extern C:\MCC18\SRC\TRADIT~1\PROC\p18f4550.asm
                  PREINC0   0x000fec       data     extern C:\MCC18\SRC\TRADIT~1\PROC\p18f4550.asm
                 POSTDEC0   0x000fed       data     extern C:\MCC18\SRC\TRADIT~1\PROC\p18f4550.asm
                 POSTINC0   0x000fee       data     extern C:\MCC18\SRC\TRADIT~1\PROC\p18f4550.asm
                    INDF0   0x000fef       data     extern C:\MCC18\SRC\TRADIT~1\PROC\p18f4550.asm
                  INTCON3   0x000ff0       data     extern C:\MCC18\SRC\TRADIT~1\PROC\p18f4550.asm
              INTCON3bits   0x000ff0       data     extern C:\MCC18\SRC\TRADIT~1\PROC\p18f4550.asm
                  INTCON2   0x000ff1       data     extern C:\MCC18\SRC\TRADIT~1\PROC\p18f4550.asm
              INTCON2bits   0x000ff1       data     extern C:\MCC18\SRC\TRADIT~1\PROC\p18f4550.asm
                   INTCON   0x000ff2       data     extern C:\MCC18\SRC\TRADIT~1\PROC\p18f4550.asm
               INTCONbits   0x000ff2       data     extern C:\MCC18\SRC\TRADIT~1\PROC\p18f4550.asm
                    PRODL   0x000ff3       data     extern C:\MCC18\SRC\TRADIT~1\PROC\p18f4550.asm
                     PROD   0x000ff3       data     extern C:\MCC18\SRC\TRADIT~1\PROC\p18f4550.asm
                    PRODH   0x000ff4       data     extern C:\MCC18\SRC\TRADIT~1\PROC\p18f4550.asm
                   TABLAT   0x000ff5       data     extern C:\MCC18\SRC\TRADIT~1\PROC\p18f4550.asm
                   TBLPTR   0x000ff6       data     extern C:\MCC18\SRC\TRADIT~1\PROC\p18f4550.asm
                  TBLPTRL   0x000ff6       data     extern C:\MCC18\SRC\TRADIT~1\PROC\p18f4550.asm
                  TBLPTRH   0x000ff7       data     extern C:\MCC18\SRC\TRADIT~1\PROC\p18f4550.asm
                  TBLPTRU   0x000ff8       data     extern C:\MCC18\SRC\TRADIT~1\PROC\p18f4550.asm
                      PCL   0x000ff9       data     extern C:\MCC18\SRC\TRADIT~1\PROC\p18f4550.asm
                       PC   0x000ff9       data     extern C:\MCC18\SRC\TRADIT~1\PROC\p18f4550.asm
                   PCLATH   0x000ffa       data     extern C:\MCC18\SRC\TRADIT~1\PROC\p18f4550.asm
                   PCLATU   0x000ffb       data     extern C:\MCC18\SRC\TRADIT~1\PROC\p18f4550.asm
                   STKPTR   0x000ffc       data     extern C:\MCC18\SRC\TRADIT~1\PROC\p18f4550.asm
               STKPTRbits   0x000ffc       data     extern C:\MCC18\SRC\TRADIT~1\PROC\p18f4550.asm
                     TOSL   0x000ffd       data     extern C:\MCC18\SRC\TRADIT~1\PROC\p18f4550.asm
                      TOS   0x000ffd       data     extern C:\MCC18\SRC\TRADIT~1\PROC\p18f4550.asm
                     TOSH   0x000ffe       data     extern C:\MCC18\SRC\TRADIT~1\PROC\p18f4550.asm
                     TOSU   0x000fff       data     extern C:\MCC18\SRC\TRADIT~1\PROC\p18f4550.asm


