******************************************************************************
        TMS320C2000 COFF Linker PC v4.1.3                      
******************************************************************************
>> Linked Sun Apr 02 14:56:31 2017

OUTPUT FILE NAME:   <./Release/AD.out>
ENTRY POINT SYMBOL: "_c_int00"  address: 003f6916


MEMORY CONFIGURATION

                  name            origin    length      used    attr    fill
         ----------------------  --------  ---------  --------  ----  --------
PAGE  0: OTP                     003d7800   00000800  00000000  RWIX
         FLASHJ                  003d8000   00002000  00000000  RWIX
         FLASHI                  003da000   00002000  00000000  RWIX
         FLASHH                  003dc000   00004000  00000000  RWIX
         FLASHG                  003e0000   00004000  00000000  RWIX
         FLASHF                  003e4000   00004000  00000000  RWIX
         FLASHE                  003e8000   00004000  00000000  RWIX
         FLASHD                  003ec000   00004000  00000000  RWIX
         FLASHC                  003f0000   00004000  00000000  RWIX
         FLASHB                  003f4000   00002000  00000000  RWIX
         FLASHA                  003f6000   00001ff6  00000b31  RWIX
         BEGIN                   003f7ff6   00000002  00000002  RWIX
         PASSWDS                 003f7ff8   00000008  00000000  RWIX
         ROM                     003ff000   00000fc0  00000000  RWIX
         VECTORS                 003fffc2   0000003e  00000000  RWIX

PAGE  1: RAMM0M1                 00000000   00000800  00000400  RWIX
         DEV_EMU                 00000880   00000180  000000d6  RWIX
         FLASH_REGS              00000a80   00000060  00000008  RWIX
         CSM                     00000ae0   00000010  00000010  RWIX
         XINTF                   00000b20   00000020  00000020  RWIX
         CPU_TIMER0              00000c00   00000008  00000008  RWIX
         CPU_TIMER1              00000c08   00000008  00000008  RWIX
         CPU_TIMER2              00000c10   00000008  00000008  RWIX
         PIE_CTRL                00000ce0   00000020  0000001a  RWIX
         PIE_VECT                00000d00   00000100  00000100  RWIX
         ECAN_A                  00006000   00000100  00000034  RWIX
         ECAN_AMBOX              00006100   00000100  00000100  RWIX
         SYSTEM                  00007010   00000020  00000020  RWIX
         SPI_A                   00007040   00000010  00000010  RWIX
         SCI_A                   00007050   00000010  00000010  RWIX
         XINTRUPT                00007070   00000010  00000010  RWIX
         GPIOMUX                 000070c0   00000020  00000020  RWIX
         GPIODAT                 000070e0   00000020  00000020  RWIX
         ADC                     00007100   00000020  0000001a  RWIX
         EV_A                    00007400   00000040  00000032  RWIX
         EV_B                    00007500   00000040  00000032  RWIX
         SPI_B                   00007740   00000010  00000000  RWIX
         SCI_B                   00007750   00000010  00000010  RWIX
         MCBSP_A                 00007800   00000040  00000025  RWIX
         RAMH0                   00008000   00002000  0000009e  RWIX
         CSM_PWL                 003f7ff8   00000008  00000008  RWIX
         RAML0L1                 003f8000   00002000  00000541  RWIX


SECTION ALLOCATION MAP

 output                                  attributes/
section   page    origin      length       input sections
--------  ----  ----------  ----------   ----------------
.const     0    003f6000    00000000     UNINITIALIZED

Flash28_API 
*          0    003f6000    00000522     RUN ADDR = 003f8000
                  003f6000    00000032     Flash2811_API_V210.lib : Flash28_Erase.obj (.econst)
                  003f6032    00000091                            : Flash28_Erase.obj (.text)
                  003f60c3    00000060                            : Flash28_EraseSector.obj (.text)
                  003f6123    00000047                            : Flash28_Init.obj (.text)
                  003f616a    0000008d                            : Flash28_Internals.obj (.text)
                  003f61f7    000000a4                            : Flash28_Prog.obj (.text)
                  003f629b    0000007f                            : Flash28_Prog_Pulse.obj (.text)
                  003f631a    00000005                            : Flash28_Version.obj (.text)
                  003f631f    0000003b                            : Flash28_ClearSector.obj (.text)
                  003f635a    00000059                            : Flash28_CompactSector.obj (.text)
                  003f63b3    0000000d                            : Flash28_Delay.obj (.text)
                  003f63c0    00000007                            : Flash28_DisInt.obj (.text)
                  003f63c7    0000009a                            : Flash28_Erase_Pulse.obj (.text)
                  003f6461    00000044                            : Flash28_ClearLoop.obj (.text)
                  003f64a5    0000007d                            : Flash28_Compact_Pulse.obj (.text)

.text      0    003f6522    000004c4     
                  003f6522    000001ff     DSP28_DefaultIsr.obj (.text)
                  003f6721    0000001d     DSP28_Ev.obj (.text)
                  003f673e    0000006c     DSP28_Gpio.obj (.text)
                  003f67aa    00000022     DSP28_PieCtrl.obj (.text)
                  003f67cc    00000020     DSP28_PieVect.obj (.text)
                  003f67ec    00000034     DSP28_Sci.obj (.text)
                  003f6820    00000035     DSP28_SysCtrl.obj (.text)
                  003f6855    000000c1     main.obj (.text)
                  003f6916    0000004b     rts2800n.lib : boot.obj (.text)
                  003f6961    0000003e                  : exit.obj (.text)
                  003f699f    00000040                  : memcpy.obj (.text)
                  003f69df    00000007                  : _lock.obj (.text)

.econst    0    003f69e6    00000100     
                  003f69e6    00000100     DSP28_PieVect.obj (.econst)

.cinit     0    003f6ae6    0000002c     
                  003f6ae6    0000000e     DSP28_DefaultIsr.obj (.cinit)
                  003f6af4    0000000a     Flash2811_API_V210.lib : Flash28_Globals.obj (.cinit)
                  003f6afe    0000000b     rts2800n.lib : exit.obj (.cinit)
                  003f6b09    00000008                  : _lock.obj (.cinit)
                  003f6b11    00000001     --HOLE-- [fill = 0]

secureRamFuncs 
*          0    003f6b12    0000001f     RUN ADDR = 003f8522
                  003f6b12    0000001f     main.obj (secureRamFuncs)

.reset     0    003f7ff6    00000002     
                  003f7ff6    00000002     rts2800n.lib : boot.obj (.reset)

.vectors   0    003fffc2    00000000     UNINITIALIZED

.sysstack 
*          1    00000000    00000000     UNINITIALIZED

.data      1    00000000    00000000     UNINITIALIZED

.stack     1    00000000    00000400     UNINITIALIZED

DevEmuRegsFile 
*          1    00000880    000000d6     UNINITIALIZED
                  00000880    000000d6     DSP28_GlobalVariableDefs.obj (DevEmuRegsFile)

FlashRegsFile 
*          1    00000a80    00000008     UNINITIALIZED
                  00000a80    00000008     DSP28_GlobalVariableDefs.obj (FlashRegsFile)

CsmRegsFile 
*          1    00000ae0    00000010     UNINITIALIZED
                  00000ae0    00000010     DSP28_GlobalVariableDefs.obj (CsmRegsFile)

XintfRegsFile 
*          1    00000b20    00000020     UNINITIALIZED
                  00000b20    00000020     DSP28_GlobalVariableDefs.obj (XintfRegsFile)

CpuTimer0RegsFile 
*          1    00000c00    00000008     UNINITIALIZED
                  00000c00    00000008     DSP28_GlobalVariableDefs.obj (CpuTimer0RegsFile)

CpuTimer1RegsFile 
*          1    00000c08    00000008     UNINITIALIZED
                  00000c08    00000008     DSP28_GlobalVariableDefs.obj (CpuTimer1RegsFile)

CpuTimer2RegsFile 
*          1    00000c10    00000008     UNINITIALIZED
                  00000c10    00000008     DSP28_GlobalVariableDefs.obj (CpuTimer2RegsFile)

PieCtrlRegsFile 
*          1    00000ce0    0000001a     UNINITIALIZED
                  00000ce0    0000001a     DSP28_GlobalVariableDefs.obj (PieCtrlRegsFile)

PieVectTable 
*          1    00000d00    00000100     UNINITIALIZED
                  00000d00    00000100     DSP28_GlobalVariableDefs.obj (PieVectTable)

ECanaRegsFile 
*          1    00006000    00000034     UNINITIALIZED
                  00006000    00000034     DSP28_GlobalVariableDefs.obj (ECanaRegsFile)

ECanaMboxesFile 
*          1    00006100    00000100     UNINITIALIZED
                  00006100    00000100     DSP28_GlobalVariableDefs.obj (ECanaMboxesFile)

SysCtrlRegsFile 
*          1    00007010    00000020     UNINITIALIZED
                  00007010    00000020     DSP28_GlobalVariableDefs.obj (SysCtrlRegsFile)

SpiaRegsFile 
*          1    00007040    00000010     UNINITIALIZED
                  00007040    00000010     DSP28_GlobalVariableDefs.obj (SpiaRegsFile)

SciaRegsFile 
*          1    00007050    00000010     UNINITIALIZED
                  00007050    00000010     DSP28_GlobalVariableDefs.obj (SciaRegsFile)

XIntruptRegsFile 
*          1    00007070    00000010     UNINITIALIZED
                  00007070    00000010     DSP28_GlobalVariableDefs.obj (XIntruptRegsFile)

GpioMuxRegsFile 
*          1    000070c0    00000020     UNINITIALIZED
                  000070c0    00000020     DSP28_GlobalVariableDefs.obj (GpioMuxRegsFile)

GpioDataRegsFile 
*          1    000070e0    00000020     UNINITIALIZED
                  000070e0    00000020     DSP28_GlobalVariableDefs.obj (GpioDataRegsFile)

AdcRegsFile 
*          1    00007100    0000001a     UNINITIALIZED
                  00007100    0000001a     DSP28_GlobalVariableDefs.obj (AdcRegsFile)

EvaRegsFile 
*          1    00007400    00000032     UNINITIALIZED
                  00007400    00000032     DSP28_GlobalVariableDefs.obj (EvaRegsFile)

EvbRegsFile 
*          1    00007500    00000032     UNINITIALIZED
                  00007500    00000032     DSP28_GlobalVariableDefs.obj (EvbRegsFile)

ScibRegsFile 
*          1    00007750    00000010     UNINITIALIZED
                  00007750    00000010     DSP28_GlobalVariableDefs.obj (ScibRegsFile)

McbspaRegsFile 
*          1    00007800    00000025     UNINITIALIZED
                  00007800    00000025     DSP28_GlobalVariableDefs.obj (McbspaRegsFile)

.esysmem   1    00008000    00000000     UNINITIALIZED

.sysmem    1    00008000    00000000     UNINITIALIZED

.bss       1    00008000    00000084     UNINITIALIZED
                  00008000    00000080     rts2800n.lib : exit.obj (.bss)
                  00008080    00000004                  : _lock.obj (.bss)

.ebss      1    00008084    0000001a     UNINITIALIZED
                  00008084    0000000e     main.obj (.ebss)
                  00008092    00000008     DSP28_DefaultIsr.obj (.ebss)
                  0000809a    00000004     Flash2811_API_V210.lib : Flash28_Globals.obj (.ebss)

CsmPwlFile 
*          1    003f7ff8    00000008     UNINITIALIZED
                  003f7ff8    00000008     DSP28_GlobalVariableDefs.obj (CsmPwlFile)


GLOBAL SYMBOLS: SORTED ALPHABETICALLY BY Name 

address    name
--------   ----
00008000   .bss
00000000   .data
003f6522   .text
003f6980   C$$EXIT
003f658b   _ADCINT_ISR
00007100   _AdcRegs
00008088   _ApiVersion
003f65d6   _CAPINT1_ISR
003f65db   _CAPINT2_ISR
003f65e0   _CAPINT3_ISR
003f6621   _CAPINT4_ISR
003f6626   _CAPINT5_ISR
003f662b   _CAPINT6_ISR
003f659f   _CMP1INT_ISR
003f65a4   _CMP2INT_ISR
003f65a9   _CMP3INT_ISR
003f65ea   _CMP4INT_ISR
003f65ef   _CMP5INT_ISR
003f65f4   _CMP6INT_ISR
00000c00   _CpuTimer0Regs
00000c08   _CpuTimer1Regs
00000c10   _CpuTimer2Regs
003f7ff8   _CsmPwl
00000ae0   _CsmRegs
003f653b   _DATALOG_ISR
003f68e2   _DelaymS
00000880   _DevEmuRegs
003f670d   _ECAN0INTA_ISR
003f6712   _ECAN1INTA_ISR
00006100   _ECanaMboxes
00006000   _ECanaRegs
003f6545   _EMUINT_ISR
0000808e   _EraseStatus
00007400   _EvaRegs
00007500   _EvbRegs
003f831f   _Fl2811_ClearSector
003f835a   _Fl2811_CompactSector
003f80c3   _Fl2811_EraseSector
003f8123   _Fl2811_Init
003f8461   _Fl28x_ClearLoop
003f81d5   _Fl28x_ClosePulse
003f84df   _Fl28x_CompactPulse
003f84a5   _Fl28x_CompactVerify
003f83b3   _Fl28x_Delay
003f83c0   _Fl28x_DisableInt
003f8161   _Fl28x_DisableNMI
003f8177   _Fl28x_EnterCmdMode
003f840f   _Fl28x_ErasePulse
003f83c7   _Fl28x_EraseVerify
003f81a5   _Fl28x_FlashRegSleep
003f816a   _Fl28x_LeaveCmdMode
003f81ec   _Fl28x_MaskAll
003f81c4   _Fl28x_OpenPulse
003f82d8   _Fl28x_ProgPulse
003f829b   _Fl28x_ProgVerify
003f83c4   _Fl28x_RestoreInt
003f8159   _Fl28x_WatchDogDisable
003f831a   _Flash2811_APIVersion
003f8032   _Flash2811_Erase
003f81f7   _Flash2811_Program
003f6522   _Flash28_API_LoadEnd
003f6000   _Flash28_API_LoadStart
003f8000   _Flash28_API_RunStart
00000a80   _FlashRegs
00008092   _FlashWriteFlag
00008086   _FlashWriteFlag_Old
00008094   _FlashWritePageIndex
0000809c   _Flash_CPUScaleFactor
0000809a   _Flash_CallbackPtr
000070e0   _GpioDataRegs
000070c0   _GpioMuxRegs
00008096   _HandShake
003f654a   _ILLEGAL_ISR
003f6522   _INT13_ISR
003f6527   _INT14_ISR
003f6721   _InitEv
003f8522   _InitFlash
003f673e   _InitGpio
003f67aa   _InitPieCtrl
003f67cc   _InitPieVectTable
003f67ec   _InitSci
003f6820   _InitSysCtrl
003f684b   _KickDog
003f6630   _MRINTA_ISR
003f6635   _MXINTA_ISR
00007800   _McbspaRegs
003f652c   _NMI_ISR
003f659a   _PDPINTA_ISR
003f65e5   _PDPINTB_ISR
003f6717   _PIE_RESERVED
00000ce0   _PieCtrl
00000d00   _PieVectTable
003f69e6   _PieVectTableInit
0000808a   _ProgStatus
00008098   _QuitUpdate
003f6540   _RTOSINT_ISR
003f6644   _SCIRXINTA_ISR
003f664e   _SCIRXINTB_ISR
003f6649   _SCITXINTA_ISR
003f6708   _SCITXINTB_ISR
003f663a   _SPIRXINTA_ISR
003f663f   _SPITXINTA_ISR
00008085   _SciCom
00007050   _SciaRegs
00007750   _ScibRegs
003f6811   _ScibRx_Ready
003f6802   _ScibTx_Ready
00007040   _SpiaRegs
00008084   _Status
00007010   _SysCtrlRegs
003f65b3   _T1CINT_ISR
003f65bd   _T1OFINT_ISR
003f65ae   _T1PINT_ISR
003f65b8   _T1UFINT_ISR
003f65c7   _T2CINT_ISR
003f65d1   _T2OFINT_ISR
003f65c2   _T2PINT_ISR
003f65cc   _T2UFINT_ISR
003f65fe   _T3CINT_ISR
003f6608   _T3OFINT_ISR
003f65f9   _T3PINT_ISR
003f6603   _T3UFINT_ISR
003f6612   _T4CINT_ISR
003f661c   _T4OFINT_ISR
003f660d   _T4PINT_ISR
003f6617   _T4UFINT_ISR
003f6590   _TINT0_ISR
003f68fe   _UARTPutByte
003f654f   _USER0_ISR
003f6581   _USER10_ISR
003f6586   _USER11_ISR
003f6554   _USER1_ISR
003f6559   _USER2_ISR
003f655e   _USER3_ISR
003f6563   _USER4_ISR
003f6568   _USER5_ISR
003f656d   _USER6_ISR
003f6572   _USER7_ISR
003f6577   _USER8_ISR
003f657c   _USER9_ISR
003f6595   _WAKEINT_ISR
003f6531   _XINT1_ISR
003f6536   _XINT2_ISR
00007070   _XIntruptRegs
00000b20   _XintfRegs
00000400   __STACK_SIZE
ffffffff   ___binit__
00008000   ___bss__
ffffffff   ___c_args__
003f6ae6   ___cinit__
00000000   ___data__
00000000   ___edata__
00008084   ___end__
003f69e6   ___etext__
003f69a2   ___memcpy
003f69c0   ___memcpy_ff
003f69b6   ___memcpy_fn
003f69ac   ___memcpy_nf
ffffffff   ___pinit__
003f6522   ___text__
00008004   __cleanup_ptr
00008002   __dtors_ptr
00008082   __lock
003f69df   __nop
003f69e0   __register_lock
003f69e3   __register_unlock
00008080   __unlock
003f699e   _abort
003f6982   _atexit
003f6916   _c_int00
00008093   _ct
003f6961   _exit
003f6855   _main
003f699f   _memcpy
003f671c   _rsvd_ISR
003f6b31   _secureRamFuncs_loadend
003f6b12   _secureRamFuncs_loadstart
003f8522   _secureRamFuncs_runstart
ffffffff   binit
003f6ae6   cinit
00000000   edata
00008084   end
003f69e6   etext
ffffffff   pinit


GLOBAL SYMBOLS: SORTED BY Symbol Address 

address    name
--------   ----
00000000   ___edata__
00000000   ___data__
00000000   edata
00000000   .data
00000400   __STACK_SIZE
00000880   _DevEmuRegs
00000a80   _FlashRegs
00000ae0   _CsmRegs
00000b20   _XintfRegs
00000c00   _CpuTimer0Regs
00000c08   _CpuTimer1Regs
00000c10   _CpuTimer2Regs
00000ce0   _PieCtrl
00000d00   _PieVectTable
00006000   _ECanaRegs
00006100   _ECanaMboxes
00007010   _SysCtrlRegs
00007040   _SpiaRegs
00007050   _SciaRegs
00007070   _XIntruptRegs
000070c0   _GpioMuxRegs
000070e0   _GpioDataRegs
00007100   _AdcRegs
00007400   _EvaRegs
00007500   _EvbRegs
00007750   _ScibRegs
00007800   _McbspaRegs
00008000   .bss
00008000   ___bss__
00008002   __dtors_ptr
00008004   __cleanup_ptr
00008080   __unlock
00008082   __lock
00008084   ___end__
00008084   _Status
00008084   end
00008085   _SciCom
00008086   _FlashWriteFlag_Old
00008088   _ApiVersion
0000808a   _ProgStatus
0000808e   _EraseStatus
00008092   _FlashWriteFlag
00008093   _ct
00008094   _FlashWritePageIndex
00008096   _HandShake
00008098   _QuitUpdate
0000809a   _Flash_CallbackPtr
0000809c   _Flash_CPUScaleFactor
003f6000   _Flash28_API_LoadStart
003f6522   _Flash28_API_LoadEnd
003f6522   .text
003f6522   ___text__
003f6522   _INT13_ISR
003f6527   _INT14_ISR
003f652c   _NMI_ISR
003f6531   _XINT1_ISR
003f6536   _XINT2_ISR
003f653b   _DATALOG_ISR
003f6540   _RTOSINT_ISR
003f6545   _EMUINT_ISR
003f654a   _ILLEGAL_ISR
003f654f   _USER0_ISR
003f6554   _USER1_ISR
003f6559   _USER2_ISR
003f655e   _USER3_ISR
003f6563   _USER4_ISR
003f6568   _USER5_ISR
003f656d   _USER6_ISR
003f6572   _USER7_ISR
003f6577   _USER8_ISR
003f657c   _USER9_ISR
003f6581   _USER10_ISR
003f6586   _USER11_ISR
003f658b   _ADCINT_ISR
003f6590   _TINT0_ISR
003f6595   _WAKEINT_ISR
003f659a   _PDPINTA_ISR
003f659f   _CMP1INT_ISR
003f65a4   _CMP2INT_ISR
003f65a9   _CMP3INT_ISR
003f65ae   _T1PINT_ISR
003f65b3   _T1CINT_ISR
003f65b8   _T1UFINT_ISR
003f65bd   _T1OFINT_ISR
003f65c2   _T2PINT_ISR
003f65c7   _T2CINT_ISR
003f65cc   _T2UFINT_ISR
003f65d1   _T2OFINT_ISR
003f65d6   _CAPINT1_ISR
003f65db   _CAPINT2_ISR
003f65e0   _CAPINT3_ISR
003f65e5   _PDPINTB_ISR
003f65ea   _CMP4INT_ISR
003f65ef   _CMP5INT_ISR
003f65f4   _CMP6INT_ISR
003f65f9   _T3PINT_ISR
003f65fe   _T3CINT_ISR
003f6603   _T3UFINT_ISR
003f6608   _T3OFINT_ISR
003f660d   _T4PINT_ISR
003f6612   _T4CINT_ISR
003f6617   _T4UFINT_ISR
003f661c   _T4OFINT_ISR
003f6621   _CAPINT4_ISR
003f6626   _CAPINT5_ISR
003f662b   _CAPINT6_ISR
003f6630   _MRINTA_ISR
003f6635   _MXINTA_ISR
003f663a   _SPIRXINTA_ISR
003f663f   _SPITXINTA_ISR
003f6644   _SCIRXINTA_ISR
003f6649   _SCITXINTA_ISR
003f664e   _SCIRXINTB_ISR
003f6708   _SCITXINTB_ISR
003f670d   _ECAN0INTA_ISR
003f6712   _ECAN1INTA_ISR
003f6717   _PIE_RESERVED
003f671c   _rsvd_ISR
003f6721   _InitEv
003f673e   _InitGpio
003f67aa   _InitPieCtrl
003f67cc   _InitPieVectTable
003f67ec   _InitSci
003f6802   _ScibTx_Ready
003f6811   _ScibRx_Ready
003f6820   _InitSysCtrl
003f684b   _KickDog
003f6855   _main
003f68e2   _DelaymS
003f68fe   _UARTPutByte
003f6916   _c_int00
003f6961   _exit
003f6980   C$$EXIT
003f6982   _atexit
003f699e   _abort
003f699f   _memcpy
003f69a2   ___memcpy
003f69ac   ___memcpy_nf
003f69b6   ___memcpy_fn
003f69c0   ___memcpy_ff
003f69df   __nop
003f69e0   __register_lock
003f69e3   __register_unlock
003f69e6   _PieVectTableInit
003f69e6   ___etext__
003f69e6   etext
003f6ae6   cinit
003f6ae6   ___cinit__
003f6b12   _secureRamFuncs_loadstart
003f6b31   _secureRamFuncs_loadend
003f7ff8   _CsmPwl
003f8000   _Flash28_API_RunStart
003f8032   _Flash2811_Erase
003f80c3   _Fl2811_EraseSector
003f8123   _Fl2811_Init
003f8159   _Fl28x_WatchDogDisable
003f8161   _Fl28x_DisableNMI
003f816a   _Fl28x_LeaveCmdMode
003f8177   _Fl28x_EnterCmdMode
003f81a5   _Fl28x_FlashRegSleep
003f81c4   _Fl28x_OpenPulse
003f81d5   _Fl28x_ClosePulse
003f81ec   _Fl28x_MaskAll
003f81f7   _Flash2811_Program
003f829b   _Fl28x_ProgVerify
003f82d8   _Fl28x_ProgPulse
003f831a   _Flash2811_APIVersion
003f831f   _Fl2811_ClearSector
003f835a   _Fl2811_CompactSector
003f83b3   _Fl28x_Delay
003f83c0   _Fl28x_DisableInt
003f83c4   _Fl28x_RestoreInt
003f83c7   _Fl28x_EraseVerify
003f840f   _Fl28x_ErasePulse
003f8461   _Fl28x_ClearLoop
003f84a5   _Fl28x_CompactVerify
003f84df   _Fl28x_CompactPulse
003f8522   _InitFlash
003f8522   _secureRamFuncs_runstart
ffffffff   pinit
ffffffff   ___binit__
ffffffff   ___pinit__
ffffffff   binit
ffffffff   ___c_args__

[184 symbols]
