******************************************************************************
             TMS320C2000 Linker PC v6.2.7                      
******************************************************************************
>> Linked Sun Aug 13 12:14:11 2017

OUTPUT FILE NAME:   <AD.out>
ENTRY POINT SYMBOL: "_c_int00"  address: 0000147f


MEMORY CONFIGURATION

         name            origin    length      used     unused   attr    fill
----------------------  --------  ---------  --------  --------  ----  --------
PAGE 0:
  PROG                  00000040   003fffc0  00003512  003fcaae  RWIX

PAGE 1:
  DATA                  00000000   00010000  00001fcf  0000e031  RW  
  DATA1                 00010000   003f0000  00000000  003f0000  RW  


SECTION ALLOCATION MAP

 output                                  attributes/
section   page    origin      length       input sections
--------  ----  ----------  ----------   ----------------
.pinit     0    00000040    00000000     UNINITIALIZED

.text      0    00000040    0000171d     
                  00000040    00000792     main.obj (.text)
                  000007d2    000003f0     DSP28_DefaultIsr.obj (.text:retain)
                  00000bc2    0000010a     rts2800_ml.lib : atan2.obj (.text)
                  00000ccc    00000108     fft.lib : cfft32c.obj (.text)
                  00000dd4    000000a4     Flash2811_API_V210.lib : Flash28_Prog.obj (.text)
                  00000e78    0000009a                            : Flash28_Erase_Pulse.obj (.text)
                  00000f12    00000091                            : Flash28_Erase.obj (.text)
                  00000fa3    0000008d                            : Flash28_Internals.obj (.text)
                  00001030    00000083     rts2800_ml.lib : fs_div.obj (.text)
                  000010b3    0000007f     Flash2811_API_V210.lib : Flash28_Prog_Pulse.obj (.text)
                  00001132    0000007d                            : Flash28_Compact_Pulse.obj (.text)
                  000011af    00000078     rts2800_ml.lib : fs_add.obj (.text)
                  00001227    00000064     fft.lib : rfft32s.obj (.text)
                  0000128b    00000060     Flash2811_API_V210.lib : Flash28_EraseSector.obj (.text)
                  000012eb    0000005a     rts2800_ml.lib : fs_mpy.obj (.text)
                  00001345    00000059     Flash2811_API_V210.lib : Flash28_CompactSector.obj (.text)
                  0000139e    00000056     DSP28_Gpio.obj (.text)
                  000013f4    00000047     Flash2811_API_V210.lib : Flash28_Init.obj (.text)
                  0000143b    00000044                            : Flash28_ClearLoop.obj (.text)
                  0000147f    00000044     rts2800_ml.lib : boot.obj (.text)
                  000014c3    0000003b     Flash2811_API_V210.lib : Flash28_ClearSector.obj (.text)
                  000014fe    00000035     DSP28_Sci.obj (.text)
                  00001533    00000035     DSP28_SysCtrl.obj (.text)
                  00001568    00000035     fir16.obj (.text)
                  0000159d    00000025     rts2800_ml.lib : fs_toi.obj (.text)
                  000015c2    00000024     fft.lib : rfft32w.obj (.text)
                  000015e6    00000022     DSP28_PieCtrl.obj (.text)
                  00001608    00000022     fft.lib : rfft32br.obj (.text)
                  0000162a    00000022             : rfft32m.obj (.text)
                  0000164c    00000021     rts2800_ml.lib : memcpy_ff.obj (.text)
                  0000166d    00000020     DSP28_PieVect.obj (.text)
                  0000168d    0000001e     DSP28_Ev.obj (.text)
                  000016ab    0000001a     rts2800_ml.lib : l_tofs.obj (.text)
                  000016c5    00000019                    : args_main.obj (.text)
                  000016de    00000019                    : exit.obj (.text)
                  000016f7    00000017                    : fs_cmp.obj (.text)
                  0000170e    00000014                    : frexp.obj (.text)
                  00001722    00000010                    : u_tofs.obj (.text)
                  00001732    0000000d     Flash2811_API_V210.lib : Flash28_Delay.obj (.text)
                  0000173f    00000009     rts2800_ml.lib : _lock.obj (.text)
                  00001748    00000007     Flash2811_API_V210.lib : Flash28_DisInt.obj (.text)
                  0000174f    00000005                            : Flash28_Version.obj (.text)
                  00001754    00000005     rts2800_ml.lib : fs_neg.obj (.text)
                  00001759    00000004     fft.lib : cfft32i.obj (.text)

.data      0    00000040    00000000     UNINITIALIZED

AbsTimeFuncs 
*          0    0000175d    0000152d     
                  0000175d    0000152d     main.obj (AbsTimeFuncs)

FFTtf      0    00002c8a    00000600     
                  00002c8a    00000600     fft.lib : cfft32i.obj (FFTtf)

.econst    0    0000328a    0000023a     
                  0000328a    00000100     DSP28_PieVect.obj (.econst)
                  0000338a    00000100     main.obj (.econst:_win)
                  0000348a    00000032     Flash2811_API_V210.lib : Flash28_Erase.obj (.econst)
                  000034bc    00000008     rts2800_ml.lib : atan2.obj (.econst:_a$1)

.cinit     0    000034c4    00000053     
                  000034c4    0000001b     main.obj (.cinit)
                  000034df    00000014     DSP28_DefaultIsr.obj (.cinit)
                  000034f3    0000000a     Flash2811_API_V210.lib : Flash28_Globals.obj (.cinit)
                  000034fd    0000000a     rts2800_ml.lib : _lock.obj (.cinit)
                  00003507    0000000a                    : exit.obj (.cinit)
                  00003511    00000004                    : errno.obj (.cinit)
                  00003515    00000002     --HOLE-- [fill = 0]

secureRamFuncs 
*          0    00003517    0000001f     
                  00003517    0000001f     main.obj (secureRamFuncs)

delayusFuncs 
*          0    00003536    0000001a     
                  00003536    0000001a     main.obj (delayusFuncs)

.reset     0    00003550    00000002     
                  00003550    00000002     rts2800_ml.lib : boot.obj (.reset)

.bss       1    00000000    00000000     UNINITIALIZED

.stack     1    00000000    00000400     UNINITIALIZED
                  00000000    00000400     --HOLE--

.ebss      1    00000400    0000140a     UNINITIALIZED
                  00000400    00001348     main.obj (.ebss)
                  00001748    00000004     Flash2811_API_V210.lib : Flash28_Globals.obj (.ebss)
                  0000174c    00000004     rts2800_ml.lib : _lock.obj (.ebss)
                  00001750    00000004                    : exit.obj (.ebss)
                  00001754    00000001                    : errno.obj (.ebss)
                  00001755    0000002b     --HOLE--
                  00001780    0000008a     DSP28_DefaultIsr.obj (.ebss)

ECanaRegsFile 
*          1    0000180a    00000034     UNINITIALIZED
                  0000180a    00000034     DSP28_GlobalVariableDefs.obj (ECanaRegsFile)

FFTipcb    1    00001840    00000204     UNINITIALIZED
                  00001840    00000204     main.obj (FFTipcb)

EvaRegsFile 
*          1    00001a44    00000032     UNINITIALIZED
                  00001a44    00000032     DSP28_GlobalVariableDefs.obj (EvaRegsFile)

CpuTimer0RegsFile 
*          1    00001a76    00000008     UNINITIALIZED
                  00001a76    00000008     DSP28_GlobalVariableDefs.obj (CpuTimer0RegsFile)

FFTmag     1    00001a80    00000102     UNINITIALIZED
                  00001a80    00000102     main.obj (FFTmag)

EvbRegsFile 
*          1    00001b82    00000032     UNINITIALIZED
                  00001b82    00000032     DSP28_GlobalVariableDefs.obj (EvbRegsFile)

CpuTimer1RegsFile 
*          1    00001bb4    00000008     UNINITIALIZED
                  00001bb4    00000008     DSP28_GlobalVariableDefs.obj (CpuTimer1RegsFile)

ECanaMboxesFile 
*          1    00001bc0    00000100     UNINITIALIZED
                  00001bc0    00000100     DSP28_GlobalVariableDefs.obj (ECanaMboxesFile)

PieVectTable 
*          1    00001cc0    00000100     UNINITIALIZED
                  00001cc0    00000100     DSP28_GlobalVariableDefs.obj (PieVectTable)

DevEmuRegsFile 
*          1    00001dc0    000000d6     UNINITIALIZED
                  00001dc0    000000d6     DSP28_GlobalVariableDefs.obj (DevEmuRegsFile)

McbspaRegsFile 
*          1    00001e96    00000025     UNINITIALIZED
                  00001e96    00000025     DSP28_GlobalVariableDefs.obj (McbspaRegsFile)

GpioDataRegsFile 
*          1    00001ec0    00000020     UNINITIALIZED
                  00001ec0    00000020     DSP28_GlobalVariableDefs.obj (GpioDataRegsFile)

GpioMuxRegsFile 
*          1    00001ee0    00000020     UNINITIALIZED
                  00001ee0    00000020     DSP28_GlobalVariableDefs.obj (GpioMuxRegsFile)

SysCtrlRegsFile 
*          1    00001f00    00000020     UNINITIALIZED
                  00001f00    00000020     DSP28_GlobalVariableDefs.obj (SysCtrlRegsFile)

XintfRegsFile 
*          1    00001f20    00000020     UNINITIALIZED
                  00001f20    00000020     DSP28_GlobalVariableDefs.obj (XintfRegsFile)

AdcRegsFile 
*          1    00001f40    0000001a     UNINITIALIZED
                  00001f40    0000001a     DSP28_GlobalVariableDefs.obj (AdcRegsFile)

PieCtrlRegsFile 
*          1    00001f5a    0000001a     UNINITIALIZED
                  00001f5a    0000001a     DSP28_GlobalVariableDefs.obj (PieCtrlRegsFile)

CpuTimer2RegsFile 
*          1    00001f74    00000008     UNINITIALIZED
                  00001f74    00000008     DSP28_GlobalVariableDefs.obj (CpuTimer2RegsFile)

CsmRegsFile 
*          1    00001f80    00000010     UNINITIALIZED
                  00001f80    00000010     DSP28_GlobalVariableDefs.obj (CsmRegsFile)

SciaRegsFile 
*          1    00001f90    00000010     UNINITIALIZED
                  00001f90    00000010     DSP28_GlobalVariableDefs.obj (SciaRegsFile)

ScibRegsFile 
*          1    00001fa0    00000010     UNINITIALIZED
                  00001fa0    00000010     DSP28_GlobalVariableDefs.obj (ScibRegsFile)

SpiaRegsFile 
*          1    00001fb0    00000010     UNINITIALIZED
                  00001fb0    00000010     DSP28_GlobalVariableDefs.obj (SpiaRegsFile)

XIntruptRegsFile 
*          1    00001fc0    00000010     UNINITIALIZED
                  00001fc0    00000010     DSP28_GlobalVariableDefs.obj (XIntruptRegsFile)

CsmPwlFile 
*          1    00001fd0    00000008     UNINITIALIZED
                  00001fd0    00000008     DSP28_GlobalVariableDefs.obj (CsmPwlFile)

FlashRegsFile 
*          1    00001fd8    00000008     UNINITIALIZED
                  00001fd8    00000008     DSP28_GlobalVariableDefs.obj (FlashRegsFile)


GLOBAL DATA SYMBOLS: SORTED BY DATA PAGE

address     data page           name
--------    ----------------    ----
00000000       0 (00000000)     __stack

00000400      10 (00000400)     _StopFlag
00000401      10 (00000400)     _FlowBegin
00000402      10 (00000400)     _Status
00000403      10 (00000400)     _FlowReq
00000404      10 (00000400)     _Firstplace
00000405      10 (00000400)     _Maxplace
00000406      10 (00000400)     _SciCom
00000407      10 (00000400)     _Maxcomper
00000408      10 (00000400)     _RanReqFlag
00000409      10 (00000400)     _td
0000040a      10 (00000400)     _DataReqFlag
0000040b      10 (00000400)     _DataReqCount
0000040c      10 (00000400)     _wd
0000040d      10 (00000400)     _HaltFlag
0000040e      10 (00000400)     _ResetReqFlag
0000040f      10 (00000400)     _start
00000410      10 (00000400)     _Delv2
00000411      10 (00000400)     _Delv1
00000412      10 (00000400)     _Fpar
00000413      10 (00000400)     _i
00000414      10 (00000400)     _CalBegin
00000415      10 (00000400)     _Delv3
00000416      10 (00000400)     _Delv4
00000417      10 (00000400)     _F
00000418      10 (00000400)     _tf
00000419      10 (00000400)     _pd
0000041a      10 (00000400)     _Minplace
0000041b      10 (00000400)     _j
0000041c      10 (00000400)     _k
0000041d      10 (00000400)     _n
0000041e      10 (00000400)     _m
0000041f      10 (00000400)     _start_xn
00000421      10 (00000400)     _q2
00000422      10 (00000400)     _CalFlag
00000423      10 (00000400)     _q1
00000424      10 (00000400)     _VerFlag
00000425      10 (00000400)     _q3
00000426      10 (00000400)     _start_xs
00000427      10 (00000400)     _start_ss
00000428      10 (00000400)     _start_sn
0000042a      10 (00000400)     _t
0000042c      10 (00000400)     _Max2
0000042e      10 (00000400)     _Min
00000430      10 (00000400)     _Min1
00000432      10 (00000400)     _Maxx
00000434      10 (00000400)     _t2
00000436      10 (00000400)     _t3
00000438      10 (00000400)     _ApiVersion
0000043a      10 (00000400)     _t1
0000043c      10 (00000400)     _DT_Max
0000043e      10 (00000400)     _Min2

00000440      11 (00000440)     _t4
00000442      11 (00000440)     _DT_Min
00000444      11 (00000440)     _pdo
00000446      11 (00000440)     _addpt
00000448      11 (00000440)     _tdv
0000044a      11 (00000440)     _pdv
0000044c      11 (00000440)     _Length
0000044e      11 (00000440)     _add
00000450      11 (00000440)     _ADBuffer
00000452      11 (00000440)     _ADSData
00000454      11 (00000440)     _Flash_Ptr
00000456      11 (00000440)     _ln
00000458      11 (00000440)     _lx
0000045a      11 (00000440)     _Delv
0000045c      11 (00000440)     _Max1
0000045e      11 (00000440)     _avr1024
00000460      11 (00000440)     _angle
00000462      11 (00000440)     _Max
00000464      11 (00000440)     _Maxcount2
00000468      11 (00000440)     _Maxcount1
0000046c      11 (00000440)     _tp2
00000470      11 (00000440)     _SC
00000474      11 (00000440)     _tp4
00000478      11 (00000440)     _Maxcount4
0000047c      11 (00000440)     _Maxcount3

00000480      12 (00000480)     _tp3
00000484      12 (00000480)     _tp1
00000488      12 (00000480)     _RDD
0000048c      12 (00000480)     _EraseStatus
00000490      12 (00000480)     _DTC
00000494      12 (00000480)     _dd
00000498      12 (00000480)     _ProgStatus
0000049c      12 (00000480)     _RDDa
000004a0      12 (00000480)     _Maxcount
000004a5      12 (00000480)     _Maxtemp
000004aa      12 (00000480)     _AT
000004b0      12 (00000480)     _LDT
000004b6      12 (00000480)     _RD

000004c0      13 (000004c0)     _RDa
000004c8      13 (000004c0)     _tp
000004d0      13 (000004c0)     _tdd
000004e4      13 (000004c0)     _pdd

00000500      14 (00000500)     _fft

00000540      15 (00000540)     _df

000005c0      17 (000005c0)     _std

00000840      21 (00000840)     _DT

00000b80      2e (00000b80)     _AbsT

00001040      41 (00001040)     _ADC

00001748      5d (00001740)     _Flash_CallbackPtr
0000174a      5d (00001740)     _Flash_CPUScaleFactor
0000174c      5d (00001740)     __unlock
0000174e      5d (00001740)     __lock
00001750      5d (00001740)     ___TI_cleanup_ptr
00001752      5d (00001740)     ___TI_dtors_ptr
00001754      5d (00001740)     _errno

00001780      5e (00001780)     _Col2
00001781      5e (00001780)     _Col
00001782      5e (00001780)     _Colt
00001783      5e (00001780)     _ColBegin
00001784      5e (00001780)     _RxFlag
00001785      5e (00001780)     _RxCn
00001786      5e (00001780)     _ct
00001787      5e (00001780)     _cn
00001788      5e (00001780)     _tpbuf
00001789      5e (00001780)     _tws
0000178a      5e (00001780)     _cl
0000178c      5e (00001780)     _tl

000017c0      5f (000017c0)     _RxBuf

0000180a      60 (00001800)     _ECanaRegs

00001840      61 (00001840)     _ipcb

00001a44      69 (00001a40)     _EvaRegs
00001a76      69 (00001a40)     _CpuTimer0Regs

00001a80      6a (00001a80)     _mag

00001b82      6e (00001b80)     _EvbRegs
00001bb4      6e (00001b80)     _CpuTimer1Regs

00001bc0      6f (00001bc0)     _ECanaMboxes

00001cc0      73 (00001cc0)     _PieVectTable

00001dc0      77 (00001dc0)     _DevEmuRegs

00001e96      7a (00001e80)     _McbspaRegs

00001ec0      7b (00001ec0)     _GpioDataRegs
00001ee0      7b (00001ec0)     _GpioMuxRegs

00001f00      7c (00001f00)     _SysCtrlRegs
00001f20      7c (00001f00)     _XintfRegs

00001f40      7d (00001f40)     _AdcRegs
00001f5a      7d (00001f40)     _PieCtrl
00001f74      7d (00001f40)     _CpuTimer2Regs

00001f80      7e (00001f80)     _CsmRegs
00001f90      7e (00001f80)     _SciaRegs
00001fa0      7e (00001f80)     _ScibRegs
00001fb0      7e (00001f80)     _SpiaRegs

00001fc0      7f (00001fc0)     _XIntruptRegs
00001fd0      7f (00001fc0)     _CsmPwl
00001fd8      7f (00001fc0)     _FlashRegs

0000328a      ca (00003280)     _PieVectTableInit

0000338a      ce (00003380)     _win


GLOBAL SYMBOLS: SORTED ALPHABETICALLY BY Name 

address    name
--------   ----
00000000   .bss
00000040   .data
00000040   .text
000016de   C$$EXIT
000011b4   FS$$ADD
000016f7   FS$$CMP
00001030   FS$$DIV
000012eb   FS$$MPY
00001754   FS$$NEG
000011af   FS$$SUB
0000159d   FS$$TOI
000016ab   L$$TOFS
00001722   U$$TOFS
00000450   _ADBuffer
00001040   _ADC
0000083b   _ADCINT_ISR
00000298   _ADS1222_INIT
000002de   _ADS1222_sample
00000452   _ADSData
000004aa   _AT
00000b80   _AbsT
0000175d   _AbsTime
UNDEFED    _AbsTimeFuncs_loadend
UNDEFED    _AbsTimeFuncs_loadstart
UNDEFED    _AbsTimeFuncs_runstart
00001f40   _AdcRegs
00000438   _ApiVersion
00000886   _CAPINT1_ISR
0000088b   _CAPINT2_ISR
00000890   _CAPINT3_ISR
000008d1   _CAPINT4_ISR
000008d6   _CAPINT5_ISR
000008db   _CAPINT6_ISR
00000ccc   _CFFT32_calc
00001759   _CFFT32_init
0000084f   _CMP1INT_ISR
00000854   _CMP2INT_ISR
00000859   _CMP3INT_ISR
0000089a   _CMP4INT_ISR
0000089f   _CMP5INT_ISR
000008a4   _CMP6INT_ISR
00000414   _CalBegin
00000422   _CalFlag
000001a3   _CalP
00000589   _CalThr
00001781   _Col
00001780   _Col2
00001783   _ColBegin
00001782   _Colt
00001a76   _CpuTimer0Regs
00001bb4   _CpuTimer1Regs
00001f74   _CpuTimer2Regs
00001fd0   _CsmPwl
00001f80   _CsmRegs
000007eb   _DATALOG_ISR
00000840   _DT
00000490   _DTC
0000043c   _DT_Max
00000442   _DT_Min
0000019f   _DataCheck
0000040b   _DataReqCount
0000040a   _DataReqFlag
00000264   _DelaymS
0000045a   _Delv
00000411   _Delv1
00000410   _Delv2
00000415   _Delv3
00000416   _Delv4
00001dc0   _DevEmuRegs
00000bae   _ECAN0INTA_ISR
00000bb3   _ECAN1INTA_ISR
00001bc0   _ECanaMboxes
0000180a   _ECanaRegs
000007f5   _EMUINT_ISR
0000048c   _EraseStatus
00001a44   _EvaRegs
00001b82   _EvbRegs
00000417   _F
0000157c   _FIR16_calc
00001568   _FIR16_init
00000404   _Firstplace
000014c3   _Fl2811_ClearSector
00001345   _Fl2811_CompactSector
0000128b   _Fl2811_EraseSector
000013f4   _Fl2811_Init
0000143b   _Fl28x_ClearLoop
0000100e   _Fl28x_ClosePulse
0000116c   _Fl28x_CompactPulse
00001132   _Fl28x_CompactVerify
00001732   _Fl28x_Delay
00001748   _Fl28x_DisableInt
00001432   _Fl28x_DisableNMI
00000fb0   _Fl28x_EnterCmdMode
00000ec0   _Fl28x_ErasePulse
00000e78   _Fl28x_EraseVerify
00000fde   _Fl28x_FlashRegSleep
00000fa3   _Fl28x_LeaveCmdMode
00001025   _Fl28x_MaskAll
00000ffd   _Fl28x_OpenPulse
000010f0   _Fl28x_ProgPulse
000010b3   _Fl28x_ProgVerify
0000174c   _Fl28x_RestoreInt
0000142a   _Fl28x_WatchDogDisable
0000174f   _Flash2811_APIVersion
00000f12   _Flash2811_Erase
00000dd4   _Flash2811_Program
UNDEFED    _Flash28_API_LoadEnd
UNDEFED    _Flash28_API_LoadStart
UNDEFED    _Flash28_API_RunStart
00001fd8   _FlashRegs
0000174a   _Flash_CPUScaleFactor
00001748   _Flash_CallbackPtr
00000454   _Flash_Ptr
00000401   _FlowBegin
00000403   _FlowReq
00000412   _Fpar
00001ec0   _GpioDataRegs
00001ee0   _GpioMuxRegs
0000040d   _HaltFlag
000007fa   _ILLEGAL_ISR
000007d2   _INT13_ISR
000007d7   _INT14_ISR
000004f1   _ISRSciCom05
00000553   _ISRSciCom0A
00000236   _InitAdc
0000168d   _InitEv
00003517   _InitFlash
0000139e   _InitGpio
000015e6   _InitPieCtrl
0000166d   _InitPieVectTable
000014fe   _InitSci
00001533   _InitSysCtrl
0000155e   _KickDog
000004b0   _LDT
0000044c   _Length
000008e0   _MRINTA_ISR
000008e5   _MXINTA_ISR
00000462   _Max
0000045c   _Max1
0000042c   _Max2
00000407   _Maxcomper
000004a0   _Maxcount
00000468   _Maxcount1
00000464   _Maxcount2
0000047c   _Maxcount3
00000478   _Maxcount4
00000405   _Maxplace
000004a5   _Maxtemp
00000432   _Maxx
00001e96   _McbspaRegs
0000042e   _Min
00000430   _Min1
0000043e   _Min2
0000041a   _Minplace
000007dc   _NMI_ISR
0000084a   _PDPINTA_ISR
00000895   _PDPINTB_ISR
00000bb8   _PIE_RESERVED
00001f5a   _PieCtrl
00001cc0   _PieVectTable
0000328a   _PieVectTableInit
00000498   _ProgStatus
000004b6   _RD
00000488   _RDD
0000049c   _RDDa
000004c0   _RDa
00001608   _RFFT32_brev
0000162a   _RFFT32_mag
00001227   _RFFT32_split
000015c2   _RFFT32_win
000007f0   _RTOSINT_ISR
00000408   _RanReqFlag
0000040e   _ResetReqFlag
000017c0   _RxBuf
00001785   _RxCn
00001784   _RxFlag
00000470   _SC
000008f4   _SCIRXINTA_ISR
000008fe   _SCIRXINTB_ISR
000008f9   _SCITXINTA_ISR
00000ba9   _SCITXINTB_ISR
000008ea   _SPIRXINTA_ISR
000008ef   _SPITXINTA_ISR
00000406   _SciCom
00001f90   _SciaRegs
00001fa0   _ScibRegs
00001524   _ScibRx_Ready
00001515   _ScibTx_Ready
00001fb0   _SpiaRegs
00000402   _Status
00000400   _StopFlag
00001f00   _SysCtrlRegs
00000863   _T1CINT_ISR
0000086d   _T1OFINT_ISR
0000085e   _T1PINT_ISR
00000868   _T1UFINT_ISR
00000877   _T2CINT_ISR
00000881   _T2OFINT_ISR
00000872   _T2PINT_ISR
0000087c   _T2UFINT_ISR
000008ae   _T3CINT_ISR
000008b8   _T3OFINT_ISR
000008a9   _T3PINT_ISR
000008b3   _T3UFINT_ISR
000008c2   _T4CINT_ISR
000008cc   _T4OFINT_ISR
000008bd   _T4PINT_ISR
000008c7   _T4UFINT_ISR
00000840   _TINT0_ISR
00000280   _UARTPutByte
000007ff   _USER0_ISR
00000831   _USER10_ISR
00000836   _USER11_ISR
00000804   _USER1_ISR
00000809   _USER2_ISR
0000080e   _USER3_ISR
00000813   _USER4_ISR
00000818   _USER5_ISR
0000081d   _USER6_ISR
00000822   _USER7_ISR
00000827   _USER8_ISR
0000082c   _USER9_ISR
00000424   _VerFlag
00000845   _WAKEINT_ISR
000007e1   _XINT1_ISR
000007e6   _XINT2_ISR
00001fc0   _XIntruptRegs
00001f20   _XintfRegs
00000400   __STACK_END
00000400   __STACK_SIZE
00000001   __TI_args_main
00001750   ___TI_cleanup_ptr
00001752   ___TI_dtors_ptr
ffffffff   ___binit__
00000000   ___bss__
ffffffff   ___c_args__
000034c4   ___cinit__
00000040   ___data__
00000040   ___edata__
00000000   ___end__
0000175d   ___etext__
0000164c   ___memcpy_ff
ffffffff   ___pinit__
00000040   ___text__
000016c5   __args_main
0000174e   __lock
00001747   __nop
00001743   __register_lock
0000173f   __register_unlock
00000000   __stack
0000174c   __unlock
000016de   _abort
0000044e   _add
00000446   _addpt
00000460   _angle
00000bc2   _atan2
0000045e   _avr1024
0000147f   _c_int00
0000178a   _cl
00001787   _cn
00001786   _ct
00000494   _dd
00003536   _delayus
UNDEFED    _delayusFuncs_loadend
UNDEFED    _delayusFuncs_loadstart
UNDEFED    _delayusFuncs_runstart
00000540   _df
00001754   _errno
000016e0   _exit
00000500   _fft
0000170e   _frexp
0000078f   _get_tem
00000413   _i
00001840   _ipcb
0000041b   _j
0000041c   _k
00000456   _ln
00000458   _lx
0000041e   _m
00001a80   _mag
00000040   _main
0000041d   _n
00000419   _pd
000004e4   _pdd
00000444   _pdo
0000044a   _pdv
00000423   _q1
00000421   _q2
00000425   _q3
0000075b   _read_byte
000006f1   _reset
00000bbd   _rsvd_ISR
UNDEFED    _secureRamFuncs_loadend
UNDEFED    _secureRamFuncs_loadstart
UNDEFED    _secureRamFuncs_runstart
0000040f   _start
00000428   _start_sn
00000427   _start_ss
0000041f   _start_xn
00000426   _start_xs
000005c0   _std
0000042a   _t
0000043a   _t1
00000434   _t2
00000436   _t3
00000440   _t4
00000409   _td
000004d0   _tdd
00000448   _tdv
00000418   _tf
0000178c   _tl
000004c8   _tp
00000484   _tp1
0000046c   _tp2
00000480   _tp3
00000474   _tp4
00001788   _tpbuf
00001789   _tws
0000040c   _wd
0000338a   _win
0000072c   _write_byte
ffffffff   binit
000034c4   cinit
00000040   edata
00000000   end
0000175d   etext
ffffffff   pinit


GLOBAL SYMBOLS: SORTED BY Symbol Address 

address    name
--------   ----
00000000   .bss
00000000   ___bss__
00000000   ___end__
00000000   __stack
00000000   end
00000001   __TI_args_main
00000040   .data
00000040   .text
00000040   ___data__
00000040   ___edata__
00000040   ___text__
00000040   _main
00000040   edata
0000019f   _DataCheck
000001a3   _CalP
00000236   _InitAdc
00000264   _DelaymS
00000280   _UARTPutByte
00000298   _ADS1222_INIT
000002de   _ADS1222_sample
00000400   _StopFlag
00000400   __STACK_END
00000400   __STACK_SIZE
00000401   _FlowBegin
00000402   _Status
00000403   _FlowReq
00000404   _Firstplace
00000405   _Maxplace
00000406   _SciCom
00000407   _Maxcomper
00000408   _RanReqFlag
00000409   _td
0000040a   _DataReqFlag
0000040b   _DataReqCount
0000040c   _wd
0000040d   _HaltFlag
0000040e   _ResetReqFlag
0000040f   _start
00000410   _Delv2
00000411   _Delv1
00000412   _Fpar
00000413   _i
00000414   _CalBegin
00000415   _Delv3
00000416   _Delv4
00000417   _F
00000418   _tf
00000419   _pd
0000041a   _Minplace
0000041b   _j
0000041c   _k
0000041d   _n
0000041e   _m
0000041f   _start_xn
00000421   _q2
00000422   _CalFlag
00000423   _q1
00000424   _VerFlag
00000425   _q3
00000426   _start_xs
00000427   _start_ss
00000428   _start_sn
0000042a   _t
0000042c   _Max2
0000042e   _Min
00000430   _Min1
00000432   _Maxx
00000434   _t2
00000436   _t3
00000438   _ApiVersion
0000043a   _t1
0000043c   _DT_Max
0000043e   _Min2
00000440   _t4
00000442   _DT_Min
00000444   _pdo
00000446   _addpt
00000448   _tdv
0000044a   _pdv
0000044c   _Length
0000044e   _add
00000450   _ADBuffer
00000452   _ADSData
00000454   _Flash_Ptr
00000456   _ln
00000458   _lx
0000045a   _Delv
0000045c   _Max1
0000045e   _avr1024
00000460   _angle
00000462   _Max
00000464   _Maxcount2
00000468   _Maxcount1
0000046c   _tp2
00000470   _SC
00000474   _tp4
00000478   _Maxcount4
0000047c   _Maxcount3
00000480   _tp3
00000484   _tp1
00000488   _RDD
0000048c   _EraseStatus
00000490   _DTC
00000494   _dd
00000498   _ProgStatus
0000049c   _RDDa
000004a0   _Maxcount
000004a5   _Maxtemp
000004aa   _AT
000004b0   _LDT
000004b6   _RD
000004c0   _RDa
000004c8   _tp
000004d0   _tdd
000004e4   _pdd
000004f1   _ISRSciCom05
00000500   _fft
00000540   _df
00000553   _ISRSciCom0A
00000589   _CalThr
000005c0   _std
000006f1   _reset
0000072c   _write_byte
0000075b   _read_byte
0000078f   _get_tem
000007d2   _INT13_ISR
000007d7   _INT14_ISR
000007dc   _NMI_ISR
000007e1   _XINT1_ISR
000007e6   _XINT2_ISR
000007eb   _DATALOG_ISR
000007f0   _RTOSINT_ISR
000007f5   _EMUINT_ISR
000007fa   _ILLEGAL_ISR
000007ff   _USER0_ISR
00000804   _USER1_ISR
00000809   _USER2_ISR
0000080e   _USER3_ISR
00000813   _USER4_ISR
00000818   _USER5_ISR
0000081d   _USER6_ISR
00000822   _USER7_ISR
00000827   _USER8_ISR
0000082c   _USER9_ISR
00000831   _USER10_ISR
00000836   _USER11_ISR
0000083b   _ADCINT_ISR
00000840   _DT
00000840   _TINT0_ISR
00000845   _WAKEINT_ISR
0000084a   _PDPINTA_ISR
0000084f   _CMP1INT_ISR
00000854   _CMP2INT_ISR
00000859   _CMP3INT_ISR
0000085e   _T1PINT_ISR
00000863   _T1CINT_ISR
00000868   _T1UFINT_ISR
0000086d   _T1OFINT_ISR
00000872   _T2PINT_ISR
00000877   _T2CINT_ISR
0000087c   _T2UFINT_ISR
00000881   _T2OFINT_ISR
00000886   _CAPINT1_ISR
0000088b   _CAPINT2_ISR
00000890   _CAPINT3_ISR
00000895   _PDPINTB_ISR
0000089a   _CMP4INT_ISR
0000089f   _CMP5INT_ISR
000008a4   _CMP6INT_ISR
000008a9   _T3PINT_ISR
000008ae   _T3CINT_ISR
000008b3   _T3UFINT_ISR
000008b8   _T3OFINT_ISR
000008bd   _T4PINT_ISR
000008c2   _T4CINT_ISR
000008c7   _T4UFINT_ISR
000008cc   _T4OFINT_ISR
000008d1   _CAPINT4_ISR
000008d6   _CAPINT5_ISR
000008db   _CAPINT6_ISR
000008e0   _MRINTA_ISR
000008e5   _MXINTA_ISR
000008ea   _SPIRXINTA_ISR
000008ef   _SPITXINTA_ISR
000008f4   _SCIRXINTA_ISR
000008f9   _SCITXINTA_ISR
000008fe   _SCIRXINTB_ISR
00000b80   _AbsT
00000ba9   _SCITXINTB_ISR
00000bae   _ECAN0INTA_ISR
00000bb3   _ECAN1INTA_ISR
00000bb8   _PIE_RESERVED
00000bbd   _rsvd_ISR
00000bc2   _atan2
00000ccc   _CFFT32_calc
00000dd4   _Flash2811_Program
00000e78   _Fl28x_EraseVerify
00000ec0   _Fl28x_ErasePulse
00000f12   _Flash2811_Erase
00000fa3   _Fl28x_LeaveCmdMode
00000fb0   _Fl28x_EnterCmdMode
00000fde   _Fl28x_FlashRegSleep
00000ffd   _Fl28x_OpenPulse
0000100e   _Fl28x_ClosePulse
00001025   _Fl28x_MaskAll
00001030   FS$$DIV
00001040   _ADC
000010b3   _Fl28x_ProgVerify
000010f0   _Fl28x_ProgPulse
00001132   _Fl28x_CompactVerify
0000116c   _Fl28x_CompactPulse
000011af   FS$$SUB
000011b4   FS$$ADD
00001227   _RFFT32_split
0000128b   _Fl2811_EraseSector
000012eb   FS$$MPY
00001345   _Fl2811_CompactSector
0000139e   _InitGpio
000013f4   _Fl2811_Init
0000142a   _Fl28x_WatchDogDisable
00001432   _Fl28x_DisableNMI
0000143b   _Fl28x_ClearLoop
0000147f   _c_int00
000014c3   _Fl2811_ClearSector
000014fe   _InitSci
00001515   _ScibTx_Ready
00001524   _ScibRx_Ready
00001533   _InitSysCtrl
0000155e   _KickDog
00001568   _FIR16_init
0000157c   _FIR16_calc
0000159d   FS$$TOI
000015c2   _RFFT32_win
000015e6   _InitPieCtrl
00001608   _RFFT32_brev
0000162a   _RFFT32_mag
0000164c   ___memcpy_ff
0000166d   _InitPieVectTable
0000168d   _InitEv
000016ab   L$$TOFS
000016c5   __args_main
000016de   C$$EXIT
000016de   _abort
000016e0   _exit
000016f7   FS$$CMP
0000170e   _frexp
00001722   U$$TOFS
00001732   _Fl28x_Delay
0000173f   __register_unlock
00001743   __register_lock
00001747   __nop
00001748   _Fl28x_DisableInt
00001748   _Flash_CallbackPtr
0000174a   _Flash_CPUScaleFactor
0000174c   _Fl28x_RestoreInt
0000174c   __unlock
0000174e   __lock
0000174f   _Flash2811_APIVersion
00001750   ___TI_cleanup_ptr
00001752   ___TI_dtors_ptr
00001754   FS$$NEG
00001754   _errno
00001759   _CFFT32_init
0000175d   _AbsTime
0000175d   ___etext__
0000175d   etext
00001780   _Col2
00001781   _Col
00001782   _Colt
00001783   _ColBegin
00001784   _RxFlag
00001785   _RxCn
00001786   _ct
00001787   _cn
00001788   _tpbuf
00001789   _tws
0000178a   _cl
0000178c   _tl
000017c0   _RxBuf
0000180a   _ECanaRegs
00001840   _ipcb
00001a44   _EvaRegs
00001a76   _CpuTimer0Regs
00001a80   _mag
00001b82   _EvbRegs
00001bb4   _CpuTimer1Regs
00001bc0   _ECanaMboxes
00001cc0   _PieVectTable
00001dc0   _DevEmuRegs
00001e96   _McbspaRegs
00001ec0   _GpioDataRegs
00001ee0   _GpioMuxRegs
00001f00   _SysCtrlRegs
00001f20   _XintfRegs
00001f40   _AdcRegs
00001f5a   _PieCtrl
00001f74   _CpuTimer2Regs
00001f80   _CsmRegs
00001f90   _SciaRegs
00001fa0   _ScibRegs
00001fb0   _SpiaRegs
00001fc0   _XIntruptRegs
00001fd0   _CsmPwl
00001fd8   _FlashRegs
0000328a   _PieVectTableInit
0000338a   _win
000034c4   ___cinit__
000034c4   cinit
00003517   _InitFlash
00003536   _delayus
ffffffff   ___binit__
ffffffff   ___c_args__
ffffffff   ___pinit__
ffffffff   binit
ffffffff   pinit
UNDEFED    _AbsTimeFuncs_loadend
UNDEFED    _AbsTimeFuncs_loadstart
UNDEFED    _AbsTimeFuncs_runstart
UNDEFED    _Flash28_API_LoadEnd
UNDEFED    _Flash28_API_LoadStart
UNDEFED    _Flash28_API_RunStart
UNDEFED    _delayusFuncs_loadend
UNDEFED    _delayusFuncs_loadstart
UNDEFED    _delayusFuncs_runstart
UNDEFED    _secureRamFuncs_loadend
UNDEFED    _secureRamFuncs_loadstart
UNDEFED    _secureRamFuncs_runstart

[327 symbols]
