******************************************************************************
        TMS320C2000 COFF Linker PC v4.1.3                      
******************************************************************************
>> Linked Sun Aug 03 14:58:32 2014

OUTPUT FILE NAME:   <./Debug/AD.out>
ENTRY POINT SYMBOL: "_c_int00"  address: 003ed020


MEMORY CONFIGURATION

                  name            origin    length      used    attr    fill
         ----------------------  --------  ---------  --------  ----  --------
PAGE  0: OTP                     003d7800   00000800  00000000  RWIX
         FLASHJ                  003d8000   00002000  00000032  RWIX
         FLASHI                  003da000   00002000  00000000  RWIX
         FLASHH                  003dc000   00004000  00000000  RWIX
         FLASHG                  003e0000   00004000  00000000  RWIX
         FLASHF                  003e4000   00004000  0000166b  RWIX
         FLASHE                  003e8000   00004000  0000061f  RWIX
         FLASHD                  003ec000   00004000  000012b1  RWIX
         FLASHC                  003f0000   00004000  00000000  RWIX
         FLASHB                  003f4000   00002000  00000000  RWIX
         FLASHA                  003f6000   00001ff6  00000000  RWIX
         BEGIN                   003f7ff6   00000002  00000002  RWIX
         PASSWDS                 003f7ff8   00000008  00000000  RWIX
         ROM                     003ff000   00000fc0  00000000  RWIX
         VECTORS                 003fffc2   0000003e  00000000  RWIX

PAGE  1: RAMM0M1                 00000000   00000800  00000502  RWIX
         DEV_EMU                 00000880   00000180  000000d6  RWIX
         FLASH_REGS              00000a80   00000060  00000008  RWIX
         CSM                     00000ae0   00000010  00000010  RWIX
         XINTF                   00000b20   00000020  00000020  RWIX
         CPU_TIMER0              00000c00   00000008  00000008  RWIX
         CPU_TIMER1              00000c08   00000008  00000008  RWIX
         CPU_TIMER2              00000c10   00000008  00000008  RWIX
         PIE_CTRL                00000ce0   00000020  0000001a  RWIX
         PIE_VECT                00000d00   00000100  00000100  RWIX
         ECAN_A                  00006000   00000100  00000034  RWIX
         ECAN_AMBOX              00006100   00000100  00000100  RWIX
         SYSTEM                  00007010   00000020  00000020  RWIX
         SPI_A                   00007040   00000010  00000010  RWIX
         SCI_A                   00007050   00000010  00000010  RWIX
         XINTRUPT                00007070   00000010  00000010  RWIX
         GPIOMUX                 000070c0   00000020  00000020  RWIX
         GPIODAT                 000070e0   00000020  00000020  RWIX
         ADC                     00007100   00000020  0000001a  RWIX
         EV_A                    00007400   00000040  00000032  RWIX
         EV_B                    00007500   00000040  00000032  RWIX
         SPI_B                   00007740   00000010  00000000  RWIX
         SCI_B                   00007750   00000010  00000010  RWIX
         MCBSP_A                 00007800   00000040  00000025  RWIX
         RAMH0                   00008000   00002000  00001551  RWIX
         CSM_PWL                 003f7ff8   00000008  00000008  RWIX
         RAML0L1                 003f8000   00002000  00001482  RWIX


SECTION ALLOCATION MAP

 output                                  attributes/
section   page    origin      length       input sections
--------  ----  ----------  ----------   ----------------
IQmathTables 
*          0    003d7800    00000000     UNINITIALIZED

.cinit     0    003d8000    00000032     
                  003d8000    0000001b     main.obj (.cinit)
                  003d801b    00000003     rts2800n.lib : errno.obj (.cinit)
                  003d801e    0000000b                  : exit.obj (.cinit)
                  003d8029    00000008                  : _lock.obj (.cinit)
                  003d8031    00000001     --HOLE-- [fill = 0]

IQmath     0    003da000    00000000     UNINITIALIZED

IQmathFastTables 
*          0    003da000    00000000     UNINITIALIZED

AbsTimeFuncs 
*          0    003e4000    00001463     RUN ADDR = 003f8000
                  003e4000    00001463     main.obj (AbsTimeFuncs)

.econst    0    003e5464    00000200     
                  003e5464    00000100     main.obj (.econst)
                  003e5564    00000100     DSP28_PieVect.obj (.econst)

.const     0    003e5664    00000008     
                  003e5664    00000008     rts2800n.lib : atan2.obj (.const)

FFTtf      0    003e8000    00000600     
                  003e8000    00000600     fft.lib : cfft32i.obj (FFTtf)

secureRamFuncs 
*          0    003e8600    0000001f     RUN ADDR = 003f9463
                  003e8600    0000001f     main.obj (secureRamFuncs)

.text      0    003ec000    000012b1     
                  003ec000    00000035     fir16.obj (.text)
                  003ec035    000007e2     main.obj (.text)
                  003ec817    000003d7     DSP28_DefaultIsr.obj (.text)
                  003ecbee    00000108     fft.lib : cfft32c.obj (.text)
                  003eccf6    000000f1     rts2800n.lib : atan2.obj (.text)
                  003ecde7    0000008c                  : fs_add.obj (.text)
                  003ece73    00000083                  : fs_div.obj (.text)
                  003ecef6    0000006c     DSP28_Gpio.obj (.text)
                  003ecf62    00000064     fft.lib : rfft32s.obj (.text)
                  003ecfc6    0000005a     rts2800n.lib : fs_mpy.obj (.text)
                  003ed020    0000004b                  : boot.obj (.text)
                  003ed06b    00000040                  : memcpy.obj (.text)
                  003ed0ab    0000003e                  : exit.obj (.text)
                  003ed0e9    00000035     DSP28_SysCtrl.obj (.text)
                  003ed11e    00000034     DSP28_Sci.obj (.text)
                  003ed152    00000024     fft.lib : rfft32w.obj (.text)
                  003ed176    00000024     rts2800n.lib : fs_toi.obj (.text)
                  003ed19a    00000022     fft.lib : rfft32br.obj (.text)
                  003ed1bc    00000022     DSP28_PieCtrl.obj (.text)
                  003ed1de    00000022     fft.lib : rfft32m.obj (.text)
                  003ed200    00000020     DSP28_PieVect.obj (.text)
                  003ed220    0000001d     DSP28_Ev.obj (.text)
                  003ed23d    0000001a     rts2800n.lib : l_tofs.obj (.text)
                  003ed257    0000001a                  : i_tofs.obj (.text)
                  003ed271    00000017                  : fs_cmp.obj (.text)
                  003ed288    00000010                  : u_tofs.obj (.text)
                  003ed298    00000009                  : fs_sub.obj (.text)
                  003ed2a1    00000007                  : _lock.obj (.text)
                  003ed2a8    00000005                  : fs_neg.obj (.text)
                  003ed2ad    00000004     fft.lib : cfft32i.obj (.text)

.reset     0    003f7ff6    00000002     
                  003f7ff6    00000002     rts2800n.lib : boot.obj (.reset)

.vectors   0    003fffc2    00000000     UNINITIALIZED

.sysstack 
*          1    00000000    00000000     UNINITIALIZED

.data      1    00000000    00000000     UNINITIALIZED

.stack     1    00000000    00000400     UNINITIALIZED

FFTmag     1    00000400    00000102     UNINITIALIZED
                  00000400    00000102     main.obj (FFTmag)

DevEmuRegsFile 
*          1    00000880    000000d6     UNINITIALIZED
                  00000880    000000d6     DSP28_GlobalVariableDefs.obj (DevEmuRegsFile)

FlashRegsFile 
*          1    00000a80    00000008     UNINITIALIZED
                  00000a80    00000008     DSP28_GlobalVariableDefs.obj (FlashRegsFile)

CsmRegsFile 
*          1    00000ae0    00000010     UNINITIALIZED
                  00000ae0    00000010     DSP28_GlobalVariableDefs.obj (CsmRegsFile)

XintfRegsFile 
*          1    00000b20    00000020     UNINITIALIZED
                  00000b20    00000020     DSP28_GlobalVariableDefs.obj (XintfRegsFile)

CpuTimer0RegsFile 
*          1    00000c00    00000008     UNINITIALIZED
                  00000c00    00000008     DSP28_GlobalVariableDefs.obj (CpuTimer0RegsFile)

CpuTimer1RegsFile 
*          1    00000c08    00000008     UNINITIALIZED
                  00000c08    00000008     DSP28_GlobalVariableDefs.obj (CpuTimer1RegsFile)

CpuTimer2RegsFile 
*          1    00000c10    00000008     UNINITIALIZED
                  00000c10    00000008     DSP28_GlobalVariableDefs.obj (CpuTimer2RegsFile)

PieCtrlRegsFile 
*          1    00000ce0    0000001a     UNINITIALIZED
                  00000ce0    0000001a     DSP28_GlobalVariableDefs.obj (PieCtrlRegsFile)

PieVectTable 
*          1    00000d00    00000100     UNINITIALIZED
                  00000d00    00000100     DSP28_GlobalVariableDefs.obj (PieVectTable)

ECanaRegsFile 
*          1    00006000    00000034     UNINITIALIZED
                  00006000    00000034     DSP28_GlobalVariableDefs.obj (ECanaRegsFile)

ECanaMboxesFile 
*          1    00006100    00000100     UNINITIALIZED
                  00006100    00000100     DSP28_GlobalVariableDefs.obj (ECanaMboxesFile)

SysCtrlRegsFile 
*          1    00007010    00000020     UNINITIALIZED
                  00007010    00000020     DSP28_GlobalVariableDefs.obj (SysCtrlRegsFile)

SpiaRegsFile 
*          1    00007040    00000010     UNINITIALIZED
                  00007040    00000010     DSP28_GlobalVariableDefs.obj (SpiaRegsFile)

SciaRegsFile 
*          1    00007050    00000010     UNINITIALIZED
                  00007050    00000010     DSP28_GlobalVariableDefs.obj (SciaRegsFile)

XIntruptRegsFile 
*          1    00007070    00000010     UNINITIALIZED
                  00007070    00000010     DSP28_GlobalVariableDefs.obj (XIntruptRegsFile)

GpioMuxRegsFile 
*          1    000070c0    00000020     UNINITIALIZED
                  000070c0    00000020     DSP28_GlobalVariableDefs.obj (GpioMuxRegsFile)

GpioDataRegsFile 
*          1    000070e0    00000020     UNINITIALIZED
                  000070e0    00000020     DSP28_GlobalVariableDefs.obj (GpioDataRegsFile)

AdcRegsFile 
*          1    00007100    0000001a     UNINITIALIZED
                  00007100    0000001a     DSP28_GlobalVariableDefs.obj (AdcRegsFile)

EvaRegsFile 
*          1    00007400    00000032     UNINITIALIZED
                  00007400    00000032     DSP28_GlobalVariableDefs.obj (EvaRegsFile)

EvbRegsFile 
*          1    00007500    00000032     UNINITIALIZED
                  00007500    00000032     DSP28_GlobalVariableDefs.obj (EvbRegsFile)

ScibRegsFile 
*          1    00007750    00000010     UNINITIALIZED
                  00007750    00000010     DSP28_GlobalVariableDefs.obj (ScibRegsFile)

McbspaRegsFile 
*          1    00007800    00000025     UNINITIALIZED
                  00007800    00000025     DSP28_GlobalVariableDefs.obj (McbspaRegsFile)

.esysmem   1    00008000    00000000     UNINITIALIZED

.sysmem    1    00008000    00000000     UNINITIALIZED

.ebss      1    00008000    000012c8     UNINITIALIZED
                  00008000    000012c8     main.obj (.ebss)

.bss       1    00009300    00000085     UNINITIALIZED
                  00009300    00000080     rts2800n.lib : exit.obj (.bss)
                  00009380    00000004                  : _lock.obj (.bss)
                  00009384    00000001                  : errno.obj (.bss)

FFTipcb    1    00009400    00000204     UNINITIALIZED
                  00009400    00000204     main.obj (FFTipcb)

CsmPwlFile 
*          1    003f7ff8    00000008     UNINITIALIZED
                  003f7ff8    00000008     DSP28_GlobalVariableDefs.obj (CsmPwlFile)


GLOBAL SYMBOLS: SORTED ALPHABETICALLY BY Name 

address    name
--------   ----
00009300   .bss
00000000   .data
003ec000   .text
003ed0ca   C$$EXIT
003ecde7   FS$$ADD
003ed271   FS$$CMP
003ece73   FS$$DIV
003ecfc6   FS$$MPY
003ed2a8   FS$$NEG
003ed298   FS$$SUB
003ed176   FS$$TOI
003ed257   I$$TOFS
003ed23d   L$$TOFS
003ed288   U$$TOFS
00008bc0   _ADC
003ec880   _ADCINT_ISR
003ec646   _ADS1222_INIT
003ec6aa   _ADS1222_sample
0000802c   _ADSData
00008068   _AT
00008700   _AbsT
003f8000   _AbsTime
003e5463   _AbsTimeFuncs_loadend
003e4000   _AbsTimeFuncs_loadstart
003f8000   _AbsTimeFuncs_runstart
00007100   _AdcRegs
003ec8cb   _CAPINT1_ISR
003ec8d0   _CAPINT2_ISR
003ec8d5   _CAPINT3_ISR
003ec916   _CAPINT4_ISR
003ec91b   _CAPINT5_ISR
003ec920   _CAPINT6_ISR
003ecbee   _CFFT32_calc
003ed2ad   _CFFT32_init
003ec894   _CMP1INT_ISR
003ec899   _CMP2INT_ISR
003ec89e   _CMP3INT_ISR
003ec8df   _CMP4INT_ISR
003ec8e4   _CMP5INT_ISR
003ec8e9   _CMP6INT_ISR
0000800e   _CalBegin
00000c00   _CpuTimer0Regs
00000c08   _CpuTimer1Regs
00000c10   _CpuTimer2Regs
003f7ff8   _CsmPwl
00000ae0   _CsmRegs
003ec830   _DATALOG_ISR
000083c0   _DT
00008054   _DTC
00008028   _DT_Max
0000802a   _DT_Min
003ec39b   _DataCheck
00008006   _DataReqCount
00008007   _DataReqFlag
003ec612   _DelaymS
0000804a   _Delv
00000880   _DevEmuRegs
003ecbda   _ECAN0INTA_ISR
003ecbdf   _ECAN1INTA_ISR
00006100   _ECanaMboxes
00006000   _ECanaRegs
003ec83a   _EMUINT_ISR
00007400   _EvaRegs
00007500   _EvbRegs
00008010   _F
003ec014   _FIR16_calc
003ec000   _FIR16_init
00008008   _Firstplace
00000a80   _FlashRegs
00008003   _FlowBegin
0000800a   _FlowReq
0000800c   _Fpar
000070e0   _GpioDataRegs
000070c0   _GpioMuxRegs
00008001   _HaltFlag
003ec83f   _ILLEGAL_ISR
003ec817   _INT13_ISR
003ec81c   _INT14_ISR
003ec5e4   _InitAdc
003ed220   _InitEv
003f9463   _InitFlash
003ecef6   _InitGpio
003ed1bc   _InitPieCtrl
003ed200   _InitPieVectTable
003ed11e   _InitSci
003ed0e9   _InitSysCtrl
003ed114   _KickDog
0000806e   _LDT
003ec925   _MRINTA_ISR
003ec92a   _MXINTA_ISR
00008044   _Max
00008046   _Max1
00008048   _Max2
00008009   _Maxcomper
00008050   _Maxcount
00008000   _Maxplace
0000804c   _Maxtemp
0000803e   _Maxx
00007800   _McbspaRegs
0000803c   _Min
0000803a   _Min1
00008040   _Min2
00008004   _Minplace
003ec821   _NMI_ISR
003ec88f   _PDPINTA_ISR
003ec8da   _PDPINTB_ISR
003ecbe4   _PIE_RESERVED
00000ce0   _PieCtrl
00000d00   _PieVectTable
003e5564   _PieVectTableInit
00008074   _RD
0000805c   _RDD
00008060   _RDDa
00008080   _RDa
003ed19a   _RFFT32_brev
003ed1de   _RFFT32_mag
003ecf62   _RFFT32_split
003ed152   _RFFT32_win
003ec835   _RTOSINT_ISR
00008005   _RanReqFlag
0000801a   _ResetReqFlag
00008064   _SC
003ec939   _SCIRXINTA_ISR
003ec943   _SCIRXINTB_ISR
003ec93e   _SCITXINTA_ISR
003ecbd5   _SCITXINTB_ISR
003ec92f   _SPIRXINTA_ISR
003ec934   _SPITXINTA_ISR
00008011   _SciCom
00007050   _SciaRegs
00007750   _ScibRegs
003ed143   _ScibRx_Ready
003ed134   _ScibTx_Ready
00007040   _SpiaRegs
00008002   _StopFlag
00007010   _SysCtrlRegs
003ec8a8   _T1CINT_ISR
003ec8b2   _T1OFINT_ISR
003ec8a3   _T1PINT_ISR
003ec8ad   _T1UFINT_ISR
003ec8bc   _T2CINT_ISR
003ec8c6   _T2OFINT_ISR
003ec8b7   _T2PINT_ISR
003ec8c1   _T2UFINT_ISR
003ec8f3   _T3CINT_ISR
003ec8fd   _T3OFINT_ISR
003ec8ee   _T3PINT_ISR
003ec8f8   _T3UFINT_ISR
003ec907   _T4CINT_ISR
003ec911   _T4OFINT_ISR
003ec902   _T4PINT_ISR
003ec90c   _T4UFINT_ISR
003ec885   _TINT0_ISR
003ec62e   _UARTPutByte
003ec844   _USER0_ISR
003ec876   _USER10_ISR
003ec87b   _USER11_ISR
003ec849   _USER1_ISR
003ec84e   _USER2_ISR
003ec853   _USER3_ISR
003ec858   _USER4_ISR
003ec85d   _USER5_ISR
003ec862   _USER6_ISR
003ec867   _USER7_ISR
003ec86c   _USER8_ISR
003ec871   _USER9_ISR
0000801b   _VerFlag
003ec88a   _WAKEINT_ISR
003ec826   _XINT1_ISR
003ec82b   _XINT2_ISR
00007070   _XIntruptRegs
00000b20   _XintfRegs
00000400   __STACK_SIZE
ffffffff   ___binit__
00009300   ___bss__
ffffffff   ___c_args__
003d8000   ___cinit__
00000000   ___data__
00000000   ___edata__
00009385   ___end__
003ed2b1   ___etext__
003ed06e   ___memcpy
003ed08c   ___memcpy_ff
003ed082   ___memcpy_fn
003ed078   ___memcpy_nf
ffffffff   ___pinit__
003ec000   ___text__
00009304   __cleanup_ptr
00009302   __dtors_ptr
00009382   __lock
003ed2a1   __nop
003ed2a2   __register_lock
003ed2a5   __register_unlock
00009380   __unlock
003ed0e8   _abort
00008036   _add
00008038   _angle
003eccf6   _atan2
003ed0cc   _atexit
00008030   _avr
00008032   _avr1024
003ed020   _c_int00
00008058   _dd
000080c0   _df
00009384   _errno
003ed0ab   _exit
00008088   _fft
0000801c   _i
00009400   _ipcb
0000800b   _j
0000800d   _k
00008013   _m
00000400   _mag
003ec035   _main
003ed06b   _memcpy
00008014   _n
00008034   _pd
00008018   _q1
00008019   _q2
0000801d   _q3
003ecbe9   _rsvd_ISR
003e861f   _secureRamFuncs_loadend
003e8600   _secureRamFuncs_loadstart
003f9463   _secureRamFuncs_runstart
0000800f   _start
00008016   _start_sn
0000801e   _start_ss
00008017   _start_xn
00008015   _start_xs
00008140   _std
00008042   _t
00008022   _t1
00008024   _t2
00008026   _t3
00008020   _t4
0000802e   _td
00008012   _tf
003e5464   _win
ffffffff   binit
003d8000   cinit
00000000   edata
00009385   end
003ed2b1   etext
ffffffff   pinit


GLOBAL SYMBOLS: SORTED BY Symbol Address 

address    name
--------   ----
00000000   ___data__
00000000   ___edata__
00000000   edata
00000000   .data
00000400   __STACK_SIZE
00000400   _mag
00000880   _DevEmuRegs
00000a80   _FlashRegs
00000ae0   _CsmRegs
00000b20   _XintfRegs
00000c00   _CpuTimer0Regs
00000c08   _CpuTimer1Regs
00000c10   _CpuTimer2Regs
00000ce0   _PieCtrl
00000d00   _PieVectTable
00006000   _ECanaRegs
00006100   _ECanaMboxes
00007010   _SysCtrlRegs
00007040   _SpiaRegs
00007050   _SciaRegs
00007070   _XIntruptRegs
000070c0   _GpioMuxRegs
000070e0   _GpioDataRegs
00007100   _AdcRegs
00007400   _EvaRegs
00007500   _EvbRegs
00007750   _ScibRegs
00007800   _McbspaRegs
00008000   _Maxplace
00008001   _HaltFlag
00008002   _StopFlag
00008003   _FlowBegin
00008004   _Minplace
00008005   _RanReqFlag
00008006   _DataReqCount
00008007   _DataReqFlag
00008008   _Firstplace
00008009   _Maxcomper
0000800a   _FlowReq
0000800b   _j
0000800c   _Fpar
0000800d   _k
0000800e   _CalBegin
0000800f   _start
00008010   _F
00008011   _SciCom
00008012   _tf
00008013   _m
00008014   _n
00008015   _start_xs
00008016   _start_sn
00008017   _start_xn
00008018   _q1
00008019   _q2
0000801a   _ResetReqFlag
0000801b   _VerFlag
0000801c   _i
0000801d   _q3
0000801e   _start_ss
00008020   _t4
00008022   _t1
00008024   _t2
00008026   _t3
00008028   _DT_Max
0000802a   _DT_Min
0000802c   _ADSData
0000802e   _td
00008030   _avr
00008032   _avr1024
00008034   _pd
00008036   _add
00008038   _angle
0000803a   _Min1
0000803c   _Min
0000803e   _Maxx
00008040   _Min2
00008042   _t
00008044   _Max
00008046   _Max1
00008048   _Max2
0000804a   _Delv
0000804c   _Maxtemp
00008050   _Maxcount
00008054   _DTC
00008058   _dd
0000805c   _RDD
00008060   _RDDa
00008064   _SC
00008068   _AT
0000806e   _LDT
00008074   _RD
00008080   _RDa
00008088   _fft
000080c0   _df
00008140   _std
000083c0   _DT
00008700   _AbsT
00008bc0   _ADC
00009300   ___bss__
00009300   .bss
00009302   __dtors_ptr
00009304   __cleanup_ptr
00009380   __unlock
00009382   __lock
00009384   _errno
00009385   end
00009385   ___end__
00009400   _ipcb
003d8000   ___cinit__
003d8000   cinit
003e4000   _AbsTimeFuncs_loadstart
003e5463   _AbsTimeFuncs_loadend
003e5464   _win
003e5564   _PieVectTableInit
003e8600   _secureRamFuncs_loadstart
003e861f   _secureRamFuncs_loadend
003ec000   .text
003ec000   ___text__
003ec000   _FIR16_init
003ec014   _FIR16_calc
003ec035   _main
003ec39b   _DataCheck
003ec5e4   _InitAdc
003ec612   _DelaymS
003ec62e   _UARTPutByte
003ec646   _ADS1222_INIT
003ec6aa   _ADS1222_sample
003ec817   _INT13_ISR
003ec81c   _INT14_ISR
003ec821   _NMI_ISR
003ec826   _XINT1_ISR
003ec82b   _XINT2_ISR
003ec830   _DATALOG_ISR
003ec835   _RTOSINT_ISR
003ec83a   _EMUINT_ISR
003ec83f   _ILLEGAL_ISR
003ec844   _USER0_ISR
003ec849   _USER1_ISR
003ec84e   _USER2_ISR
003ec853   _USER3_ISR
003ec858   _USER4_ISR
003ec85d   _USER5_ISR
003ec862   _USER6_ISR
003ec867   _USER7_ISR
003ec86c   _USER8_ISR
003ec871   _USER9_ISR
003ec876   _USER10_ISR
003ec87b   _USER11_ISR
003ec880   _ADCINT_ISR
003ec885   _TINT0_ISR
003ec88a   _WAKEINT_ISR
003ec88f   _PDPINTA_ISR
003ec894   _CMP1INT_ISR
003ec899   _CMP2INT_ISR
003ec89e   _CMP3INT_ISR
003ec8a3   _T1PINT_ISR
003ec8a8   _T1CINT_ISR
003ec8ad   _T1UFINT_ISR
003ec8b2   _T1OFINT_ISR
003ec8b7   _T2PINT_ISR
003ec8bc   _T2CINT_ISR
003ec8c1   _T2UFINT_ISR
003ec8c6   _T2OFINT_ISR
003ec8cb   _CAPINT1_ISR
003ec8d0   _CAPINT2_ISR
003ec8d5   _CAPINT3_ISR
003ec8da   _PDPINTB_ISR
003ec8df   _CMP4INT_ISR
003ec8e4   _CMP5INT_ISR
003ec8e9   _CMP6INT_ISR
003ec8ee   _T3PINT_ISR
003ec8f3   _T3CINT_ISR
003ec8f8   _T3UFINT_ISR
003ec8fd   _T3OFINT_ISR
003ec902   _T4PINT_ISR
003ec907   _T4CINT_ISR
003ec90c   _T4UFINT_ISR
003ec911   _T4OFINT_ISR
003ec916   _CAPINT4_ISR
003ec91b   _CAPINT5_ISR
003ec920   _CAPINT6_ISR
003ec925   _MRINTA_ISR
003ec92a   _MXINTA_ISR
003ec92f   _SPIRXINTA_ISR
003ec934   _SPITXINTA_ISR
003ec939   _SCIRXINTA_ISR
003ec93e   _SCITXINTA_ISR
003ec943   _SCIRXINTB_ISR
003ecbd5   _SCITXINTB_ISR
003ecbda   _ECAN0INTA_ISR
003ecbdf   _ECAN1INTA_ISR
003ecbe4   _PIE_RESERVED
003ecbe9   _rsvd_ISR
003ecbee   _CFFT32_calc
003eccf6   _atan2
003ecde7   FS$$ADD
003ece73   FS$$DIV
003ecef6   _InitGpio
003ecf62   _RFFT32_split
003ecfc6   FS$$MPY
003ed020   _c_int00
003ed06b   _memcpy
003ed06e   ___memcpy
003ed078   ___memcpy_nf
003ed082   ___memcpy_fn
003ed08c   ___memcpy_ff
003ed0ab   _exit
003ed0ca   C$$EXIT
003ed0cc   _atexit
003ed0e8   _abort
003ed0e9   _InitSysCtrl
003ed114   _KickDog
003ed11e   _InitSci
003ed134   _ScibTx_Ready
003ed143   _ScibRx_Ready
003ed152   _RFFT32_win
003ed176   FS$$TOI
003ed19a   _RFFT32_brev
003ed1bc   _InitPieCtrl
003ed1de   _RFFT32_mag
003ed200   _InitPieVectTable
003ed220   _InitEv
003ed23d   L$$TOFS
003ed257   I$$TOFS
003ed271   FS$$CMP
003ed288   U$$TOFS
003ed298   FS$$SUB
003ed2a1   __nop
003ed2a2   __register_lock
003ed2a5   __register_unlock
003ed2a8   FS$$NEG
003ed2ad   _CFFT32_init
003ed2b1   etext
003ed2b1   ___etext__
003f7ff8   _CsmPwl
003f8000   _AbsTime
003f8000   _AbsTimeFuncs_runstart
003f9463   _InitFlash
003f9463   _secureRamFuncs_runstart
ffffffff   pinit
ffffffff   ___binit__
ffffffff   ___pinit__
ffffffff   ___c_args__
ffffffff   binit

[244 symbols]
