MPLINK 4.00, Linker
Linker Map File - Created Sun Jul 02 19:25:05 2017

                                 Section Info
                  Section       Type    Address   Location Size(Bytes)
                ---------  ---------  ---------  ---------  ---------
               _entry_scn       code   0x000000    program   0x000006
         .idata_c018i.o_i    romdata   0x000800    program   0x000000
         .romdata_c018i.o    romdata   0x000800    program   0x000000
            .code_c018i.o       code   0x000800    program   0x000000
      .romdata_fxd2424u.o    romdata   0x000800    program   0x000000
        .idata_device.o_i    romdata   0x000800    program   0x000000
        .romdata_device.o    romdata   0x000800    program   0x000000
      .idata_fxd2424u.o_i    romdata   0x000800    program   0x000000
          .romdata_main.o    romdata   0x000800    program   0x000000
    High_Interrupt_Vector       code   0x000808    program   0x000006
                   .cinit    romdata   0x00080e    program   0x00000e
           .code_device.o       code   0x00081c    program   0x002f22
             .code_main.o       code   0x00373e    program   0x001088
               _cinit_scn       code   0x0047c6    program   0x00009e
         .code_fxd2424u.o       code   0x004864    program   0x00003a
             _startup_scn       code   0x00489e    program   0x000018
          .idata_main.o_i    romdata   0x0048b6    program   0x00004c
                MATH_DATA      udata   0x000000       data   0x000010
                 .tmpdata      udata   0x000010       data   0x000004
       RX_TMIE1_inter_tmp      udata   0x000014       data   0x000001
            .idata_main.o      idata   0x000060       data   0x00004c
           .udata_c018i.o      udata   0x0000ac       data   0x00000a
            .udata_main.o      udata   0x000100       data   0x0000fe
           .idata_c018i.o      idata   0x0001fe       data   0x000000
          .udata_device.o      udata   0x0001fe       data   0x000000
          .idata_device.o      idata   0x0001fe       data   0x000000
        .udata_fxd2424u.o      udata   0x0001fe       data   0x000000
        .idata_fxd2424u.o      idata   0x0001fe       data   0x000000
                   .stack      udata   0x000300       data   0x000100
            SFR_UNBANKED0      udata   0x000f62       data   0x00009e



                              Program Memory Usage 
                               Start         End      
                           ---------   ---------      
                            0x000000    0x000005      
                            0x000808    0x004901      
            16640 out of 31042 program addresses used, program memory utilization is 53%



                              Symbols - Sorted by Name
                     Name    Address   Location    Storage File                     
                ---------  ---------  ---------  --------- ---------                
               Close_avdd   0x003b86    program     extern D:\chen\Core\FirmWare_CT\LLJ_CS_CONTROL\main.c
                 Com_mode   0x003c4a    program     extern D:\chen\Core\FirmWare_CT\LLJ_CS_CONTROL\main.c
                    Debug   0x003792    program     extern D:\chen\Core\FirmWare_CT\LLJ_CS_CONTROL\main.c
                 Delay_mS   0x00081c    program     extern D:\chen\Core\FirmWare_CT\LLJ_CS_CONTROL\device.c
                 Delay_uS   0x00087e    program     extern D:\chen\Core\FirmWare_CT\LLJ_CS_CONTROL\device.c
              Delete_data   0x001fa8    program     extern D:\chen\Core\FirmWare_CT\LLJ_CS_CONTROL\device.c
         Erase_DF321block   0x002950    program     extern D:\chen\Core\FirmWare_CT\LLJ_CS_CONTROL\device.c
                 FXD2424U   0x004864    program     extern C:\MCC18\src\TRADIT~1\math\fxd2424u.c
                 Get_para   0x0011a6    program     extern D:\chen\Core\FirmWare_CT\LLJ_CS_CONTROL\device.c
                Get_pgain   0x003ba4    program     extern D:\chen\Core\FirmWare_CT\LLJ_CS_CONTROL\main.c
                 Ini_port   0x003b16    program     extern D:\chen\Core\FirmWare_CT\LLJ_CS_CONTROL\main.c
                Meas_Time   0x00308c    program     extern D:\chen\Core\FirmWare_CT\LLJ_CS_CONTROL\device.c
                Open_avdd   0x003b5c    program     extern D:\chen\Core\FirmWare_CT\LLJ_CS_CONTROL\main.c
             PreAD8343_P1   0x002d36    program     extern D:\chen\Core\FirmWare_CT\LLJ_CS_CONTROL\device.c
             PreAD8343_T1   0x002d58    program     extern D:\chen\Core\FirmWare_CT\LLJ_CS_CONTROL\device.c
                    R2550   0x002af4    program     extern D:\chen\Core\FirmWare_CT\LLJ_CS_CONTROL\device.c
           RX_TMIE1_inter   0x00373e    program     extern D:\chen\Core\FirmWare_CT\LLJ_CS_CONTROL\main.c
          ReadAD8343_16F1   0x002efa    program     extern D:\chen\Core\FirmWare_CT\LLJ_CS_CONTROL\device.c
          ReadAD8343_16P1   0x002d7a    program     extern D:\chen\Core\FirmWare_CT\LLJ_CS_CONTROL\device.c
          ReadAD8343_16T1   0x002e42    program     extern D:\chen\Core\FirmWare_CT\LLJ_CS_CONTROL\device.c
          ReadAD8343_VBat   0x00310a    program     extern D:\chen\Core\FirmWare_CT\LLJ_CS_CONTROL\device.c
             ReadAD_MODE0   0x0031c2    program     extern D:\chen\Core\FirmWare_CT\LLJ_CS_CONTROL\device.c
             ReadAD_MODE1   0x0031d8    program     extern D:\chen\Core\FirmWare_CT\LLJ_CS_CONTROL\device.c
             ReadAD_MODE2   0x0031ee    program     extern D:\chen\Core\FirmWare_CT\LLJ_CS_CONTROL\device.c
             ReadAD_MODE8   0x003204    program     extern D:\chen\Core\FirmWare_CT\LLJ_CS_CONTROL\device.c
                 ReadT0_8   0x003026    program     extern D:\chen\Core\FirmWare_CT\LLJ_CS_CONTROL\device.c
             Read_DF321ID   0x00273c    program     extern D:\chen\Core\FirmWare_CT\LLJ_CS_CONTROL\device.c
           Read_DF321page   0x002600    program     extern D:\chen\Core\FirmWare_CT\LLJ_CS_CONTROL\device.c
              Read_status   0x0024c6    program     extern D:\chen\Core\FirmWare_CT\LLJ_CS_CONTROL\device.c
                RecAD8343   0x002b82    program     extern D:\chen\Core\FirmWare_CT\LLJ_CS_CONTROL\device.c
                       Rx   0x0008bc    program     extern D:\chen\Core\FirmWare_CT\LLJ_CS_CONTROL\device.c
              Rx_Testinfo   0x00231a    program     extern D:\chen\Core\FirmWare_CT\LLJ_CS_CONTROL\device.c
               Rx_infpack   0x000dda    program     extern D:\chen\Core\FirmWare_CT\LLJ_CS_CONTROL\device.c
                   Rxpack   0x000ed2    program     extern D:\chen\Core\FirmWare_CT\LLJ_CS_CONTROL\device.c
              Sample_save   0x00322e    program     extern D:\chen\Core\FirmWare_CT\LLJ_CS_CONTROL\device.c
              Send_IDinfo   0x00097a    program     extern D:\chen\Core\FirmWare_CT\LLJ_CS_CONTROL\device.c
                Send_data   0x0019fc    program     extern D:\chen\Core\FirmWare_CT\LLJ_CS_CONTROL\device.c
             Send_dataNew   0x001c3c    program     extern D:\chen\Core\FirmWare_CT\LLJ_CS_CONTROL\device.c
               Send_davrf   0x000a6c    program     extern D:\chen\Core\FirmWare_CT\LLJ_CS_CONTROL\device.c
          Send_davrfDebug   0x001bf4    program     extern D:\chen\Core\FirmWare_CT\LLJ_CS_CONTROL\device.c
            Send_testinfo   0x00228a    program     extern D:\chen\Core\FirmWare_CT\LLJ_CS_CONTROL\device.c
                 Send_vrf   0x0008dc    program     extern D:\chen\Core\FirmWare_CT\LLJ_CS_CONTROL\device.c
             Single_point   0x00110e    program     extern D:\chen\Core\FirmWare_CT\LLJ_CS_CONTROL\device.c
            Sleep_forever   0x003730    program     extern D:\chen\Core\FirmWare_CT\LLJ_CS_CONTROL\device.c
          SpiDF321_InByte   0x002426    program     extern D:\chen\Core\FirmWare_CT\LLJ_CS_CONTROL\device.c
         SpiDF321_OutByte   0x0023da    program     extern D:\chen\Core\FirmWare_CT\LLJ_CS_CONTROL\device.c
               Test0_mode   0x004266    program     extern D:\chen\Core\FirmWare_CT\LLJ_CS_CONTROL\main.c
                Test_mode   0x003e12    program     extern D:\chen\Core\FirmWare_CT\LLJ_CS_CONTROL\main.c
                       Tx   0x0008a2    program     extern D:\chen\Core\FirmWare_CT\LLJ_CS_CONTROL\device.c
              TxPackDebug   0x000c3a    program     extern D:\chen\Core\FirmWare_CT\LLJ_CS_CONTROL\device.c
              Txblockpack   0x000d06    program     extern D:\chen\Core\FirmWare_CT\LLJ_CS_CONTROL\device.c
                   Txpack   0x000aa4    program     extern D:\chen\Core\FirmWare_CT\LLJ_CS_CONTROL\device.c
                    W2550   0x002b52    program     extern D:\chen\Core\FirmWare_CT\LLJ_CS_CONTROL\device.c
                   WW2550   0x002b1a    program     extern D:\chen\Core\FirmWare_CT\LLJ_CS_CONTROL\device.c
              WriteAD8343   0x002c0c    program     extern D:\chen\Core\FirmWare_CT\LLJ_CS_CONTROL\device.c
          Write_DF321page   0x0027de    program     extern D:\chen\Core\FirmWare_CT\LLJ_CS_CONTROL\device.c
                 Write_EN   0x002476    program     extern D:\chen\Core\FirmWare_CT\LLJ_CS_CONTROL\device.c
        Write_Flash_unpro   0x002524    program     extern D:\chen\Core\FirmWare_CT\LLJ_CS_CONTROL\device.c
           ___do_lbl00102   0x004730    program     static                          
           ___do_lbl00103   0x004738    program     static                          
           ___do_lbl00132   0x004450    program     static                          
           ___do_lbl00250   0x002abc    program     static                          
           ___do_lbl00251   0x002ac0    program     static                          
           ___do_lbl00252   0x002a98    program     static                          
         ___else_lbl00025   0x003b08    program     static                          
         ___else_lbl00099   0x00440c    program     static                          
         ___else_lbl00109   0x004560    program     static                          
         ___else_lbl00114   0x004628    program     static                          
         ___else_lbl00118   0x0046a6    program     static                          
         ___else_lbl00122   0x004724    program     static                          
         ___else_lbl00127   0x0046b4    program     static                          
         ___else_lbl00129   0x004636    program     static                          
         ___else_lbl00131   0x00456e    program     static                          
         ___else_lbl00216   0x0024a0    program     static                          
         ___else_lbl00219   0x0024f4    program     static                          
         ___else_lbl00222   0x00257a    program     static                          
         ___else_lbl00225   0x0025d2    program     static                          
         ___else_lbl00228   0x00264c    program     static                          
         ___else_lbl00233   0x00276c    program     static                          
         ___else_lbl00238   0x00283e    program     static                          
         ___else_lbl00249   0x0029e0    program     static                          
         ___else_lbl00266   0x002c20    program     static                          
         ___else_lbl00268   0x002c38    program     static                          
         ___else_lbl00270   0x002c52    program     static                          
         ___else_lbl00272   0x002c6c    program     static                          
         ___else_lbl00274   0x002c84    program     static                          
         ___else_lbl00276   0x002c9e    program     static                          
         ___else_lbl00278   0x002cb8    program     static                          
         ___else_lbl00280   0x002cd2    program     static                          
          ___for_lbl00002   0x00376c    program     static                          
          ___for_lbl00003   0x003772    program     static                          
          ___for_lbl00004   0x003764    program     static                          
          ___for_lbl00008   0x000894    program     static                          
          ___for_lbl00009   0x000898    program     static                          
          ___for_lbl00010   0x00088a    program     static                          
          ___for_lbl00022   0x0009a6    program     static                          
          ___for_lbl00023   0x0009aa    program     static                          
          ___for_lbl00024   0x00098a    program     static                          
          ___for_lbl00027   0x000a48    program     static                          
          ___for_lbl00028   0x000a4c    program     static                          
          ___for_lbl00029   0x000a1c    program     static                          
          ___for_lbl00094   0x0047a6    program     static                          
          ___for_lbl00095   0x0047aa    program     static                          
          ___for_lbl00133   0x0042fc    program     static                          
          ___for_lbl00241   0x00290a    program     static                          
          ___for_lbl00242   0x00290e    program     static                          
          ___for_lbl00243   0x002904    program     static                          
          ___for_lbl00244   0x002934    program     static                          
          ___for_lbl00245   0x002938    program     static                          
          ___for_lbl00246   0x00292e    program     static                          
          ___for_lbl00260   0x002bd8    program     static                          
          ___for_lbl00261   0x002bdc    program     static                          
          ___for_lbl00263   0x002b9a    program     static                          
          ___for_lbl00285   0x002dfa    program     static                          
          ___for_lbl00286   0x002dfe    program     static                          
          ___for_lbl00287   0x002da8    program     static                          
          ___for_lbl00289   0x002eb2    program     static                          
          ___for_lbl00290   0x002eb6    program     static                          
          ___for_lbl00291   0x002e70    program     static                          
          ___for_lbl00293   0x002fd0    program     static                          
          ___for_lbl00294   0x002fd4    program     static                          
          ___for_lbl00295   0x002f2a    program     static                          
          ___for_lbl00306   0x00317a    program     static                          
          ___for_lbl00307   0x00317e    program     static                          
          ___for_lbl00308   0x003138    program     static                          
           ___if_lbl00005   0x003780    program     static                          
           ___if_lbl00006   0x00378a    program     static                          
           ___if_lbl00021   0x003aa4    program     static                          
           ___if_lbl00022   0x003af0    program     static                          
           ___if_lbl00023   0x003af0    program     static                          
           ___if_lbl00024   0x003b0a    program     static                          
           ___if_lbl00025   0x0009e4    program     static                          
           ___if_lbl00026   0x000a16    program     static                          
           ___if_lbl00098   0x004410    program     static                          
           ___if_lbl00101   0x004450    program     static                          
           ___if_lbl00107   0x004504    program     static                          
           ___if_lbl00108   0x004564    program     static                          
           ___if_lbl00113   0x00462c    program     static                          
           ___if_lbl00117   0x0046aa    program     static                          
           ___if_lbl00121   0x004728    program     static                          
           ___if_lbl00125   0x004730    program     static                          
           ___if_lbl00126   0x004730    program     static                          
           ___if_lbl00128   0x004730    program     static                          
           ___if_lbl00130   0x004730    program     static                          
           ___if_lbl00215   0x0024a6    program     static                          
           ___if_lbl00218   0x0024fa    program     static                          
           ___if_lbl00221   0x002580    program     static                          
           ___if_lbl00223   0x00259e    program     static                          
           ___if_lbl00224   0x0025d8    program     static                          
           ___if_lbl00227   0x002678    program     static                          
           ___if_lbl00232   0x002792    program     static                          
           ___if_lbl00237   0x00286c    program     static                          
           ___if_lbl00248   0x002a2e    program     static                          
           ___if_lbl00262   0x002bd6    program     static                          
           ___if_lbl00265   0x002c22    program     static                          
           ___if_lbl00267   0x002c3a    program     static                          
           ___if_lbl00269   0x002c54    program     static                          
           ___if_lbl00271   0x002c6e    program     static                          
           ___if_lbl00273   0x002c86    program     static                          
           ___if_lbl00275   0x002ca0    program     static                          
           ___if_lbl00277   0x002cba    program     static                          
           ___if_lbl00279   0x002cd4    program     static                          
       ___return_lbl00000   0x00080c    program     static                          
       ___return_lbl00000   0x00489c    program     static                          
       ___return_lbl00000   0x000004    program     static                          
       ___return_lbl00001   0x0048b4    program     static                          
       ___return_lbl00001   0x00378a    program     static                          
       ___return_lbl00002   0x004862    program     static                          
       ___return_lbl00007   0x000898    program     static                          
       ___return_lbl00020   0x003b0c    program     static                          
       ___return_lbl00021   0x000a54    program     static                          
       ___return_lbl00093   0x0047ae    program     static                          
       ___return_lbl00214   0x0024be    program     static                          
       ___return_lbl00217   0x00251a    program     static                          
       ___return_lbl00220   0x0025f6    program     static                          
       ___return_lbl00226   0x002724    program     static                          
       ___return_lbl00231   0x0027d4    program     static                          
       ___return_lbl00236   0x002938    program     static                          
       ___return_lbl00247   0x002adc    program     static                          
       ___return_lbl00259   0x002bf4    program     static                          
       ___return_lbl00264   0x002ce2    program     static                          
       ___return_lbl00281   0x002d34    program     static                          
       ___return_lbl00282   0x002d56    program     static                          
       ___return_lbl00283   0x002d78    program     static                          
       ___return_lbl00284   0x002e38    program     static                          
       ___return_lbl00288   0x002ef0    program     static                          
       ___return_lbl00292   0x00300e    program     static                          
       ___return_lbl00305   0x0031b8    program     static                          
       ___return_lbl00340   0x00373c    program     static                          
        ___while_lbl00026   0x003b0a    program     static                          
        ___while_lbl00027   0x003b0c    program     static                          
        ___while_lbl00105   0x0044b0    program     static                          
        ___while_lbl00106   0x0044ee    program     static                          
        ___while_lbl00110   0x004564    program     static                          
        ___while_lbl00111   0x00456c    program     static                          
        ___while_lbl00115   0x00462c    program     static                          
        ___while_lbl00116   0x004634    program     static                          
        ___while_lbl00119   0x0046aa    program     static                          
        ___while_lbl00120   0x0046b2    program     static                          
        ___while_lbl00123   0x004728    program     static                          
        ___while_lbl00124   0x004730    program     static                          
        ___while_lbl00229   0x0026da    program     static                          
        ___while_lbl00230   0x002714    program     static                          
        ___while_lbl00234   0x00279a    program     static                          
        ___while_lbl00235   0x0027c4    program     static                          
        ___while_lbl00239   0x0028d4    program     static                          
        ___while_lbl00240   0x00291a    program     static                          
              __tmplbl_10   0x00442e    program     static                          
              __tmplbl_11   0x00442c    program     static                          
              __tmplbl_12   0x00444a    program     static                          
              __tmplbl_13   0x00448e    program     static                          
              __tmplbl_14   0x004470    program     static                          
              __tmplbl_15   0x00446c    program     static                          
              __tmplbl_16   0x00448c    program     static                          
              __tmplbl_17   0x0044cc    program     static                          
              __tmplbl_18   0x004556    program     static                          
              __tmplbl_19   0x0045aa    program     static                          
              __tmplbl_20   0x00458c    program     static                          
              __tmplbl_21   0x00458a    program     static                          
              __tmplbl_22   0x0045a8    program     static                          
              __tmplbl_23   0x00461e    program     static                          
              __tmplbl_24   0x004650    program     static                          
              __tmplbl_25   0x00469c    program     static                          
              __tmplbl_26   0x0046d0    program     static                          
              __tmplbl_27   0x00471a    program     static                          
               __tmplbl_3   0x004344    program     static                          
               __tmplbl_4   0x004324    program     static                          
               __tmplbl_5   0x004304    program     static                          
               __tmplbl_6   0x004320    program     static                          
               __tmplbl_7   0x004340    program     static                          
               __tmplbl_8   0x004402    program     static                          
               __tmplbl_9   0x00444c    program     static                          
                _do_cinit   0x0047c6    program     extern C:\MCC18\src\traditional\startup\c018i.c
                   _entry   0x000000    program     extern C:\MCC18\src\traditional\startup\c018i.c
                   _false   0x004898    program     static                          
                 _startup   0x00489e    program     extern C:\MCC18\src\traditional\startup\c018i.c
                copy_loop   0x004838    program     static                          
            copy_one_byte   0x00483e    program     static                          
                     done   0x004862    program     static                          
             done_copying   0x00484c    program     static                          
                 high_ISR   0x000808    program     extern D:\chen\Core\FirmWare_CT\LLJ_CS_CONTROL\main.c
                     loop   0x0048ae    program     static                          
                     loop   0x004870    program     static                          
                     main   0x003a1e    program     extern D:\chen\Core\FirmWare_CT\LLJ_CS_CONTROL\main.c
              resetAD8343   0x002cea    program     extern D:\chen\Core\FirmWare_CT\LLJ_CS_CONTROL\device.c
                     test   0x0047e0    program     static                          
                   AARGB0   0x000007       data     extern C:\MCC18\SRC\TRADIT~1\MATH\aarg.asm
                   AARGB1   0x000006       data     extern C:\MCC18\SRC\TRADIT~1\MATH\aarg.asm
                   AARGB2   0x000005       data     extern C:\MCC18\SRC\TRADIT~1\MATH\aarg.asm
                   AARGB3   0x000004       data     extern C:\MCC18\SRC\TRADIT~1\MATH\aarg.asm
                   AARGB4   0x000003       data     extern C:\MCC18\SRC\TRADIT~1\MATH\aarg.asm
                   AARGB5   0x000002       data     extern C:\MCC18\SRC\TRADIT~1\MATH\aarg.asm
                   AARGB6   0x000001       data     extern C:\MCC18\SRC\TRADIT~1\MATH\aarg.asm
                   AARGB7   0x000000       data     extern C:\MCC18\SRC\TRADIT~1\MATH\aarg.asm
                   ADCON0   0x000fc2       data     extern C:\MCC18\SRC\TRADIT~1\PROC\p18f4550.asm
               ADCON0bits   0x000fc2       data     extern C:\MCC18\SRC\TRADIT~1\PROC\p18f4550.asm
                   ADCON1   0x000fc1       data     extern C:\MCC18\SRC\TRADIT~1\PROC\p18f4550.asm
               ADCON1bits   0x000fc1       data     extern C:\MCC18\SRC\TRADIT~1\PROC\p18f4550.asm
                   ADCON2   0x000fc0       data     extern C:\MCC18\SRC\TRADIT~1\PROC\p18f4550.asm
               ADCON2bits   0x000fc0       data     extern C:\MCC18\SRC\TRADIT~1\PROC\p18f4550.asm
                    ADRES   0x000fc3       data     extern C:\MCC18\SRC\TRADIT~1\PROC\p18f4550.asm
                   ADRESH   0x000fc4       data     extern C:\MCC18\SRC\TRADIT~1\PROC\p18f4550.asm
                   ADRESL   0x000fc3       data     extern C:\MCC18\SRC\TRADIT~1\PROC\p18f4550.asm
                 AD_value   0x0001f6       data     extern D:\chen\Core\FirmWare_CT\LLJ_CS_CONTROL\main.c
                     AEXP   0x000008       data     extern C:\MCC18\SRC\TRADIT~1\MATH\aarg.asm
                   BARGB0   0x00000c       data     extern C:\MCC18\SRC\TRADIT~1\MATH\barg.asm
                   BARGB1   0x00000b       data     extern C:\MCC18\SRC\TRADIT~1\MATH\barg.asm
                   BARGB2   0x00000a       data     extern C:\MCC18\SRC\TRADIT~1\MATH\barg.asm
                   BARGB3   0x000009       data     extern C:\MCC18\SRC\TRADIT~1\MATH\barg.asm
                  BAUDCON   0x000fb8       data     extern C:\MCC18\SRC\TRADIT~1\PROC\p18f4550.asm
              BAUDCONbits   0x000fb8       data     extern C:\MCC18\SRC\TRADIT~1\PROC\p18f4550.asm
                     BEXP   0x00000d       data     extern C:\MCC18\SRC\TRADIT~1\MATH\barg.asm
                      BSR   0x000fe0       data     extern C:\MCC18\SRC\TRADIT~1\PROC\p18f4550.asm
                   CCP1AS   0x000fb6       data     extern C:\MCC18\SRC\TRADIT~1\PROC\p18f4550.asm
               CCP1ASbits   0x000fb6       data     extern C:\MCC18\SRC\TRADIT~1\PROC\p18f4550.asm
                  CCP1CON   0x000fbd       data     extern C:\MCC18\SRC\TRADIT~1\PROC\p18f4550.asm
              CCP1CONbits   0x000fbd       data     extern C:\MCC18\SRC\TRADIT~1\PROC\p18f4550.asm
                  CCP1DEL   0x000fb7       data     extern C:\MCC18\SRC\TRADIT~1\PROC\p18f4550.asm
              CCP1DELbits   0x000fb7       data     extern C:\MCC18\SRC\TRADIT~1\PROC\p18f4550.asm
                  CCP2CON   0x000fba       data     extern C:\MCC18\SRC\TRADIT~1\PROC\p18f4550.asm
              CCP2CONbits   0x000fba       data     extern C:\MCC18\SRC\TRADIT~1\PROC\p18f4550.asm
                    CCPR1   0x000fbe       data     extern C:\MCC18\SRC\TRADIT~1\PROC\p18f4550.asm
                   CCPR1H   0x000fbf       data     extern C:\MCC18\SRC\TRADIT~1\PROC\p18f4550.asm
                   CCPR1L   0x000fbe       data     extern C:\MCC18\SRC\TRADIT~1\PROC\p18f4550.asm
                    CCPR2   0x000fbb       data     extern C:\MCC18\SRC\TRADIT~1\PROC\p18f4550.asm
                   CCPR2H   0x000fbc       data     extern C:\MCC18\SRC\TRADIT~1\PROC\p18f4550.asm
                   CCPR2L   0x000fbb       data     extern C:\MCC18\SRC\TRADIT~1\PROC\p18f4550.asm
                    CMCON   0x000fb4       data     extern C:\MCC18\SRC\TRADIT~1\PROC\p18f4550.asm
                CMCONbits   0x000fb4       data     extern C:\MCC18\SRC\TRADIT~1\PROC\p18f4550.asm
                   CVRCON   0x000fb5       data     extern C:\MCC18\SRC\TRADIT~1\PROC\p18f4550.asm
               CVRCONbits   0x000fb5       data     extern C:\MCC18\SRC\TRADIT~1\PROC\p18f4550.asm
                     DDRA   0x000f92       data     extern C:\MCC18\SRC\TRADIT~1\PROC\p18f4550.asm
                 DDRAbits   0x000f92       data     extern C:\MCC18\SRC\TRADIT~1\PROC\p18f4550.asm
                     DDRB   0x000f93       data     extern C:\MCC18\SRC\TRADIT~1\PROC\p18f4550.asm
                 DDRBbits   0x000f93       data     extern C:\MCC18\SRC\TRADIT~1\PROC\p18f4550.asm
                     DDRC   0x000f94       data     extern C:\MCC18\SRC\TRADIT~1\PROC\p18f4550.asm
                 DDRCbits   0x000f94       data     extern C:\MCC18\SRC\TRADIT~1\PROC\p18f4550.asm
                     DDRD   0x000f95       data     extern C:\MCC18\SRC\TRADIT~1\PROC\p18f4550.asm
                 DDRDbits   0x000f95       data     extern C:\MCC18\SRC\TRADIT~1\PROC\p18f4550.asm
                     DDRE   0x000f96       data     extern C:\MCC18\SRC\TRADIT~1\PROC\p18f4550.asm
                 DDREbits   0x000f96       data     extern C:\MCC18\SRC\TRADIT~1\PROC\p18f4550.asm
                  ECCP1AS   0x000fb6       data     extern C:\MCC18\SRC\TRADIT~1\PROC\p18f4550.asm
              ECCP1ASbits   0x000fb6       data     extern C:\MCC18\SRC\TRADIT~1\PROC\p18f4550.asm
                 ECCP1CON   0x000fbd       data     extern C:\MCC18\SRC\TRADIT~1\PROC\p18f4550.asm
             ECCP1CONbits   0x000fbd       data     extern C:\MCC18\SRC\TRADIT~1\PROC\p18f4550.asm
                 ECCP1DEL   0x000fb7       data     extern C:\MCC18\SRC\TRADIT~1\PROC\p18f4550.asm
             ECCP1DELbits   0x000fb7       data     extern C:\MCC18\SRC\TRADIT~1\PROC\p18f4550.asm
                    EEADR   0x000fa9       data     extern C:\MCC18\SRC\TRADIT~1\PROC\p18f4550.asm
                   EECON1   0x000fa6       data     extern C:\MCC18\SRC\TRADIT~1\PROC\p18f4550.asm
               EECON1bits   0x000fa6       data     extern C:\MCC18\SRC\TRADIT~1\PROC\p18f4550.asm
                   EECON2   0x000fa7       data     extern C:\MCC18\SRC\TRADIT~1\PROC\p18f4550.asm
                   EEDATA   0x000fa8       data     extern C:\MCC18\SRC\TRADIT~1\PROC\p18f4550.asm
                  FPFLAGS   0x00000f       data     extern C:\MCC18\SRC\TRADIT~1\MATH\cmath18.asm
              FPFLAGSbits   0x00000f       data     extern C:\MCC18\SRC\TRADIT~1\MATH\cmath18.asm
                     FSR0   0x000fe9       data     extern C:\MCC18\SRC\TRADIT~1\PROC\p18f4550.asm
                    FSR0H   0x000fea       data     extern C:\MCC18\SRC\TRADIT~1\PROC\p18f4550.asm
                    FSR0L   0x000fe9       data     extern C:\MCC18\SRC\TRADIT~1\PROC\p18f4550.asm
                     FSR1   0x000fe1       data     extern C:\MCC18\SRC\TRADIT~1\PROC\p18f4550.asm
                    FSR1H   0x000fe2       data     extern C:\MCC18\SRC\TRADIT~1\PROC\p18f4550.asm
                    FSR1L   0x000fe1       data     extern C:\MCC18\SRC\TRADIT~1\PROC\p18f4550.asm
                     FSR2   0x000fd9       data     extern C:\MCC18\SRC\TRADIT~1\PROC\p18f4550.asm
                    FSR2H   0x000fda       data     extern C:\MCC18\SRC\TRADIT~1\PROC\p18f4550.asm
                    FSR2L   0x000fd9       data     extern C:\MCC18\SRC\TRADIT~1\PROC\p18f4550.asm
                  HLVDCON   0x000fd2       data     extern C:\MCC18\SRC\TRADIT~1\PROC\p18f4550.asm
              HLVDCONbits   0x000fd2       data     extern C:\MCC18\SRC\TRADIT~1\PROC\p18f4550.asm
                    INDF0   0x000fef       data     extern C:\MCC18\SRC\TRADIT~1\PROC\p18f4550.asm
                    INDF1   0x000fe7       data     extern C:\MCC18\SRC\TRADIT~1\PROC\p18f4550.asm
                    INDF2   0x000fdf       data     extern C:\MCC18\SRC\TRADIT~1\PROC\p18f4550.asm
                   INTCON   0x000ff2       data     extern C:\MCC18\SRC\TRADIT~1\PROC\p18f4550.asm
                  INTCON2   0x000ff1       data     extern C:\MCC18\SRC\TRADIT~1\PROC\p18f4550.asm
              INTCON2bits   0x000ff1       data     extern C:\MCC18\SRC\TRADIT~1\PROC\p18f4550.asm
                  INTCON3   0x000ff0       data     extern C:\MCC18\SRC\TRADIT~1\PROC\p18f4550.asm
              INTCON3bits   0x000ff0       data     extern C:\MCC18\SRC\TRADIT~1\PROC\p18f4550.asm
               INTCONbits   0x000ff2       data     extern C:\MCC18\SRC\TRADIT~1\PROC\p18f4550.asm
                     IPR1   0x000f9f       data     extern C:\MCC18\SRC\TRADIT~1\PROC\p18f4550.asm
                 IPR1bits   0x000f9f       data     extern C:\MCC18\SRC\TRADIT~1\PROC\p18f4550.asm
                     IPR2   0x000fa2       data     extern C:\MCC18\SRC\TRADIT~1\PROC\p18f4550.asm
                 IPR2bits   0x000fa2       data     extern C:\MCC18\SRC\TRADIT~1\PROC\p18f4550.asm
                Int_dealy   0x0001fd       data     extern D:\chen\Core\FirmWare_CT\LLJ_CS_CONTROL\main.c
                     LATA   0x000f89       data     extern C:\MCC18\SRC\TRADIT~1\PROC\p18f4550.asm
                 LATAbits   0x000f89       data     extern C:\MCC18\SRC\TRADIT~1\PROC\p18f4550.asm
                     LATB   0x000f8a       data     extern C:\MCC18\SRC\TRADIT~1\PROC\p18f4550.asm
                 LATBbits   0x000f8a       data     extern C:\MCC18\SRC\TRADIT~1\PROC\p18f4550.asm
                     LATC   0x000f8b       data     extern C:\MCC18\SRC\TRADIT~1\PROC\p18f4550.asm
                 LATCbits   0x000f8b       data     extern C:\MCC18\SRC\TRADIT~1\PROC\p18f4550.asm
                     LATD   0x000f8c       data     extern C:\MCC18\SRC\TRADIT~1\PROC\p18f4550.asm
                 LATDbits   0x000f8c       data     extern C:\MCC18\SRC\TRADIT~1\PROC\p18f4550.asm
                     LATE   0x000f8d       data     extern C:\MCC18\SRC\TRADIT~1\PROC\p18f4550.asm
                 LATEbits   0x000f8d       data     extern C:\MCC18\SRC\TRADIT~1\PROC\p18f4550.asm
                   LVDCON   0x000fd2       data     extern C:\MCC18\SRC\TRADIT~1\PROC\p18f4550.asm
               LVDCONbits   0x000fd2       data     extern C:\MCC18\SRC\TRADIT~1\PROC\p18f4550.asm
                   OSCCON   0x000fd3       data     extern C:\MCC18\SRC\TRADIT~1\PROC\p18f4550.asm
               OSCCONbits   0x000fd3       data     extern C:\MCC18\SRC\TRADIT~1\PROC\p18f4550.asm
                  OSCTUNE   0x000f9b       data     extern C:\MCC18\SRC\TRADIT~1\PROC\p18f4550.asm
              OSCTUNEbits   0x000f9b       data     extern C:\MCC18\SRC\TRADIT~1\PROC\p18f4550.asm
                       PC   0x000ff9       data     extern C:\MCC18\SRC\TRADIT~1\PROC\p18f4550.asm
                      PCL   0x000ff9       data     extern C:\MCC18\SRC\TRADIT~1\PROC\p18f4550.asm
                   PCLATH   0x000ffa       data     extern C:\MCC18\SRC\TRADIT~1\PROC\p18f4550.asm
                   PCLATU   0x000ffb       data     extern C:\MCC18\SRC\TRADIT~1\PROC\p18f4550.asm
                     PIE1   0x000f9d       data     extern C:\MCC18\SRC\TRADIT~1\PROC\p18f4550.asm
                 PIE1bits   0x000f9d       data     extern C:\MCC18\SRC\TRADIT~1\PROC\p18f4550.asm
                     PIE2   0x000fa0       data     extern C:\MCC18\SRC\TRADIT~1\PROC\p18f4550.asm
                 PIE2bits   0x000fa0       data     extern C:\MCC18\SRC\TRADIT~1\PROC\p18f4550.asm
                     PIR1   0x000f9e       data     extern C:\MCC18\SRC\TRADIT~1\PROC\p18f4550.asm
                 PIR1bits   0x000f9e       data     extern C:\MCC18\SRC\TRADIT~1\PROC\p18f4550.asm
                     PIR2   0x000fa1       data     extern C:\MCC18\SRC\TRADIT~1\PROC\p18f4550.asm
                 PIR2bits   0x000fa1       data     extern C:\MCC18\SRC\TRADIT~1\PROC\p18f4550.asm
                   PLUSW0   0x000feb       data     extern C:\MCC18\SRC\TRADIT~1\PROC\p18f4550.asm
                   PLUSW1   0x000fe3       data     extern C:\MCC18\SRC\TRADIT~1\PROC\p18f4550.asm
                   PLUSW2   0x000fdb       data     extern C:\MCC18\SRC\TRADIT~1\PROC\p18f4550.asm
                    PORTA   0x000f80       data     extern C:\MCC18\SRC\TRADIT~1\PROC\p18f4550.asm
                PORTAbits   0x000f80       data     extern C:\MCC18\SRC\TRADIT~1\PROC\p18f4550.asm
                    PORTB   0x000f81       data     extern C:\MCC18\SRC\TRADIT~1\PROC\p18f4550.asm
                PORTBbits   0x000f81       data     extern C:\MCC18\SRC\TRADIT~1\PROC\p18f4550.asm
                    PORTC   0x000f82       data     extern C:\MCC18\SRC\TRADIT~1\PROC\p18f4550.asm
                PORTCbits   0x000f82       data     extern C:\MCC18\SRC\TRADIT~1\PROC\p18f4550.asm
                    PORTD   0x000f83       data     extern C:\MCC18\SRC\TRADIT~1\PROC\p18f4550.asm
                PORTDbits   0x000f83       data     extern C:\MCC18\SRC\TRADIT~1\PROC\p18f4550.asm
                    PORTE   0x000f84       data     extern C:\MCC18\SRC\TRADIT~1\PROC\p18f4550.asm
                PORTEbits   0x000f84       data     extern C:\MCC18\SRC\TRADIT~1\PROC\p18f4550.asm
                 POSTDEC0   0x000fed       data     extern C:\MCC18\SRC\TRADIT~1\PROC\p18f4550.asm
                 POSTDEC1   0x000fe5       data     extern C:\MCC18\SRC\TRADIT~1\PROC\p18f4550.asm
                 POSTDEC2   0x000fdd       data     extern C:\MCC18\SRC\TRADIT~1\PROC\p18f4550.asm
                 POSTINC0   0x000fee       data     extern C:\MCC18\SRC\TRADIT~1\PROC\p18f4550.asm
                 POSTINC1   0x000fe6       data     extern C:\MCC18\SRC\TRADIT~1\PROC\p18f4550.asm
                 POSTINC2   0x000fde       data     extern C:\MCC18\SRC\TRADIT~1\PROC\p18f4550.asm
                      PR2   0x000fcb       data     extern C:\MCC18\SRC\TRADIT~1\PROC\p18f4550.asm
                  PREINC0   0x000fec       data     extern C:\MCC18\SRC\TRADIT~1\PROC\p18f4550.asm
                  PREINC1   0x000fe4       data     extern C:\MCC18\SRC\TRADIT~1\PROC\p18f4550.asm
                  PREINC2   0x000fdc       data     extern C:\MCC18\SRC\TRADIT~1\PROC\p18f4550.asm
                     PROD   0x000ff3       data     extern C:\MCC18\SRC\TRADIT~1\PROC\p18f4550.asm
                    PRODH   0x000ff4       data     extern C:\MCC18\SRC\TRADIT~1\PROC\p18f4550.asm
                    PRODL   0x000ff3       data     extern C:\MCC18\SRC\TRADIT~1\PROC\p18f4550.asm
                    Pgain   0x0000ab       data     extern D:\chen\Core\FirmWare_CT\LLJ_CS_CONTROL\main.c
                     RCON   0x000fd0       data     extern C:\MCC18\SRC\TRADIT~1\PROC\p18f4550.asm
                 RCONbits   0x000fd0       data     extern C:\MCC18\SRC\TRADIT~1\PROC\p18f4550.asm
                    RCREG   0x000fae       data     extern C:\MCC18\SRC\TRADIT~1\PROC\p18f4550.asm
                    RCSTA   0x000fab       data     extern C:\MCC18\SRC\TRADIT~1\PROC\p18f4550.asm
                RCSTAbits   0x000fab       data     extern C:\MCC18\SRC\TRADIT~1\PROC\p18f4550.asm
                    REMB0   0x000003       data     extern C:\MCC18\SRC\TRADIT~1\MATH\aarg.asm
                    REMB1   0x000002       data     extern C:\MCC18\SRC\TRADIT~1\MATH\aarg.asm
                    REMB2   0x000001       data     extern C:\MCC18\SRC\TRADIT~1\MATH\aarg.asm
                    REMB3   0x000000       data     extern C:\MCC18\SRC\TRADIT~1\MATH\aarg.asm
                   Rinter   0x0001fc       data     extern D:\chen\Core\FirmWare_CT\LLJ_CS_CONTROL\main.c
                     SIGN   0x00000e       data     extern C:\MCC18\SRC\TRADIT~1\MATH\cmath18.asm
                    SPBRG   0x000faf       data     extern C:\MCC18\SRC\TRADIT~1\PROC\p18f4550.asm
                   SPBRGH   0x000fb0       data     extern C:\MCC18\SRC\TRADIT~1\PROC\p18f4550.asm
                   SPPCFG   0x000f63       data     extern C:\MCC18\SRC\TRADIT~1\PROC\p18f4550.asm
               SPPCFGbits   0x000f63       data     extern C:\MCC18\SRC\TRADIT~1\PROC\p18f4550.asm
                   SPPCON   0x000f65       data     extern C:\MCC18\SRC\TRADIT~1\PROC\p18f4550.asm
               SPPCONbits   0x000f65       data     extern C:\MCC18\SRC\TRADIT~1\PROC\p18f4550.asm
                  SPPDATA   0x000f62       data     extern C:\MCC18\SRC\TRADIT~1\PROC\p18f4550.asm
                   SPPEPS   0x000f64       data     extern C:\MCC18\SRC\TRADIT~1\PROC\p18f4550.asm
               SPPEPSbits   0x000f64       data     extern C:\MCC18\SRC\TRADIT~1\PROC\p18f4550.asm
                   SSPADD   0x000fc8       data     extern C:\MCC18\SRC\TRADIT~1\PROC\p18f4550.asm
                   SSPBUF   0x000fc9       data     extern C:\MCC18\SRC\TRADIT~1\PROC\p18f4550.asm
                  SSPCON1   0x000fc6       data     extern C:\MCC18\SRC\TRADIT~1\PROC\p18f4550.asm
              SSPCON1bits   0x000fc6       data     extern C:\MCC18\SRC\TRADIT~1\PROC\p18f4550.asm
                  SSPCON2   0x000fc5       data     extern C:\MCC18\SRC\TRADIT~1\PROC\p18f4550.asm
              SSPCON2bits   0x000fc5       data     extern C:\MCC18\SRC\TRADIT~1\PROC\p18f4550.asm
                  SSPSTAT   0x000fc7       data     extern C:\MCC18\SRC\TRADIT~1\PROC\p18f4550.asm
              SSPSTATbits   0x000fc7       data     extern C:\MCC18\SRC\TRADIT~1\PROC\p18f4550.asm
                   STATUS   0x000fd8       data     extern C:\MCC18\SRC\TRADIT~1\PROC\p18f4550.asm
               STATUSbits   0x000fd8       data     extern C:\MCC18\SRC\TRADIT~1\PROC\p18f4550.asm
                   STKPTR   0x000ffc       data     extern C:\MCC18\SRC\TRADIT~1\PROC\p18f4550.asm
               STKPTRbits   0x000ffc       data     extern C:\MCC18\SRC\TRADIT~1\PROC\p18f4550.asm
                    T0CON   0x000fd5       data     extern C:\MCC18\SRC\TRADIT~1\PROC\p18f4550.asm
                T0CONbits   0x000fd5       data     extern C:\MCC18\SRC\TRADIT~1\PROC\p18f4550.asm
                    T1CON   0x000fcd       data     extern C:\MCC18\SRC\TRADIT~1\PROC\p18f4550.asm
                T1CONbits   0x000fcd       data     extern C:\MCC18\SRC\TRADIT~1\PROC\p18f4550.asm
                  T1_flag   0x0000aa       data     extern D:\chen\Core\FirmWare_CT\LLJ_CS_CONTROL\main.c
                    T2CON   0x000fca       data     extern C:\MCC18\SRC\TRADIT~1\PROC\p18f4550.asm
                T2CONbits   0x000fca       data     extern C:\MCC18\SRC\TRADIT~1\PROC\p18f4550.asm
                    T3CON   0x000fb1       data     extern C:\MCC18\SRC\TRADIT~1\PROC\p18f4550.asm
                T3CONbits   0x000fb1       data     extern C:\MCC18\SRC\TRADIT~1\PROC\p18f4550.asm
                   TABLAT   0x000ff5       data     extern C:\MCC18\SRC\TRADIT~1\PROC\p18f4550.asm
                   TBLPTR   0x000ff6       data     extern C:\MCC18\SRC\TRADIT~1\PROC\p18f4550.asm
                  TBLPTRH   0x000ff7       data     extern C:\MCC18\SRC\TRADIT~1\PROC\p18f4550.asm
                  TBLPTRL   0x000ff6       data     extern C:\MCC18\SRC\TRADIT~1\PROC\p18f4550.asm
                  TBLPTRU   0x000ff8       data     extern C:\MCC18\SRC\TRADIT~1\PROC\p18f4550.asm
                    TMR0H   0x000fd7       data     extern C:\MCC18\SRC\TRADIT~1\PROC\p18f4550.asm
                    TMR0L   0x000fd6       data     extern C:\MCC18\SRC\TRADIT~1\PROC\p18f4550.asm
                    TMR1H   0x000fcf       data     extern C:\MCC18\SRC\TRADIT~1\PROC\p18f4550.asm
                    TMR1L   0x000fce       data     extern C:\MCC18\SRC\TRADIT~1\PROC\p18f4550.asm
                     TMR2   0x000fcc       data     extern C:\MCC18\SRC\TRADIT~1\PROC\p18f4550.asm
                    TMR3H   0x000fb3       data     extern C:\MCC18\SRC\TRADIT~1\PROC\p18f4550.asm
                    TMR3L   0x000fb2       data     extern C:\MCC18\SRC\TRADIT~1\PROC\p18f4550.asm
                      TOS   0x000ffd       data     extern C:\MCC18\SRC\TRADIT~1\PROC\p18f4550.asm
                     TOSH   0x000ffe       data     extern C:\MCC18\SRC\TRADIT~1\PROC\p18f4550.asm
                     TOSL   0x000ffd       data     extern C:\MCC18\SRC\TRADIT~1\PROC\p18f4550.asm
                     TOSU   0x000fff       data     extern C:\MCC18\SRC\TRADIT~1\PROC\p18f4550.asm
                    TRISA   0x000f92       data     extern C:\MCC18\SRC\TRADIT~1\PROC\p18f4550.asm
                TRISAbits   0x000f92       data     extern C:\MCC18\SRC\TRADIT~1\PROC\p18f4550.asm
                    TRISB   0x000f93       data     extern C:\MCC18\SRC\TRADIT~1\PROC\p18f4550.asm
                TRISBbits   0x000f93       data     extern C:\MCC18\SRC\TRADIT~1\PROC\p18f4550.asm
                    TRISC   0x000f94       data     extern C:\MCC18\SRC\TRADIT~1\PROC\p18f4550.asm
                TRISCbits   0x000f94       data     extern C:\MCC18\SRC\TRADIT~1\PROC\p18f4550.asm
                    TRISD   0x000f95       data     extern C:\MCC18\SRC\TRADIT~1\PROC\p18f4550.asm
                TRISDbits   0x000f95       data     extern C:\MCC18\SRC\TRADIT~1\PROC\p18f4550.asm
                    TRISE   0x000f96       data     extern C:\MCC18\SRC\TRADIT~1\PROC\p18f4550.asm
                TRISEbits   0x000f96       data     extern C:\MCC18\SRC\TRADIT~1\PROC\p18f4550.asm
                    TXREG   0x000fad       data     extern C:\MCC18\SRC\TRADIT~1\PROC\p18f4550.asm
                    TXSTA   0x000fac       data     extern C:\MCC18\SRC\TRADIT~1\PROC\p18f4550.asm
                TXSTAbits   0x000fac       data     extern C:\MCC18\SRC\TRADIT~1\PROC\p18f4550.asm
                    UADDR   0x000f6e       data     extern C:\MCC18\SRC\TRADIT~1\PROC\p18f4550.asm
                UADDRbits   0x000f6e       data     extern C:\MCC18\SRC\TRADIT~1\PROC\p18f4550.asm
                     UCFG   0x000f6f       data     extern C:\MCC18\SRC\TRADIT~1\PROC\p18f4550.asm
                 UCFGbits   0x000f6f       data     extern C:\MCC18\SRC\TRADIT~1\PROC\p18f4550.asm
                     UCON   0x000f6d       data     extern C:\MCC18\SRC\TRADIT~1\PROC\p18f4550.asm
                 UCONbits   0x000f6d       data     extern C:\MCC18\SRC\TRADIT~1\PROC\p18f4550.asm
                     UEIE   0x000f6b       data     extern C:\MCC18\SRC\TRADIT~1\PROC\p18f4550.asm
                 UEIEbits   0x000f6b       data     extern C:\MCC18\SRC\TRADIT~1\PROC\p18f4550.asm
                     UEIR   0x000f6a       data     extern C:\MCC18\SRC\TRADIT~1\PROC\p18f4550.asm
                 UEIRbits   0x000f6a       data     extern C:\MCC18\SRC\TRADIT~1\PROC\p18f4550.asm
                     UEP0   0x000f70       data     extern C:\MCC18\SRC\TRADIT~1\PROC\p18f4550.asm
                 UEP0bits   0x000f70       data     extern C:\MCC18\SRC\TRADIT~1\PROC\p18f4550.asm
                     UEP1   0x000f71       data     extern C:\MCC18\SRC\TRADIT~1\PROC\p18f4550.asm
                    UEP10   0x000f7a       data     extern C:\MCC18\SRC\TRADIT~1\PROC\p18f4550.asm
                UEP10bits   0x000f7a       data     extern C:\MCC18\SRC\TRADIT~1\PROC\p18f4550.asm
                    UEP11   0x000f7b       data     extern C:\MCC18\SRC\TRADIT~1\PROC\p18f4550.asm
                UEP11bits   0x000f7b       data     extern C:\MCC18\SRC\TRADIT~1\PROC\p18f4550.asm
                    UEP12   0x000f7c       data     extern C:\MCC18\SRC\TRADIT~1\PROC\p18f4550.asm
                UEP12bits   0x000f7c       data     extern C:\MCC18\SRC\TRADIT~1\PROC\p18f4550.asm
                    UEP13   0x000f7d       data     extern C:\MCC18\SRC\TRADIT~1\PROC\p18f4550.asm
                UEP13bits   0x000f7d       data     extern C:\MCC18\SRC\TRADIT~1\PROC\p18f4550.asm
                    UEP14   0x000f7e       data     extern C:\MCC18\SRC\TRADIT~1\PROC\p18f4550.asm
                UEP14bits   0x000f7e       data     extern C:\MCC18\SRC\TRADIT~1\PROC\p18f4550.asm
                    UEP15   0x000f7f       data     extern C:\MCC18\SRC\TRADIT~1\PROC\p18f4550.asm
                UEP15bits   0x000f7f       data     extern C:\MCC18\SRC\TRADIT~1\PROC\p18f4550.asm
                 UEP1bits   0x000f71       data     extern C:\MCC18\SRC\TRADIT~1\PROC\p18f4550.asm
                     UEP2   0x000f72       data     extern C:\MCC18\SRC\TRADIT~1\PROC\p18f4550.asm
                 UEP2bits   0x000f72       data     extern C:\MCC18\SRC\TRADIT~1\PROC\p18f4550.asm
                     UEP3   0x000f73       data     extern C:\MCC18\SRC\TRADIT~1\PROC\p18f4550.asm
                 UEP3bits   0x000f73       data     extern C:\MCC18\SRC\TRADIT~1\PROC\p18f4550.asm
                     UEP4   0x000f74       data     extern C:\MCC18\SRC\TRADIT~1\PROC\p18f4550.asm
                 UEP4bits   0x000f74       data     extern C:\MCC18\SRC\TRADIT~1\PROC\p18f4550.asm
                     UEP5   0x000f75       data     extern C:\MCC18\SRC\TRADIT~1\PROC\p18f4550.asm
                 UEP5bits   0x000f75       data     extern C:\MCC18\SRC\TRADIT~1\PROC\p18f4550.asm
                     UEP6   0x000f76       data     extern C:\MCC18\SRC\TRADIT~1\PROC\p18f4550.asm
                 UEP6bits   0x000f76       data     extern C:\MCC18\SRC\TRADIT~1\PROC\p18f4550.asm
                     UEP7   0x000f77       data     extern C:\MCC18\SRC\TRADIT~1\PROC\p18f4550.asm
                 UEP7bits   0x000f77       data     extern C:\MCC18\SRC\TRADIT~1\PROC\p18f4550.asm
                     UEP8   0x000f78       data     extern C:\MCC18\SRC\TRADIT~1\PROC\p18f4550.asm
                 UEP8bits   0x000f78       data     extern C:\MCC18\SRC\TRADIT~1\PROC\p18f4550.asm
                     UEP9   0x000f79       data     extern C:\MCC18\SRC\TRADIT~1\PROC\p18f4550.asm
                 UEP9bits   0x000f79       data     extern C:\MCC18\SRC\TRADIT~1\PROC\p18f4550.asm
                     UFRM   0x000f66       data     extern C:\MCC18\SRC\TRADIT~1\PROC\p18f4550.asm
                    UFRMH   0x000f67       data     extern C:\MCC18\SRC\TRADIT~1\PROC\p18f4550.asm
                    UFRML   0x000f66       data     extern C:\MCC18\SRC\TRADIT~1\PROC\p18f4550.asm
                      UIE   0x000f69       data     extern C:\MCC18\SRC\TRADIT~1\PROC\p18f4550.asm
                  UIEbits   0x000f69       data     extern C:\MCC18\SRC\TRADIT~1\PROC\p18f4550.asm
                      UIR   0x000f68       data     extern C:\MCC18\SRC\TRADIT~1\PROC\p18f4550.asm
                  UIRbits   0x000f68       data     extern C:\MCC18\SRC\TRADIT~1\PROC\p18f4550.asm
                    USTAT   0x000f6c       data     extern C:\MCC18\SRC\TRADIT~1\PROC\p18f4550.asm
                USTATbits   0x000f6c       data     extern C:\MCC18\SRC\TRADIT~1\PROC\p18f4550.asm
           Vbat_excursion   0x0001fa       data     extern D:\chen\Core\FirmWare_CT\LLJ_CS_CONTROL\main.c
                   WDTCON   0x000fd1       data     extern C:\MCC18\SRC\TRADIT~1\PROC\p18f4550.asm
               WDTCONbits   0x000fd1       data     extern C:\MCC18\SRC\TRADIT~1\PROC\p18f4550.asm
                     WREG   0x000fe8       data     extern C:\MCC18\SRC\TRADIT~1\PROC\p18f4550.asm
                  __tmp_0   0x000010       data     static D:\chen\Core\FirmWare_CT\LLJ_CS_CONTROL\device.c
                  __tmp_0   0x000010       data     static D:\chen\Core\FirmWare_CT\LLJ_CS_CONTROL\main.c
                  __tmp_1   0x000014       data     static D:\chen\Core\FirmWare_CT\LLJ_CS_CONTROL\main.c
                curr_byte   0x0000af       data     static C:\MCC18\src\traditional\startup\c018i.c
               curr_entry   0x0000b1       data     static C:\MCC18\src\traditional\startup\c018i.c
                   data74   0x000060       data     extern D:\chen\Core\FirmWare_CT\LLJ_CS_CONTROL\main.c
                 data_ptr   0x0000b3       data     static C:\MCC18\src\traditional\startup\c018i.c
                     para   0x000104       data     extern D:\chen\Core\FirmWare_CT\LLJ_CS_CONTROL\main.c
                     prom   0x0000ac       data     static C:\MCC18\src\traditional\startup\c018i.c
              valid_block   0x0001f4       data     extern D:\chen\Core\FirmWare_CT\LLJ_CS_CONTROL\main.c
          valid_excursion   0x0001f8       data     extern D:\chen\Core\FirmWare_CT\LLJ_CS_CONTROL\main.c
                    value   0x000100       data     extern D:\chen\Core\FirmWare_CT\LLJ_CS_CONTROL\main.c



                              Symbols - Sorted by Address
                     Name    Address   Location    Storage File                     
                ---------  ---------  ---------  --------- ---------                
                   _entry   0x000000    program     extern C:\MCC18\src\traditional\startup\c018i.c
       ___return_lbl00000   0x000004    program     static                          
                 high_ISR   0x000808    program     extern D:\chen\Core\FirmWare_CT\LLJ_CS_CONTROL\main.c
       ___return_lbl00000   0x00080c    program     static                          
                 Delay_mS   0x00081c    program     extern D:\chen\Core\FirmWare_CT\LLJ_CS_CONTROL\device.c
                 Delay_uS   0x00087e    program     extern D:\chen\Core\FirmWare_CT\LLJ_CS_CONTROL\device.c
          ___for_lbl00010   0x00088a    program     static                          
          ___for_lbl00008   0x000894    program     static                          
       ___return_lbl00007   0x000898    program     static                          
          ___for_lbl00009   0x000898    program     static                          
                       Tx   0x0008a2    program     extern D:\chen\Core\FirmWare_CT\LLJ_CS_CONTROL\device.c
                       Rx   0x0008bc    program     extern D:\chen\Core\FirmWare_CT\LLJ_CS_CONTROL\device.c
                 Send_vrf   0x0008dc    program     extern D:\chen\Core\FirmWare_CT\LLJ_CS_CONTROL\device.c
              Send_IDinfo   0x00097a    program     extern D:\chen\Core\FirmWare_CT\LLJ_CS_CONTROL\device.c
          ___for_lbl00024   0x00098a    program     static                          
          ___for_lbl00022   0x0009a6    program     static                          
          ___for_lbl00023   0x0009aa    program     static                          
           ___if_lbl00025   0x0009e4    program     static                          
           ___if_lbl00026   0x000a16    program     static                          
          ___for_lbl00029   0x000a1c    program     static                          
          ___for_lbl00027   0x000a48    program     static                          
          ___for_lbl00028   0x000a4c    program     static                          
       ___return_lbl00021   0x000a54    program     static                          
               Send_davrf   0x000a6c    program     extern D:\chen\Core\FirmWare_CT\LLJ_CS_CONTROL\device.c
                   Txpack   0x000aa4    program     extern D:\chen\Core\FirmWare_CT\LLJ_CS_CONTROL\device.c
              TxPackDebug   0x000c3a    program     extern D:\chen\Core\FirmWare_CT\LLJ_CS_CONTROL\device.c
              Txblockpack   0x000d06    program     extern D:\chen\Core\FirmWare_CT\LLJ_CS_CONTROL\device.c
               Rx_infpack   0x000dda    program     extern D:\chen\Core\FirmWare_CT\LLJ_CS_CONTROL\device.c
                   Rxpack   0x000ed2    program     extern D:\chen\Core\FirmWare_CT\LLJ_CS_CONTROL\device.c
             Single_point   0x00110e    program     extern D:\chen\Core\FirmWare_CT\LLJ_CS_CONTROL\device.c
                 Get_para   0x0011a6    program     extern D:\chen\Core\FirmWare_CT\LLJ_CS_CONTROL\device.c
                Send_data   0x0019fc    program     extern D:\chen\Core\FirmWare_CT\LLJ_CS_CONTROL\device.c
          Send_davrfDebug   0x001bf4    program     extern D:\chen\Core\FirmWare_CT\LLJ_CS_CONTROL\device.c
             Send_dataNew   0x001c3c    program     extern D:\chen\Core\FirmWare_CT\LLJ_CS_CONTROL\device.c
              Delete_data   0x001fa8    program     extern D:\chen\Core\FirmWare_CT\LLJ_CS_CONTROL\device.c
            Send_testinfo   0x00228a    program     extern D:\chen\Core\FirmWare_CT\LLJ_CS_CONTROL\device.c
              Rx_Testinfo   0x00231a    program     extern D:\chen\Core\FirmWare_CT\LLJ_CS_CONTROL\device.c
         SpiDF321_OutByte   0x0023da    program     extern D:\chen\Core\FirmWare_CT\LLJ_CS_CONTROL\device.c
          SpiDF321_InByte   0x002426    program     extern D:\chen\Core\FirmWare_CT\LLJ_CS_CONTROL\device.c
                 Write_EN   0x002476    program     extern D:\chen\Core\FirmWare_CT\LLJ_CS_CONTROL\device.c
         ___else_lbl00216   0x0024a0    program     static                          
           ___if_lbl00215   0x0024a6    program     static                          
       ___return_lbl00214   0x0024be    program     static                          
              Read_status   0x0024c6    program     extern D:\chen\Core\FirmWare_CT\LLJ_CS_CONTROL\device.c
         ___else_lbl00219   0x0024f4    program     static                          
           ___if_lbl00218   0x0024fa    program     static                          
       ___return_lbl00217   0x00251a    program     static                          
        Write_Flash_unpro   0x002524    program     extern D:\chen\Core\FirmWare_CT\LLJ_CS_CONTROL\device.c
         ___else_lbl00222   0x00257a    program     static                          
           ___if_lbl00221   0x002580    program     static                          
           ___if_lbl00223   0x00259e    program     static                          
         ___else_lbl00225   0x0025d2    program     static                          
           ___if_lbl00224   0x0025d8    program     static                          
       ___return_lbl00220   0x0025f6    program     static                          
           Read_DF321page   0x002600    program     extern D:\chen\Core\FirmWare_CT\LLJ_CS_CONTROL\device.c
         ___else_lbl00228   0x00264c    program     static                          
           ___if_lbl00227   0x002678    program     static                          
        ___while_lbl00229   0x0026da    program     static                          
        ___while_lbl00230   0x002714    program     static                          
       ___return_lbl00226   0x002724    program     static                          
             Read_DF321ID   0x00273c    program     extern D:\chen\Core\FirmWare_CT\LLJ_CS_CONTROL\device.c
         ___else_lbl00233   0x00276c    program     static                          
           ___if_lbl00232   0x002792    program     static                          
        ___while_lbl00234   0x00279a    program     static                          
        ___while_lbl00235   0x0027c4    program     static                          
       ___return_lbl00231   0x0027d4    program     static                          
          Write_DF321page   0x0027de    program     extern D:\chen\Core\FirmWare_CT\LLJ_CS_CONTROL\device.c
         ___else_lbl00238   0x00283e    program     static                          
           ___if_lbl00237   0x00286c    program     static                          
        ___while_lbl00239   0x0028d4    program     static                          
          ___for_lbl00243   0x002904    program     static                          
          ___for_lbl00241   0x00290a    program     static                          
          ___for_lbl00242   0x00290e    program     static                          
        ___while_lbl00240   0x00291a    program     static                          
          ___for_lbl00246   0x00292e    program     static                          
          ___for_lbl00244   0x002934    program     static                          
       ___return_lbl00236   0x002938    program     static                          
          ___for_lbl00245   0x002938    program     static                          
         Erase_DF321block   0x002950    program     extern D:\chen\Core\FirmWare_CT\LLJ_CS_CONTROL\device.c
         ___else_lbl00249   0x0029e0    program     static                          
           ___if_lbl00248   0x002a2e    program     static                          
           ___do_lbl00252   0x002a98    program     static                          
           ___do_lbl00250   0x002abc    program     static                          
           ___do_lbl00251   0x002ac0    program     static                          
       ___return_lbl00247   0x002adc    program     static                          
                    R2550   0x002af4    program     extern D:\chen\Core\FirmWare_CT\LLJ_CS_CONTROL\device.c
                   WW2550   0x002b1a    program     extern D:\chen\Core\FirmWare_CT\LLJ_CS_CONTROL\device.c
                    W2550   0x002b52    program     extern D:\chen\Core\FirmWare_CT\LLJ_CS_CONTROL\device.c
                RecAD8343   0x002b82    program     extern D:\chen\Core\FirmWare_CT\LLJ_CS_CONTROL\device.c
          ___for_lbl00263   0x002b9a    program     static                          
           ___if_lbl00262   0x002bd6    program     static                          
          ___for_lbl00260   0x002bd8    program     static                          
          ___for_lbl00261   0x002bdc    program     static                          
       ___return_lbl00259   0x002bf4    program     static                          
              WriteAD8343   0x002c0c    program     extern D:\chen\Core\FirmWare_CT\LLJ_CS_CONTROL\device.c
         ___else_lbl00266   0x002c20    program     static                          
           ___if_lbl00265   0x002c22    program     static                          
         ___else_lbl00268   0x002c38    program     static                          
           ___if_lbl00267   0x002c3a    program     static                          
         ___else_lbl00270   0x002c52    program     static                          
           ___if_lbl00269   0x002c54    program     static                          
         ___else_lbl00272   0x002c6c    program     static                          
           ___if_lbl00271   0x002c6e    program     static                          
         ___else_lbl00274   0x002c84    program     static                          
           ___if_lbl00273   0x002c86    program     static                          
         ___else_lbl00276   0x002c9e    program     static                          
           ___if_lbl00275   0x002ca0    program     static                          
         ___else_lbl00278   0x002cb8    program     static                          
           ___if_lbl00277   0x002cba    program     static                          
         ___else_lbl00280   0x002cd2    program     static                          
           ___if_lbl00279   0x002cd4    program     static                          
       ___return_lbl00264   0x002ce2    program     static                          
              resetAD8343   0x002cea    program     extern D:\chen\Core\FirmWare_CT\LLJ_CS_CONTROL\device.c
       ___return_lbl00281   0x002d34    program     static                          
             PreAD8343_P1   0x002d36    program     extern D:\chen\Core\FirmWare_CT\LLJ_CS_CONTROL\device.c
       ___return_lbl00282   0x002d56    program     static                          
             PreAD8343_T1   0x002d58    program     extern D:\chen\Core\FirmWare_CT\LLJ_CS_CONTROL\device.c
       ___return_lbl00283   0x002d78    program     static                          
          ReadAD8343_16P1   0x002d7a    program     extern D:\chen\Core\FirmWare_CT\LLJ_CS_CONTROL\device.c
          ___for_lbl00287   0x002da8    program     static                          
          ___for_lbl00285   0x002dfa    program     static                          
          ___for_lbl00286   0x002dfe    program     static                          
       ___return_lbl00284   0x002e38    program     static                          
          ReadAD8343_16T1   0x002e42    program     extern D:\chen\Core\FirmWare_CT\LLJ_CS_CONTROL\device.c
          ___for_lbl00291   0x002e70    program     static                          
          ___for_lbl00289   0x002eb2    program     static                          
          ___for_lbl00290   0x002eb6    program     static                          
       ___return_lbl00288   0x002ef0    program     static                          
          ReadAD8343_16F1   0x002efa    program     extern D:\chen\Core\FirmWare_CT\LLJ_CS_CONTROL\device.c
          ___for_lbl00295   0x002f2a    program     static                          
          ___for_lbl00293   0x002fd0    program     static                          
          ___for_lbl00294   0x002fd4    program     static                          
       ___return_lbl00292   0x00300e    program     static                          
                 ReadT0_8   0x003026    program     extern D:\chen\Core\FirmWare_CT\LLJ_CS_CONTROL\device.c
                Meas_Time   0x00308c    program     extern D:\chen\Core\FirmWare_CT\LLJ_CS_CONTROL\device.c
          ReadAD8343_VBat   0x00310a    program     extern D:\chen\Core\FirmWare_CT\LLJ_CS_CONTROL\device.c
          ___for_lbl00308   0x003138    program     static                          
          ___for_lbl00306   0x00317a    program     static                          
          ___for_lbl00307   0x00317e    program     static                          
       ___return_lbl00305   0x0031b8    program     static                          
             ReadAD_MODE0   0x0031c2    program     extern D:\chen\Core\FirmWare_CT\LLJ_CS_CONTROL\device.c
             ReadAD_MODE1   0x0031d8    program     extern D:\chen\Core\FirmWare_CT\LLJ_CS_CONTROL\device.c
             ReadAD_MODE2   0x0031ee    program     extern D:\chen\Core\FirmWare_CT\LLJ_CS_CONTROL\device.c
             ReadAD_MODE8   0x003204    program     extern D:\chen\Core\FirmWare_CT\LLJ_CS_CONTROL\device.c
              Sample_save   0x00322e    program     extern D:\chen\Core\FirmWare_CT\LLJ_CS_CONTROL\device.c
            Sleep_forever   0x003730    program     extern D:\chen\Core\FirmWare_CT\LLJ_CS_CONTROL\device.c
       ___return_lbl00340   0x00373c    program     static                          
           RX_TMIE1_inter   0x00373e    program     extern D:\chen\Core\FirmWare_CT\LLJ_CS_CONTROL\main.c
          ___for_lbl00004   0x003764    program     static                          
          ___for_lbl00002   0x00376c    program     static                          
          ___for_lbl00003   0x003772    program     static                          
           ___if_lbl00005   0x003780    program     static                          
           ___if_lbl00006   0x00378a    program     static                          
       ___return_lbl00001   0x00378a    program     static                          
                    Debug   0x003792    program     extern D:\chen\Core\FirmWare_CT\LLJ_CS_CONTROL\main.c
                     main   0x003a1e    program     extern D:\chen\Core\FirmWare_CT\LLJ_CS_CONTROL\main.c
           ___if_lbl00021   0x003aa4    program     static                          
           ___if_lbl00023   0x003af0    program     static                          
           ___if_lbl00022   0x003af0    program     static                          
         ___else_lbl00025   0x003b08    program     static                          
           ___if_lbl00024   0x003b0a    program     static                          
        ___while_lbl00026   0x003b0a    program     static                          
       ___return_lbl00020   0x003b0c    program     static                          
        ___while_lbl00027   0x003b0c    program     static                          
                 Ini_port   0x003b16    program     extern D:\chen\Core\FirmWare_CT\LLJ_CS_CONTROL\main.c
                Open_avdd   0x003b5c    program     extern D:\chen\Core\FirmWare_CT\LLJ_CS_CONTROL\main.c
               Close_avdd   0x003b86    program     extern D:\chen\Core\FirmWare_CT\LLJ_CS_CONTROL\main.c
                Get_pgain   0x003ba4    program     extern D:\chen\Core\FirmWare_CT\LLJ_CS_CONTROL\main.c
                 Com_mode   0x003c4a    program     extern D:\chen\Core\FirmWare_CT\LLJ_CS_CONTROL\main.c
                Test_mode   0x003e12    program     extern D:\chen\Core\FirmWare_CT\LLJ_CS_CONTROL\main.c
               Test0_mode   0x004266    program     extern D:\chen\Core\FirmWare_CT\LLJ_CS_CONTROL\main.c
          ___for_lbl00133   0x0042fc    program     static                          
               __tmplbl_5   0x004304    program     static                          
               __tmplbl_6   0x004320    program     static                          
               __tmplbl_4   0x004324    program     static                          
               __tmplbl_7   0x004340    program     static                          
               __tmplbl_3   0x004344    program     static                          
               __tmplbl_8   0x004402    program     static                          
         ___else_lbl00099   0x00440c    program     static                          
           ___if_lbl00098   0x004410    program     static                          
              __tmplbl_11   0x00442c    program     static                          
              __tmplbl_10   0x00442e    program     static                          
              __tmplbl_12   0x00444a    program     static                          
               __tmplbl_9   0x00444c    program     static                          
           ___do_lbl00132   0x004450    program     static                          
           ___if_lbl00101   0x004450    program     static                          
              __tmplbl_15   0x00446c    program     static                          
              __tmplbl_14   0x004470    program     static                          
              __tmplbl_16   0x00448c    program     static                          
              __tmplbl_13   0x00448e    program     static                          
        ___while_lbl00105   0x0044b0    program     static                          
              __tmplbl_17   0x0044cc    program     static                          
        ___while_lbl00106   0x0044ee    program     static                          
           ___if_lbl00107   0x004504    program     static                          
              __tmplbl_18   0x004556    program     static                          
         ___else_lbl00109   0x004560    program     static                          
        ___while_lbl00110   0x004564    program     static                          
           ___if_lbl00108   0x004564    program     static                          
        ___while_lbl00111   0x00456c    program     static                          
         ___else_lbl00131   0x00456e    program     static                          
              __tmplbl_21   0x00458a    program     static                          
              __tmplbl_20   0x00458c    program     static                          
              __tmplbl_22   0x0045a8    program     static                          
              __tmplbl_19   0x0045aa    program     static                          
              __tmplbl_23   0x00461e    program     static                          
         ___else_lbl00114   0x004628    program     static                          
           ___if_lbl00113   0x00462c    program     static                          
        ___while_lbl00115   0x00462c    program     static                          
        ___while_lbl00116   0x004634    program     static                          
         ___else_lbl00129   0x004636    program     static                          
              __tmplbl_24   0x004650    program     static                          
              __tmplbl_25   0x00469c    program     static                          
         ___else_lbl00118   0x0046a6    program     static                          
        ___while_lbl00119   0x0046aa    program     static                          
           ___if_lbl00117   0x0046aa    program     static                          
        ___while_lbl00120   0x0046b2    program     static                          
         ___else_lbl00127   0x0046b4    program     static                          
              __tmplbl_26   0x0046d0    program     static                          
              __tmplbl_27   0x00471a    program     static                          
         ___else_lbl00122   0x004724    program     static                          
           ___if_lbl00121   0x004728    program     static                          
        ___while_lbl00123   0x004728    program     static                          
           ___do_lbl00102   0x004730    program     static                          
        ___while_lbl00124   0x004730    program     static                          
           ___if_lbl00125   0x004730    program     static                          
           ___if_lbl00126   0x004730    program     static                          
           ___if_lbl00128   0x004730    program     static                          
           ___if_lbl00130   0x004730    program     static                          
           ___do_lbl00103   0x004738    program     static                          
          ___for_lbl00094   0x0047a6    program     static                          
          ___for_lbl00095   0x0047aa    program     static                          
       ___return_lbl00093   0x0047ae    program     static                          
                _do_cinit   0x0047c6    program     extern C:\MCC18\src\traditional\startup\c018i.c
                     test   0x0047e0    program     static                          
                copy_loop   0x004838    program     static                          
            copy_one_byte   0x00483e    program     static                          
             done_copying   0x00484c    program     static                          
                     done   0x004862    program     static                          
       ___return_lbl00002   0x004862    program     static                          
                 FXD2424U   0x004864    program     extern C:\MCC18\src\TRADIT~1\math\fxd2424u.c
                     loop   0x004870    program     static                          
                   _false   0x004898    program     static                          
       ___return_lbl00000   0x00489c    program     static                          
                 _startup   0x00489e    program     extern C:\MCC18\src\traditional\startup\c018i.c
                     loop   0x0048ae    program     static                          
       ___return_lbl00001   0x0048b4    program     static                          
                    REMB3   0x000000       data     extern C:\MCC18\SRC\TRADIT~1\MATH\aarg.asm
                   AARGB7   0x000000       data     extern C:\MCC18\SRC\TRADIT~1\MATH\aarg.asm
                   AARGB6   0x000001       data     extern C:\MCC18\SRC\TRADIT~1\MATH\aarg.asm
                    REMB2   0x000001       data     extern C:\MCC18\SRC\TRADIT~1\MATH\aarg.asm
                   AARGB5   0x000002       data     extern C:\MCC18\SRC\TRADIT~1\MATH\aarg.asm
                    REMB1   0x000002       data     extern C:\MCC18\SRC\TRADIT~1\MATH\aarg.asm
                   AARGB4   0x000003       data     extern C:\MCC18\SRC\TRADIT~1\MATH\aarg.asm
                    REMB0   0x000003       data     extern C:\MCC18\SRC\TRADIT~1\MATH\aarg.asm
                   AARGB3   0x000004       data     extern C:\MCC18\SRC\TRADIT~1\MATH\aarg.asm
                   AARGB2   0x000005       data     extern C:\MCC18\SRC\TRADIT~1\MATH\aarg.asm
                   AARGB1   0x000006       data     extern C:\MCC18\SRC\TRADIT~1\MATH\aarg.asm
                   AARGB0   0x000007       data     extern C:\MCC18\SRC\TRADIT~1\MATH\aarg.asm
                     AEXP   0x000008       data     extern C:\MCC18\SRC\TRADIT~1\MATH\aarg.asm
                   BARGB3   0x000009       data     extern C:\MCC18\SRC\TRADIT~1\MATH\barg.asm
                   BARGB2   0x00000a       data     extern C:\MCC18\SRC\TRADIT~1\MATH\barg.asm
                   BARGB1   0x00000b       data     extern C:\MCC18\SRC\TRADIT~1\MATH\barg.asm
                   BARGB0   0x00000c       data     extern C:\MCC18\SRC\TRADIT~1\MATH\barg.asm
                     BEXP   0x00000d       data     extern C:\MCC18\SRC\TRADIT~1\MATH\barg.asm
                     SIGN   0x00000e       data     extern C:\MCC18\SRC\TRADIT~1\MATH\cmath18.asm
              FPFLAGSbits   0x00000f       data     extern C:\MCC18\SRC\TRADIT~1\MATH\cmath18.asm
                  FPFLAGS   0x00000f       data     extern C:\MCC18\SRC\TRADIT~1\MATH\cmath18.asm
                  __tmp_0   0x000010       data     static D:\chen\Core\FirmWare_CT\LLJ_CS_CONTROL\device.c
                  __tmp_0   0x000010       data     static D:\chen\Core\FirmWare_CT\LLJ_CS_CONTROL\main.c
                  __tmp_1   0x000014       data     static D:\chen\Core\FirmWare_CT\LLJ_CS_CONTROL\main.c
                   data74   0x000060       data     extern D:\chen\Core\FirmWare_CT\LLJ_CS_CONTROL\main.c
                  T1_flag   0x0000aa       data     extern D:\chen\Core\FirmWare_CT\LLJ_CS_CONTROL\main.c
                    Pgain   0x0000ab       data     extern D:\chen\Core\FirmWare_CT\LLJ_CS_CONTROL\main.c
                     prom   0x0000ac       data     static C:\MCC18\src\traditional\startup\c018i.c
                curr_byte   0x0000af       data     static C:\MCC18\src\traditional\startup\c018i.c
               curr_entry   0x0000b1       data     static C:\MCC18\src\traditional\startup\c018i.c
                 data_ptr   0x0000b3       data     static C:\MCC18\src\traditional\startup\c018i.c
                    value   0x000100       data     extern D:\chen\Core\FirmWare_CT\LLJ_CS_CONTROL\main.c
                     para   0x000104       data     extern D:\chen\Core\FirmWare_CT\LLJ_CS_CONTROL\main.c
              valid_block   0x0001f4       data     extern D:\chen\Core\FirmWare_CT\LLJ_CS_CONTROL\main.c
                 AD_value   0x0001f6       data     extern D:\chen\Core\FirmWare_CT\LLJ_CS_CONTROL\main.c
          valid_excursion   0x0001f8       data     extern D:\chen\Core\FirmWare_CT\LLJ_CS_CONTROL\main.c
           Vbat_excursion   0x0001fa       data     extern D:\chen\Core\FirmWare_CT\LLJ_CS_CONTROL\main.c
                   Rinter   0x0001fc       data     extern D:\chen\Core\FirmWare_CT\LLJ_CS_CONTROL\main.c
                Int_dealy   0x0001fd       data     extern D:\chen\Core\FirmWare_CT\LLJ_CS_CONTROL\main.c
[...]
                 UEP9bits   0x000f79       data     extern C:\MCC18\SRC\TRADIT~1\PROC\p18f4550.asm
                UEP10bits   0x000f7a       data     extern C:\MCC18\SRC\TRADIT~1\PROC\p18f4550.asm
                    UEP10   0x000f7a       data     extern C:\MCC18\SRC\TRADIT~1\PROC\p18f4550.asm
                    UEP11   0x000f7b       data     extern C:\MCC18\SRC\TRADIT~1\PROC\p18f4550.asm
                UEP11bits   0x000f7b       data     extern C:\MCC18\SRC\TRADIT~1\PROC\p18f4550.asm
                    UEP12   0x000f7c       data     extern C:\MCC18\SRC\TRADIT~1\PROC\p18f4550.asm
                UEP12bits   0x000f7c       data     extern C:\MCC18\SRC\TRADIT~1\PROC\p18f4550.asm
                    UEP13   0x000f7d       data     extern C:\MCC18\SRC\TRADIT~1\PROC\p18f4550.asm
                UEP13bits   0x000f7d       data     extern C:\MCC18\SRC\TRADIT~1\PROC\p18f4550.asm
                UEP14bits   0x000f7e       data     extern C:\MCC18\SRC\TRADIT~1\PROC\p18f4550.asm
                    UEP14   0x000f7e       data     extern C:\MCC18\SRC\TRADIT~1\PROC\p18f4550.asm
                    UEP15   0x000f7f       data     extern C:\MCC18\SRC\TRADIT~1\PROC\p18f4550.asm
                UEP15bits   0x000f7f       data     extern C:\MCC18\SRC\TRADIT~1\PROC\p18f4550.asm
                PORTAbits   0x000f80       data     extern C:\MCC18\SRC\TRADIT~1\PROC\p18f4550.asm
                    PORTA   0x000f80       data     extern C:\MCC18\SRC\TRADIT~1\PROC\p18f4550.asm
                PORTBbits   0x000f81       data     extern C:\MCC18\SRC\TRADIT~1\PROC\p18f4550.asm
                    PORTB   0x000f81       data     extern C:\MCC18\SRC\TRADIT~1\PROC\p18f4550.asm
                PORTCbits   0x000f82       data     extern C:\MCC18\SRC\TRADIT~1\PROC\p18f4550.asm
                    PORTC   0x000f82       data     extern C:\MCC18\SRC\TRADIT~1\PROC\p18f4550.asm
                PORTDbits   0x000f83       data     extern C:\MCC18\SRC\TRADIT~1\PROC\p18f4550.asm
                    PORTD   0x000f83       data     extern C:\MCC18\SRC\TRADIT~1\PROC\p18f4550.asm
                PORTEbits   0x000f84       data     extern C:\MCC18\SRC\TRADIT~1\PROC\p18f4550.asm
                    PORTE   0x000f84       data     extern C:\MCC18\SRC\TRADIT~1\PROC\p18f4550.asm
                     LATA   0x000f89       data     extern C:\MCC18\SRC\TRADIT~1\PROC\p18f4550.asm
                 LATAbits   0x000f89       data     extern C:\MCC18\SRC\TRADIT~1\PROC\p18f4550.asm
                 LATBbits   0x000f8a       data     extern C:\MCC18\SRC\TRADIT~1\PROC\p18f4550.asm
                     LATB   0x000f8a       data     extern C:\MCC18\SRC\TRADIT~1\PROC\p18f4550.asm
                 LATCbits   0x000f8b       data     extern C:\MCC18\SRC\TRADIT~1\PROC\p18f4550.asm
                     LATC   0x000f8b       data     extern C:\MCC18\SRC\TRADIT~1\PROC\p18f4550.asm
                 LATDbits   0x000f8c       data     extern C:\MCC18\SRC\TRADIT~1\PROC\p18f4550.asm
                     LATD   0x000f8c       data     extern C:\MCC18\SRC\TRADIT~1\PROC\p18f4550.asm
                 LATEbits   0x000f8d       data     extern C:\MCC18\SRC\TRADIT~1\PROC\p18f4550.asm
                     LATE   0x000f8d       data     extern C:\MCC18\SRC\TRADIT~1\PROC\p18f4550.asm
                     DDRA   0x000f92       data     extern C:\MCC18\SRC\TRADIT~1\PROC\p18f4550.asm
                 DDRAbits   0x000f92       data     extern C:\MCC18\SRC\TRADIT~1\PROC\p18f4550.asm
                    TRISA   0x000f92       data     extern C:\MCC18\SRC\TRADIT~1\PROC\p18f4550.asm
                TRISAbits   0x000f92       data     extern C:\MCC18\SRC\TRADIT~1\PROC\p18f4550.asm
                     DDRB   0x000f93       data     extern C:\MCC18\SRC\TRADIT~1\PROC\p18f4550.asm
                TRISBbits   0x000f93       data     extern C:\MCC18\SRC\TRADIT~1\PROC\p18f4550.asm
                 DDRBbits   0x000f93       data     extern C:\MCC18\SRC\TRADIT~1\PROC\p18f4550.asm
                    TRISB   0x000f93       data     extern C:\MCC18\SRC\TRADIT~1\PROC\p18f4550.asm
                    TRISC   0x000f94       data     extern C:\MCC18\SRC\TRADIT~1\PROC\p18f4550.asm
                TRISCbits   0x000f94       data     extern C:\MCC18\SRC\TRADIT~1\PROC\p18f4550.asm
                 DDRCbits   0x000f94       data     extern C:\MCC18\SRC\TRADIT~1\PROC\p18f4550.asm
                     DDRC   0x000f94       data     extern C:\MCC18\SRC\TRADIT~1\PROC\p18f4550.asm
                 DDRDbits   0x000f95       data     extern C:\MCC18\SRC\TRADIT~1\PROC\p18f4550.asm
                     DDRD   0x000f95       data     extern C:\MCC18\SRC\TRADIT~1\PROC\p18f4550.asm
                    TRISD   0x000f95       data     extern C:\MCC18\SRC\TRADIT~1\PROC\p18f4550.asm
                TRISDbits   0x000f95       data     extern C:\MCC18\SRC\TRADIT~1\PROC\p18f4550.asm
                 DDREbits   0x000f96       data     extern C:\MCC18\SRC\TRADIT~1\PROC\p18f4550.asm
                     DDRE   0x000f96       data     extern C:\MCC18\SRC\TRADIT~1\PROC\p18f4550.asm
                    TRISE   0x000f96       data     extern C:\MCC18\SRC\TRADIT~1\PROC\p18f4550.asm
                TRISEbits   0x000f96       data     extern C:\MCC18\SRC\TRADIT~1\PROC\p18f4550.asm
                  OSCTUNE   0x000f9b       data     extern C:\MCC18\SRC\TRADIT~1\PROC\p18f4550.asm
              OSCTUNEbits   0x000f9b       data     extern C:\MCC18\SRC\TRADIT~1\PROC\p18f4550.asm
                     PIE1   0x000f9d       data     extern C:\MCC18\SRC\TRADIT~1\PROC\p18f4550.asm
                 PIE1bits   0x000f9d       data     extern C:\MCC18\SRC\TRADIT~1\PROC\p18f4550.asm
                 PIR1bits   0x000f9e       data     extern C:\MCC18\SRC\TRADIT~1\PROC\p18f4550.asm
                     PIR1   0x000f9e       data     extern C:\MCC18\SRC\TRADIT~1\PROC\p18f4550.asm
                 IPR1bits   0x000f9f       data     extern C:\MCC18\SRC\TRADIT~1\PROC\p18f4550.asm
                     IPR1   0x000f9f       data     extern C:\MCC18\SRC\TRADIT~1\PROC\p18f4550.asm
                     PIE2   0x000fa0       data     extern C:\MCC18\SRC\TRADIT~1\PROC\p18f4550.asm
                 PIE2bits   0x000fa0       data     extern C:\MCC18\SRC\TRADIT~1\PROC\p18f4550.asm
                     PIR2   0x000fa1       data     extern C:\MCC18\SRC\TRADIT~1\PROC\p18f4550.asm
                 PIR2bits   0x000fa1       data     extern C:\MCC18\SRC\TRADIT~1\PROC\p18f4550.asm
                 IPR2bits   0x000fa2       data     extern C:\MCC18\SRC\TRADIT~1\PROC\p18f4550.asm
                     IPR2   0x000fa2       data     extern C:\MCC18\SRC\TRADIT~1\PROC\p18f4550.asm
               EECON1bits   0x000fa6       data     extern C:\MCC18\SRC\TRADIT~1\PROC\p18f4550.asm
                   EECON1   0x000fa6       data     extern C:\MCC18\SRC\TRADIT~1\PROC\p18f4550.asm
                   EECON2   0x000fa7       data     extern C:\MCC18\SRC\TRADIT~1\PROC\p18f4550.asm
                   EEDATA   0x000fa8       data     extern C:\MCC18\SRC\TRADIT~1\PROC\p18f4550.asm
                    EEADR   0x000fa9       data     extern C:\MCC18\SRC\TRADIT~1\PROC\p18f4550.asm
                RCSTAbits   0x000fab       data     extern C:\MCC18\SRC\TRADIT~1\PROC\p18f4550.asm
                    RCSTA   0x000fab       data     extern C:\MCC18\SRC\TRADIT~1\PROC\p18f4550.asm
                TXSTAbits   0x000fac       data     extern C:\MCC18\SRC\TRADIT~1\PROC\p18f4550.asm
                    TXSTA   0x000fac       data     extern C:\MCC18\SRC\TRADIT~1\PROC\p18f4550.asm
                    TXREG   0x000fad       data     extern C:\MCC18\SRC\TRADIT~1\PROC\p18f4550.asm
                    RCREG   0x000fae       data     extern C:\MCC18\SRC\TRADIT~1\PROC\p18f4550.asm
                    SPBRG   0x000faf       data     extern C:\MCC18\SRC\TRADIT~1\PROC\p18f4550.asm
                   SPBRGH   0x000fb0       data     extern C:\MCC18\SRC\TRADIT~1\PROC\p18f4550.asm
                T3CONbits   0x000fb1       data     extern C:\MCC18\SRC\TRADIT~1\PROC\p18f4550.asm
                    T3CON   0x000fb1       data     extern C:\MCC18\SRC\TRADIT~1\PROC\p18f4550.asm
                    TMR3L   0x000fb2       data     extern C:\MCC18\SRC\TRADIT~1\PROC\p18f4550.asm
                    TMR3H   0x000fb3       data     extern C:\MCC18\SRC\TRADIT~1\PROC\p18f4550.asm
                CMCONbits   0x000fb4       data     extern C:\MCC18\SRC\TRADIT~1\PROC\p18f4550.asm
                    CMCON   0x000fb4       data     extern C:\MCC18\SRC\TRADIT~1\PROC\p18f4550.asm
               CVRCONbits   0x000fb5       data     extern C:\MCC18\SRC\TRADIT~1\PROC\p18f4550.asm
                   CVRCON   0x000fb5       data     extern C:\MCC18\SRC\TRADIT~1\PROC\p18f4550.asm
              ECCP1ASbits   0x000fb6       data     extern C:\MCC18\SRC\TRADIT~1\PROC\p18f4550.asm
                  ECCP1AS   0x000fb6       data     extern C:\MCC18\SRC\TRADIT~1\PROC\p18f4550.asm
               CCP1ASbits   0x000fb6       data     extern C:\MCC18\SRC\TRADIT~1\PROC\p18f4550.asm
                   CCP1AS   0x000fb6       data     extern C:\MCC18\SRC\TRADIT~1\PROC\p18f4550.asm
             ECCP1DELbits   0x000fb7       data     extern C:\MCC18\SRC\TRADIT~1\PROC\p18f4550.asm
                 ECCP1DEL   0x000fb7       data     extern C:\MCC18\SRC\TRADIT~1\PROC\p18f4550.asm
                  CCP1DEL   0x000fb7       data     extern C:\MCC18\SRC\TRADIT~1\PROC\p18f4550.asm
              CCP1DELbits   0x000fb7       data     extern C:\MCC18\SRC\TRADIT~1\PROC\p18f4550.asm
                  BAUDCON   0x000fb8       data     extern C:\MCC18\SRC\TRADIT~1\PROC\p18f4550.asm
              BAUDCONbits   0x000fb8       data     extern C:\MCC18\SRC\TRADIT~1\PROC\p18f4550.asm
                  CCP2CON   0x000fba       data     extern C:\MCC18\SRC\TRADIT~1\PROC\p18f4550.asm
              CCP2CONbits   0x000fba       data     extern C:\MCC18\SRC\TRADIT~1\PROC\p18f4550.asm
                   CCPR2L   0x000fbb       data     extern C:\MCC18\SRC\TRADIT~1\PROC\p18f4550.asm
                    CCPR2   0x000fbb       data     extern C:\MCC18\SRC\TRADIT~1\PROC\p18f4550.asm
                   CCPR2H   0x000fbc       data     extern C:\MCC18\SRC\TRADIT~1\PROC\p18f4550.asm
              CCP1CONbits   0x000fbd       data     extern C:\MCC18\SRC\TRADIT~1\PROC\p18f4550.asm
             ECCP1CONbits   0x000fbd       data     extern C:\MCC18\SRC\TRADIT~1\PROC\p18f4550.asm
                 ECCP1CON   0x000fbd       data     extern C:\MCC18\SRC\TRADIT~1\PROC\p18f4550.asm
                  CCP1CON   0x000fbd       data     extern C:\MCC18\SRC\TRADIT~1\PROC\p18f4550.asm
                    CCPR1   0x000fbe       data     extern C:\MCC18\SRC\TRADIT~1\PROC\p18f4550.asm
                   CCPR1L   0x000fbe       data     extern C:\MCC18\SRC\TRADIT~1\PROC\p18f4550.asm
                   CCPR1H   0x000fbf       data     extern C:\MCC18\SRC\TRADIT~1\PROC\p18f4550.asm
               ADCON2bits   0x000fc0       data     extern C:\MCC18\SRC\TRADIT~1\PROC\p18f4550.asm
                   ADCON2   0x000fc0       data     extern C:\MCC18\SRC\TRADIT~1\PROC\p18f4550.asm
               ADCON1bits   0x000fc1       data     extern C:\MCC18\SRC\TRADIT~1\PROC\p18f4550.asm
                   ADCON1   0x000fc1       data     extern C:\MCC18\SRC\TRADIT~1\PROC\p18f4550.asm
                   ADCON0   0x000fc2       data     extern C:\MCC18\SRC\TRADIT~1\PROC\p18f4550.asm
               ADCON0bits   0x000fc2       data     extern C:\MCC18\SRC\TRADIT~1\PROC\p18f4550.asm
                   ADRESL   0x000fc3       data     extern C:\MCC18\SRC\TRADIT~1\PROC\p18f4550.asm
                    ADRES   0x000fc3       data     extern C:\MCC18\SRC\TRADIT~1\PROC\p18f4550.asm
                   ADRESH   0x000fc4       data     extern C:\MCC18\SRC\TRADIT~1\PROC\p18f4550.asm
              SSPCON2bits   0x000fc5       data     extern C:\MCC18\SRC\TRADIT~1\PROC\p18f4550.asm
                  SSPCON2   0x000fc5       data     extern C:\MCC18\SRC\TRADIT~1\PROC\p18f4550.asm
              SSPCON1bits   0x000fc6       data     extern C:\MCC18\SRC\TRADIT~1\PROC\p18f4550.asm
                  SSPCON1   0x000fc6       data     extern C:\MCC18\SRC\TRADIT~1\PROC\p18f4550.asm
              SSPSTATbits   0x000fc7       data     extern C:\MCC18\SRC\TRADIT~1\PROC\p18f4550.asm
                  SSPSTAT   0x000fc7       data     extern C:\MCC18\SRC\TRADIT~1\PROC\p18f4550.asm
                   SSPADD   0x000fc8       data     extern C:\MCC18\SRC\TRADIT~1\PROC\p18f4550.asm
                   SSPBUF   0x000fc9       data     extern C:\MCC18\SRC\TRADIT~1\PROC\p18f4550.asm
                    T2CON   0x000fca       data     extern C:\MCC18\SRC\TRADIT~1\PROC\p18f4550.asm
                T2CONbits   0x000fca       data     extern C:\MCC18\SRC\TRADIT~1\PROC\p18f4550.asm
                      PR2   0x000fcb       data     extern C:\MCC18\SRC\TRADIT~1\PROC\p18f4550.asm
                     TMR2   0x000fcc       data     extern C:\MCC18\SRC\TRADIT~1\PROC\p18f4550.asm
                T1CONbits   0x000fcd       data     extern C:\MCC18\SRC\TRADIT~1\PROC\p18f4550.asm
                    T1CON   0x000fcd       data     extern C:\MCC18\SRC\TRADIT~1\PROC\p18f4550.asm
                    TMR1L   0x000fce       data     extern C:\MCC18\SRC\TRADIT~1\PROC\p18f4550.asm
                    TMR1H   0x000fcf       data     extern C:\MCC18\SRC\TRADIT~1\PROC\p18f4550.asm
                 RCONbits   0x000fd0       data     extern C:\MCC18\SRC\TRADIT~1\PROC\p18f4550.asm
                     RCON   0x000fd0       data     extern C:\MCC18\SRC\TRADIT~1\PROC\p18f4550.asm
                   WDTCON   0x000fd1       data     extern C:\MCC18\SRC\TRADIT~1\PROC\p18f4550.asm
               WDTCONbits   0x000fd1       data     extern C:\MCC18\SRC\TRADIT~1\PROC\p18f4550.asm
                  HLVDCON   0x000fd2       data     extern C:\MCC18\SRC\TRADIT~1\PROC\p18f4550.asm
              HLVDCONbits   0x000fd2       data     extern C:\MCC18\SRC\TRADIT~1\PROC\p18f4550.asm
                   LVDCON   0x000fd2       data     extern C:\MCC18\SRC\TRADIT~1\PROC\p18f4550.asm
               LVDCONbits   0x000fd2       data     extern C:\MCC18\SRC\TRADIT~1\PROC\p18f4550.asm
                   OSCCON   0x000fd3       data     extern C:\MCC18\SRC\TRADIT~1\PROC\p18f4550.asm
               OSCCONbits   0x000fd3       data     extern C:\MCC18\SRC\TRADIT~1\PROC\p18f4550.asm
                    T0CON   0x000fd5       data     extern C:\MCC18\SRC\TRADIT~1\PROC\p18f4550.asm
                T0CONbits   0x000fd5       data     extern C:\MCC18\SRC\TRADIT~1\PROC\p18f4550.asm
                    TMR0L   0x000fd6       data     extern C:\MCC18\SRC\TRADIT~1\PROC\p18f4550.asm
                    TMR0H   0x000fd7       data     extern C:\MCC18\SRC\TRADIT~1\PROC\p18f4550.asm
               STATUSbits   0x000fd8       data     extern C:\MCC18\SRC\TRADIT~1\PROC\p18f4550.asm
                   STATUS   0x000fd8       data     extern C:\MCC18\SRC\TRADIT~1\PROC\p18f4550.asm
                    FSR2L   0x000fd9       data     extern C:\MCC18\SRC\TRADIT~1\PROC\p18f4550.asm
                     FSR2   0x000fd9       data     extern C:\MCC18\SRC\TRADIT~1\PROC\p18f4550.asm
                    FSR2H   0x000fda       data     extern C:\MCC18\SRC\TRADIT~1\PROC\p18f4550.asm
                   PLUSW2   0x000fdb       data     extern C:\MCC18\SRC\TRADIT~1\PROC\p18f4550.asm
                  PREINC2   0x000fdc       data     extern C:\MCC18\SRC\TRADIT~1\PROC\p18f4550.asm
                 POSTDEC2   0x000fdd       data     extern C:\MCC18\SRC\TRADIT~1\PROC\p18f4550.asm
                 POSTINC2   0x000fde       data     extern C:\MCC18\SRC\TRADIT~1\PROC\p18f4550.asm
                    INDF2   0x000fdf       data     extern C:\MCC18\SRC\TRADIT~1\PROC\p18f4550.asm
                      BSR   0x000fe0       data     extern C:\MCC18\SRC\TRADIT~1\PROC\p18f4550.asm
                    FSR1L   0x000fe1       data     extern C:\MCC18\SRC\TRADIT~1\PROC\p18f4550.asm
                     FSR1   0x000fe1       data     extern C:\MCC18\SRC\TRADIT~1\PROC\p18f4550.asm
                    FSR1H   0x000fe2       data     extern C:\MCC18\SRC\TRADIT~1\PROC\p18f4550.asm
                   PLUSW1   0x000fe3       data     extern C:\MCC18\SRC\TRADIT~1\PROC\p18f4550.asm
                  PREINC1   0x000fe4       data     extern C:\MCC18\SRC\TRADIT~1\PROC\p18f4550.asm
                 POSTDEC1   0x000fe5       data     extern C:\MCC18\SRC\TRADIT~1\PROC\p18f4550.asm
                 POSTINC1   0x000fe6       data     extern C:\MCC18\SRC\TRADIT~1\PROC\p18f4550.asm
                    INDF1   0x000fe7       data     extern C:\MCC18\SRC\TRADIT~1\PROC\p18f4550.asm
                     WREG   0x000fe8       data     extern C:\MCC18\SRC\TRADIT~1\PROC\p18f4550.asm
                    FSR0L   0x000fe9       data     extern C:\MCC18\SRC\TRADIT~1\PROC\p18f4550.asm
                     FSR0   0x000fe9       data     extern C:\MCC18\SRC\TRADIT~1\PROC\p18f4550.asm
                    FSR0H   0x000fea       data     extern C:\MCC18\SRC\TRADIT~1\PROC\p18f4550.asm
                   PLUSW0   0x000feb       data     extern C:\MCC18\SRC\TRADIT~1\PROC\p18f4550.asm
                  PREINC0   0x000fec       data     extern C:\MCC18\SRC\TRADIT~1\PROC\p18f4550.asm
                 POSTDEC0   0x000fed       data     extern C:\MCC18\SRC\TRADIT~1\PROC\p18f4550.asm
                 POSTINC0   0x000fee       data     extern C:\MCC18\SRC\TRADIT~1\PROC\p18f4550.asm
                    INDF0   0x000fef       data     extern C:\MCC18\SRC\TRADIT~1\PROC\p18f4550.asm
                  INTCON3   0x000ff0       data     extern C:\MCC18\SRC\TRADIT~1\PROC\p18f4550.asm
              INTCON3bits   0x000ff0       data     extern C:\MCC18\SRC\TRADIT~1\PROC\p18f4550.asm
              INTCON2bits   0x000ff1       data     extern C:\MCC18\SRC\TRADIT~1\PROC\p18f4550.asm
                  INTCON2   0x000ff1       data     extern C:\MCC18\SRC\TRADIT~1\PROC\p18f4550.asm
                   INTCON   0x000ff2       data     extern C:\MCC18\SRC\TRADIT~1\PROC\p18f4550.asm
               INTCONbits   0x000ff2       data     extern C:\MCC18\SRC\TRADIT~1\PROC\p18f4550.asm
                     PROD   0x000ff3       data     extern C:\MCC18\SRC\TRADIT~1\PROC\p18f4550.asm
                    PRODL   0x000ff3       data     extern C:\MCC18\SRC\TRADIT~1\PROC\p18f4550.asm
                    PRODH   0x000ff4       data     extern C:\MCC18\SRC\TRADIT~1\PROC\p18f4550.asm
                   TABLAT   0x000ff5       data     extern C:\MCC18\SRC\TRADIT~1\PROC\p18f4550.asm
                   TBLPTR   0x000ff6       data     extern C:\MCC18\SRC\TRADIT~1\PROC\p18f4550.asm
                  TBLPTRL   0x000ff6       data     extern C:\MCC18\SRC\TRADIT~1\PROC\p18f4550.asm
                  TBLPTRH   0x000ff7       data     extern C:\MCC18\SRC\TRADIT~1\PROC\p18f4550.asm
                  TBLPTRU   0x000ff8       data     extern C:\MCC18\SRC\TRADIT~1\PROC\p18f4550.asm
                       PC   0x000ff9       data     extern C:\MCC18\SRC\TRADIT~1\PROC\p18f4550.asm
                      PCL   0x000ff9       data     extern C:\MCC18\SRC\TRADIT~1\PROC\p18f4550.asm
                   PCLATH   0x000ffa       data     extern C:\MCC18\SRC\TRADIT~1\PROC\p18f4550.asm
                   PCLATU   0x000ffb       data     extern C:\MCC18\SRC\TRADIT~1\PROC\p18f4550.asm
                   STKPTR   0x000ffc       data     extern C:\MCC18\SRC\TRADIT~1\PROC\p18f4550.asm
               STKPTRbits   0x000ffc       data     extern C:\MCC18\SRC\TRADIT~1\PROC\p18f4550.asm
                      TOS   0x000ffd       data     extern C:\MCC18\SRC\TRADIT~1\PROC\p18f4550.asm
                     TOSL   0x000ffd       data     extern C:\MCC18\SRC\TRADIT~1\PROC\p18f4550.asm
                     TOSH   0x000ffe       data     extern C:\MCC18\SRC\TRADIT~1\PROC\p18f4550.asm
                     TOSU   0x000fff       data     extern C:\MCC18\SRC\TRADIT~1\PROC\p18f4550.asm


